<html>
<body>
<pre>
<h1>礦ision Build Log</h1>
<h2>Tool Versions:</h2>
IDE-Version: μVision V5.30.0.0
Copyright (C) 2020 ARM Ltd and ARM Germany GmbH. All rights reserved.
License Information: yalin 植物世界, d, LIC=2TTQ1-CGM48-GQH0H-WIIA9-5WIZY-XI2VG
 
Tool Versions:
Toolchain:       MDK-ARM Professional  Version: 5.30.0.0
Toolchain Path:  G:\Keil530\core\ARM\ARMCC\Bin
C Compiler:      Armcc.exe V5.06 update 6 (build 750)
Assembler:       Armasm.exe V5.06 update 6 (build 750)
Linker/Locator:  ArmLink.exe V5.06 update 6 (build 750)
Library Manager: ArmAr.exe V5.06 update 6 (build 750)
Hex Converter:   FromElf.exe V5.06 update 6 (build 750)
CPU DLL:         SARMCM3.DLL V5.30.0.0
Dialog DLL:      DCM.DLL V1.17.3.0
Target DLL:      Segger\JL2CM3.dll V2.99.38.0
Dialog DLL:      TCM.DLL V1.42.0.0
 
<h2>Project:</h2>
G:\中国海洋大学\竞赛\电赛\t265调参版本7.25\ProjectSTM32F407\ANO_LX_STM32F407.uvprojx
Project File Date:  07/30/2023

<h2>Output:</h2>
*** Using Compiler 'V5.06 update 6 (build 750)', folder: 'G:\Keil530\core\ARM\ARMCC\Bin'
Rebuild target 'Ano_LX'
compiling main.c...
compiling ANO_DT_LX.c...
compiling LX_FC_EXT_Sensor.c...
compiling LX_FC_Fun.c...
compiling User_Task.c...
..\FcSrc\User_Task.c(25): warning:  #177-D: variable "place"  was declared but never referenced
  		static u8 place=0;
..\FcSrc\User_Task.c(19): warning:  #177-D: variable "work_place"  was declared but never referenced
  static s16 work_place[28][2]={{183,-60},{222,-60},{223,-99},{184,-99},{181,-145},{223,-145},{224,-189},{224,-226},{224,-267},{223,-308},{183,-308},
..\FcSrc\User_Task.c: 2 warnings, 0 errors
compiling Ano_Scheduler.c...
compiling Fly_Task.c...
compiling ANO_LX.c...
compiling info.c...
..\FcSrc\info.c(12): warning:  #1-D: last line of file ends without a newline
   
..\FcSrc\info.c: 1 warning, 0 errors
compiling T265_Sensor.c...
compiling LX_FC_State.c...
compiling DrvServo.c...
compiling Drv_BSP.c...
compiling Drv_AnoOf.c...
compiling Ano_Math.c...
compiling Drv_UbloxGPS.c...
compiling PID.c...
compiling Expansion_board_RXSD.c...
compiling stm32f4xx_it.c...
compiling Drv_adc.c...
compiling Drv_Sys.c...
compiling Openmv_Sensor.c...
assembling startup_stm32f4xx.s...
compiling Drv_led.c...
compiling Drv_PwmOut.c...
compiling Drv_Timer.c...
compiling Drv_RcIn.c...
compiling system_stm32f4xx.c...
compiling Drv_Uart.c...
compiling misc.c...
compiling stm32f4xx_exti.c...
compiling stm32f4xx_flash.c...
compiling stm32f4xx_adc.c...
compiling stm32f4xx_dma.c...
compiling stm32f4xx_gpio.c...
compiling stm32f4xx_rcc.c...
compiling stm32f4xx_spi.c...
compiling stm32f4xx_usart.c...
compiling stm32f4xx_tim.c...
linking...
Program Size: Code=53204 RO-data=2112 RW-data=360 ZI-data=7232  
FromELF: creating hex file...
After Build - User command #1: fromelf.exe --bin -o ./ANO-LX.bin ./build/Ano_LX.axf
".\build\ANO_LX.axf" - 0 Error(s), 3 Warning(s).

<h2>Software Packages used:</h2>

Package Vendor: Keil
                http://www.keil.com/pack/Keil.STM32F4xx_DFP.2.2.0.pack
                Keil.STM32F4xx_DFP.2.2.0
                STMicroelectronics STM32F4 Series Device Support, Drivers and Examples

<h2>Collection of Component include folders:</h2>
  .\RTE\_Ano_LX
  G:\Keil530\Pack\Keil\STM32F4xx_DFP\2.2.0\Drivers\CMSIS\Device\ST\STM32F4xx\Include

<h2>Collection of Component Files used:</h2>
Build Time Elapsed:  00:00:04
</pre>
</body>
</html>
