<html>
<body>
<pre>
<h1>µVision Build Log</h1>
<h2>Tool Versions:</h2>
IDE-Version: ¦ÌVision V5.25.3.0
Copyright (C) 2018 ARM Ltd and ARM Germany GmbH. All rights reserved.
License Information: 1 1, 1, LIC=VGXG8-3DQLU-CX7U6-D4BNF-HKEDK-YXBBH
 
Tool Versions:
Toolchain:       MDK-ARM Plus  Version: 5.24.1
Toolchain Path:  C:\Keil_v5\ARM\ARMCC\Bin
C Compiler:      Armcc.exe V5.06 update 5 (build 528)
Assembler:       Armasm.exe V5.06 update 5 (build 528)
Linker/Locator:  ArmLink.exe V5.06 update 5 (build 528)
Library Manager: ArmAr.exe V5.06 update 5 (build 528)
Hex Converter:   FromElf.exe V5.06 update 5 (build 528)
CPU DLL:         SARMCM3.DLL V5.24.1
Dialog DLL:      DCM.DLL V1.16.0.0
Target DLL:      CMSIS_AGDI.dll V1.28.3.0
Dialog DLL:      TCM.DLL V1.32.0.0
 
<h2>Project:</h2>
E:\QQFile\2023ÄêµçÈü\ProjectSTM32F407\ANO_LX_STM32F407.uvprojx
Project File Date:  08/04/2023

<h2>Output:</h2>
*** Using Compiler 'V5.06 update 5 (build 528)', folder: 'C:\Keil_v5\ARM\ARMCC\Bin'
Rebuild target 'Ano_LX'
compiling timer.c...
compiling DataScope_DP.C...
compiling main.c...
compiling Ano_Scheduler.c...
compiling ANO_LX.c...
compiling ANO_DT_LX.c...
compiling Ano_Math.c...
compiling LX_FC_EXT_Sensor.c...
compiling Drv_AnoOf.c...
compiling Drv_BSP.c...
compiling Drv_UbloxGPS.c...
compiling LX_FC_State.c...
compiling LX_FC_Fun.c...
compiling stm32f4xx_it.c...
compiling Drv_Sys.c...
compiling User_Task.c...
compiling Drv_adc.c...
compiling Drv_led.c...
assembling startup_stm32f4xx.s...
compiling Drv_PwmOut.c...
compiling Drv_RcIn.c...
compiling Drv_Timer.c...
compiling I2C_Init.c...
compiling Drv_Uart.c...
compiling task_call.c...
compiling system_stm32f4xx.c...
compiling ks103.c...
compiling misc.c...
compiling stm32f4xx_exti.c...
compiling stm32f4xx_adc.c...
compiling stm32f4xx_gpio.c...
compiling stm32f4xx_flash.c...
compiling stm32f4xx_dma.c...
compiling stm32f4xx_rcc.c...
compiling stm32f4xx_spi.c...
compiling stm32f4xx_usart.c...
compiling stm32f4xx_tim.c...
linking...
Program Size: Code=71572 RO-data=2320 RW-data=1180 ZI-data=6500  
FromELF: creating hex file...
After Build - User command #1: fromelf.exe --bin -o ./ANO-LX.bin ./build/Ano_LX.axf
".\build\ANO_LX.axf" - 0 Error(s), 0 Warning(s).

<h2>Software Packages used:</h2>

Package Vendor: Keil
                https://www.keil.com/pack/Keil.STM32F4xx_DFP.2.17.1.pack
                Keil.STM32F4xx_DFP.2.17.1
                STMicroelectronics STM32F4 Series Device Support, Drivers and Examples

<h2>Collection of Component include folders:</h2>
  .\RTE\_Ano_LX
  C:\Keil_v5\ARM\PACK\Keil\STM32F4xx_DFP\2.17.1\Drivers\CMSIS\Device\ST\STM32F4xx\Include

<h2>Collection of Component Files used:</h2>
Build Time Elapsed:  00:00:03
</pre>
</body>
</html>
