<html>
<body>
<pre>
<h1>礦ision Build Log</h1>
<h2>Tool Versions:</h2>
IDE-Version: μVision V5.30.0.0
Copyright (C) 2020 ARM Ltd and ARM Germany GmbH. All rights reserved.
License Information: yalin 植物世界, d, LIC=2TTQ1-CGM48-GQH0H-WIIA9-5WIZY-XI2VG
 
Tool Versions:
Toolchain:       MDK-ARM Professional  Version: 5.30.0.0
Toolchain Path:  G:\Keil530\core\ARM\ARMCC\Bin
C Compiler:      Armcc.exe V5.06 update 6 (build 750)
Assembler:       Armasm.exe V5.06 update 6 (build 750)
Linker/Locator:  ArmLink.exe V5.06 update 6 (build 750)
Library Manager: ArmAr.exe V5.06 update 6 (build 750)
Hex Converter:   FromElf.exe V5.06 update 6 (build 750)
CPU DLL:         SARMCM3.DLL V5.30.0.0
Dialog DLL:      DCM.DLL V1.17.3.0
Target DLL:      STLink\ST-LINKIII-KEIL_SWO.dll V3.0.7.0
Dialog DLL:      TCM.DLL V1.42.0.0
 
<h2>Project:</h2>
G:\中国海洋大学\竞赛\电赛\盲走小车\MDK\Project.uvprojx
Project File Date:  08/07/2023

<h2>Output:</h2>
*** Using Compiler 'V5.06 update 6 (build 750)', folder: 'G:\Keil530\core\ARM\ARMCC\Bin'
Rebuild target 'Project'
compiling wit_c_sdk.c...
assembling startup_stm32f10x_hd.s...
compiling stm32f10x_gpio.c...
compiling UART2.c...
compiling stm32f10x_it.c...
compiling misc.c...
compiling stm32f10x_rcc.c...
compiling system_stm32f10x.c...
compiling UART1.c...
..\Source\Drive\UART1.c(62): warning:  #177-D: variable "ucTemp"  was declared but never referenced
  	unsigned char ucTemp;
..\Source\Drive\UART1.c: 1 warning, 0 errors
compiling stm32f10x_usart.c...
compiling delay.c...
compiling Main.c...
..\Source\APP\Main.c(173): warning:  #177-D: function "ShowHelp"  was declared but never referenced
  static void ShowHelp(void)
..\Source\APP\Main.c: 1 warning, 0 errors
compiling stm32f10x_pwr.c...
compiling Keyboard.c...
compiling LX_DT.c...
compiling pwm.c...
compiling moto.c...
compiling Pid.c...
compiling sys.c...
compiling Oled.c...
compiling Timer.c...
Moving\Timer.c(145): warning:  #111-D: statement is unreachable
  			break;
Moving\Timer.c: 1 warning, 0 errors
compiling USART.c...
Moving\USART.c(294): warning:  #550-D: variable "res"  was set but never used
  	u8 res;
Moving\USART.c: 1 warning, 0 errors
compiling stm32f10x_tim.c...
linking...
Program Size: Code=16744 RO-data=7320 RW-data=120 ZI-data=3008  
FromELF: creating hex file...
".\Obj\Project.axf" - 0 Error(s), 4 Warning(s).

<h2>Software Packages used:</h2>

Package Vendor: ARM
                http://www.keil.com/pack/ARM.CMSIS.5.7.0.pack
                ARM.CMSIS.5.7.0
                CMSIS (Cortex Microcontroller Software Interface Standard)
   * Component: CORE Version: 5.4.0

Package Vendor: Keil
                http://www.keil.com/pack/Keil.STM32F1xx_DFP.1.0.5.pack
                Keil.STM32F1xx_DFP.1.0.5
                STMicroelectronics STM32F1 Series Device Support, Drivers and Examples

<h2>Collection of Component include folders:</h2>
  .\RTE\_Project
  G:\Keil530\Pack\ARM\CMSIS\5.7.0\CMSIS\Core\Include
  G:\Keil530\Pack\Keil\STM32F1xx_DFP\1.0.5\Device\Include

<h2>Collection of Component Files used:</h2>

   * Component: ARM::CMSIS:CORE:5.4.0
Build Time Elapsed:  00:00:02
</pre>
</body>
</html>
