<html>
<body>
<pre>
<h1>礦ision Build Log</h1>
<h2>Tool Versions:</h2>
IDE-Version: μVision V5.30.0.0
Copyright (C) 2020 ARM Ltd and ARM Germany GmbH. All rights reserved.
License Information: yalin 植物世界, d, LIC=2TTQ1-CGM48-GQH0H-WIIA9-5WIZY-XI2VG
 
Tool Versions:
Toolchain:       MDK-ARM Professional  Version: 5.30.0.0
Toolchain Path:  G:\Keil530\core\ARM\ARMCC\Bin
C Compiler:      Armcc.exe V5.06 update 6 (build 750)
Assembler:       Armasm.exe V5.06 update 6 (build 750)
Linker/Locator:  ArmLink.exe V5.06 update 6 (build 750)
Library Manager: ArmAr.exe V5.06 update 6 (build 750)
Hex Converter:   FromElf.exe V5.06 update 6 (build 750)
CPU DLL:         SARMCM3.DLL V5.30.0.0
Dialog DLL:      DCM.DLL V1.17.3.0
Target DLL:      STLink\ST-LINKIII-KEIL_SWO.dll V3.0.7.0
Dialog DLL:      TCM.DLL V1.42.0.0
 
<h2>Project:</h2>
G:\中国海洋大学\竞赛\电赛\t265调参版本7.25\ProjectTM4C123\ANO_LX_TM4C123.uvprojx
Project File Date:  08/03/2023

<h2>Output:</h2>
*** Using Compiler 'V5.06 update 6 (build 750)', folder: 'G:\Keil530\core\ARM\ARMCC\Bin'
Rebuild target 'Ano_LX'
compiling ANO_LX.c...
compiling LX_FC_Fun.c...
compiling Fly_Task.c...
compiling main.c...
..\FcSrc\main.c(29): warning:  #177-D: variable "once_flag"  was declared but never referenced
  u8 once_flag=1;
..\FcSrc\main.c: 1 warning, 0 errors
compiling Ano_Scheduler.c...
..\FcSrc\Ano_Scheduler.c(19): warning:  #177-D: variable "clk_2"  was declared but never referenced
  static u8 clk_2=0;
..\FcSrc\Ano_Scheduler.c: 1 warning, 0 errors
compiling LX_FC_EXT_Sensor.c...
compiling info.c...
compiling LX_FC_State.c...
compiling User_Task.c...
compiling ANO_DT_LX.c...
compiling T265_Sensor.c...
compiling Drv_BSP.c...
compiling Drv_AnoOf.c...
compiling Drv_Sys.c...
compiling Ano_Math.c...
compiling BlueEye.c...
compiling Expansion_board_RXSD.c...
compiling Drv_UbloxGPS.c...
compiling PID.c...
compiling Drv_Adc.c...
compiling Drv_Led.c...
compiling Drv_PwmOut.c...
assembling startup_TM4C123.s...
compiling usb_serial_structs.c...
compiling system_TM4C123.c...
compiling Drv_RcIn.c...
compiling Drv_Timer.c...
compiling Drv_Uart.c...
compiling Drv_Usb.c...
linking...
Program Size: Code=20084 RO-data=1804 RW-data=1644 ZI-data=7308  
FromELF: creating hex file...
".\build\ANO_PioneerPro_Ti.axf" - 0 Error(s), 2 Warning(s).

<h2>Software Packages used:</h2>

Package Vendor: Keil
                http://www.keil.com/pack/Keil.TM4C_DFP.1.1.0.pack
                Keil.TM4C_DFP.1.1.0
                Texas Instruments Tiva C Series Device Support and Examples

<h2>Collection of Component include folders:</h2>
  .\RTE\_Ano_LX
  G:\Keil530\Pack\Keil\TM4C_DFP\1.1.0\Device\Include\TM4C123

<h2>Collection of Component Files used:</h2>
Build Time Elapsed:  00:00:03
</pre>
</body>
</html>
