<html>
<body>
<pre>
<h1>礦ision Build Log</h1>
<h2>Project:</h2>
D:\1.Work\全向移动机器人\长期项目\轻装版四驱小车附送资料\轻装版四驱车V2\轻装版四驱车附送资料V2\3.串口发送指令例程\USER\Minibalance.uvproj
Project File Date:  12/30/2016

<h2>Output:</h2>
Build target 'Target 1'
linking...
Program Size: Code=5760 RO-data=268 RW-data=172 ZI-data=1652  
FromELF: creating hex file...
"..\OBJ\Minibalance.axf" - 0 Error(s), 0 Warning(s).
</pre>
</body>
</html>
 Size: Code=5760 RO-data=268 RW-data=172 ZI-data=1652  
FromELF: creating hex file...
"..\OBJ\Minibalance.axf" - 0 Error(s), 1 Warning(s).

compiling adc.c...
compiling motor.c...
compiling encoder.c...
compiling IOI2C.c...
compiling usart3.c...
compiling exti.c...
compiling can.c...
compiling inv_mpu.c...
compiling inv_mpu_dmp_motion_driver.c...
compiling filter.c...
compiling DataScope_DP.C...
linking...
Program Size: Code=5760 RO-data=268 RW-data=172 ZI-data=1652  
FromELF: creating hex file...
"..\OBJ\Minibalance.axf" - 0 Error(s), 1 Warning(s).
