Component: ARM Compiler 5.06 update 7 (build 960) Tool: armlink [4d3601]

==============================================================================

Section Cross References

    main.o(.text) refers to drv_bsp.o(.text) for All_Init
    main.o(.text) refers to ano_scheduler.o(.text) for Scheduler_Setup
    ano_scheduler.o(.text) refers to my_code.o(.text) for get_data
    ano_scheduler.o(.text) refers to user_task.o(.text) for UserTask_OneKeyCmd
    ano_scheduler.o(.text) refers to drv_hc04.o(.text) for Read_TIM2Distane
    ano_scheduler.o(.text) refers to drv_sys.o(.text) for GetSysRunTimeMs
    ano_scheduler.o(.text) refers to my_code.o(.data) for keep_hight_flag
    ano_scheduler.o(.text) refers to ano_scheduler.o(.data) for sched_tasks
    ano_scheduler.o(.data) refers to ano_scheduler.o(.text) for Loop_1000Hz
    user_task.o(.text) refers to lx_fc_fun.o(.text) for OneKey_Land
    user_task.o(.text) refers to my_code.o(.text) for User_Task_Delay
    user_task.o(.text) refers to drv_bsp.o(.bss) for rc_in
    user_task.o(.text) refers to user_task.o(.data) for one_key_land_f
    user_task.o(.text) refers to my_code.o(.data) for keep_hight_flag
    ano_dt_lx.o(.text) refers to drv_uart.o(.text) for DrvUart5SendBuf
    ano_dt_lx.o(.text) refers to ano_dt_lx.o(.bss) for dt
    ano_dt_lx.o(.text) refers to ano_lx.o(.bss) for pwm_to_esc
    ano_dt_lx.o(.text) refers to drv_led.o(.data) for led
    ano_dt_lx.o(.text) refers to lx_fc_state.o(.bss) for fc_sta
    ano_dt_lx.o(.text) refers to ano_lx.o(.data) for fc_vel
    ano_dt_lx.o(.text) refers to ano_dt_lx.o(.data) for rxstate
    ano_dt_lx.o(.text) refers to lx_fc_ext_sensor.o(.bss) for ext_sens
    ano_dt_lx.o(.text) refers to drv_bsp.o(.bss) for rc_in
    ano_lx.o(.text) refers to lx_fc_fun.o(.text) for LX_Change_Mode
    ano_lx.o(.text) refers to ano_math.o(.text) for my_deadzone
    ano_lx.o(.text) refers to drv_pwmout.o(.text) for DrvMotorPWMSet
    ano_lx.o(.text) refers to drv_adc.o(.text) for Drv_AdcGetBatVot
    ano_lx.o(.text) refers to drv_bsp.o(.bss) for rc_in
    ano_lx.o(.text) refers to ano_lx.o(.data) for mod_f
    ano_lx.o(.text) refers to my_code.o(.data) for my_code_control_flag
    ano_lx.o(.text) refers to lx_fc_state.o(.data) for sti_fun
    ano_lx.o(.text) refers to ano_lx.o(.bss) for rt_tar
    ano_lx.o(.text) refers to ano_dt_lx.o(.bss) for dt
    ano_lx.o(.text) refers to lx_fc_state.o(.bss) for fc_sta
    ano_lx.o(.text) refers to drv_bsp.o(.text) for DrvRcInputTask
    ano_lx.o(.text) refers to lx_fc_state.o(.text) for LX_FC_State_Task
    ano_lx.o(.text) refers to drv_anoof.o(.text) for AnoOF_Check_State
    ano_lx.o(.text) refers to drv_uart.o(.text) for DrvUartDataCheck
    ano_lx.o(.text) refers to drv_ubloxgps.o(.text) for GPS_Data_Prepare_Task
    ano_lx.o(.text) refers to lx_fc_ext_sensor.o(.text) for LX_FC_EXT_Sensor_Task
    ano_lx.o(.text) refers to ano_dt_lx.o(.text) for ANO_LX_Data_Exchange_Task
    ano_lx.o(.text) refers to drv_led.o(.text) for LED_1ms_DRV
    lx_fc_ext_sensor.o(.text) refers to drv_anoof.o(.bss) for ano_of
    lx_fc_ext_sensor.o(.text) refers to lx_fc_ext_sensor.o(.data) for of_alt_update_cnt
    lx_fc_ext_sensor.o(.text) refers to lx_fc_ext_sensor.o(.bss) for ext_sens
    lx_fc_ext_sensor.o(.text) refers to ano_dt_lx.o(.bss) for dt
    lx_fc_fun.o(.text) refers to ano_dt_lx.o(.text) for CMD_Send
    lx_fc_fun.o(.text) refers to lx_fc_state.o(.bss) for fc_sta
    lx_fc_fun.o(.text) refers to ano_dt_lx.o(.bss) for dt
    lx_fc_fun.o(.text) refers to lx_fc_fun.o(.data) for old_mode
    lx_fc_state.o(.text) refers to lx_fc_fun.o(.text) for FC_Unlock
    lx_fc_state.o(.text) refers to drv_bsp.o(.bss) for rc_in
    lx_fc_state.o(.text) refers to lx_fc_state.o(.data) for sti_fun
    lx_fc_state.o(.text) refers to lx_fc_state.o(.bss) for fc_sta
    my_code.o(.text) refers to lx_fc_fun.o(.text) for FC_Lock
    my_code.o(.text) refers to drv_uart.o(.text) for DrvUart2SendBuf
    my_code.o(.text) refers to ano_lx.o(.data) for fc_att
    my_code.o(.text) refers to my_code.o(.data) for rol
    my_code.o(.text) refers to drv_anoof.o(.bss) for ano_of
    my_code.o(.text) refers to user_task.o(.data) for Task_time_dly_cnt_ms
    drv_hc04.o(.text) refers to stm32f4xx_gpio.o(.text) for GPIO_WriteBit
    drv_hc04.o(.text) refers to drv_sys.o(.text) for MyDelayUs
    drv_hc04.o(.text) refers to ldiv.o(.text) for __aeabi_ldivmod
    drv_hc04.o(.text) refers to stm32f4xx_rcc.o(.text) for RCC_APB1PeriphClockCmd
    drv_hc04.o(.text) refers to stm32f4xx_tim.o(.text) for TIM_TimeBaseInit
    drv_hc04.o(.text) refers to misc.o(.text) for NVIC_Init
    drv_hc04.o(.text) refers to drv_hc04.o(.data) for TIM2CH3_CAPTURE_STA
    drv_hc04.o(.text) refers to drv_hc04.o(.bss) for TIM2_ICInitStructure
    drv_bsp.o(.text) refers to drv_rcin.o(.text) for DrvRcPpmInit
    drv_bsp.o(.text) refers to drv_sys.o(.text) for DrvSysInit
    drv_bsp.o(.text) refers to drv_led.o(.text) for DvrLedInit
[...]
    Frame_Send                               0x08000a9d   Thumb Code   190  ano_dt_lx.o(.text)
    Check_To_Send                            0x08000b5b   Thumb Code   138  ano_dt_lx.o(.text)
    CK_Back_Check                            0x08000c3f   Thumb Code    90  ano_dt_lx.o(.text)
    .text                                    0x08000cbc   Section        0  ano_lx.o(.text)
    RC_Data_Task                             0x08000cbd   Thumb Code   612  ano_lx.o(.text)
    ESC_Output                               0x08000f21   Thumb Code   364  ano_lx.o(.text)
    Bat_Voltage_Data_Handle                  0x0800108d   Thumb Code   132  ano_lx.o(.text)
    .text                                    0x080011ac   Section        0  lx_fc_ext_sensor.o(.text)
    General_Velocity_Data_Handle             0x080011fb   Thumb Code   120  lx_fc_ext_sensor.o(.text)
    .text                                    0x08001290   Section        0  lx_fc_fun.o(.text)
    .text                                    0x080016a8   Section        0  lx_fc_state.o(.text)
    LX_Unlock_Lock_Check                     0x080016a9   Thumb Code   438  lx_fc_state.o(.text)
    .text                                    0x0800192c   Section        0  my_code.o(.text)
    .text                                    0x08001d90   Section        0  drv_hc04.o(.text)
    .text                                    0x08002064   Section        0  drv_bsp.o(.text)
    rcSignalCheck                            0x08002369   Thumb Code   168  drv_bsp.o(.text)
    .text                                    0x08002538   Section        0  ano_math.o(.text)
    .text                                    0x08002db4   Section        0  drv_anoof.o(.text)
    AnoOF_DataAnl                            0x08002e69   Thumb Code   364  drv_anoof.o(.text)
    .text                                    0x080030f4   Section        0  drv_ubloxgps.o(.text)
    .text                                    0x0800349c   Section        0  stm32f4xx_it.o(.text)
    .text                                    0x08003518   Section        0  drv_sys.o(.text)
    .text                                    0x08003620   Section        0  drv_adc.o(.text)
    initAdcDMA                               0x08003621   Thumb Code   108  drv_adc.o(.text)
    .text                                    0x080037b4   Section        0  drv_led.o(.text)
    .text                                    0x080038d0   Section        0  drv_pwmout.o(.text)
    .text                                    0x08003c4c   Section        0  drv_rcin.o(.text)
    .text                                    0x08003e30   Section        0  drv_timer.o(.text)
    .text                                    0x08003ebc   Section        0  drv_uart.o(.text)
    .text                                    0x0800490c   Section       36  startup_stm32f4xx.o(.text)
    $v0                                      0x0800490c   Number         0  startup_stm32f4xx.o(.text)
    .text                                    0x08004930   Section        0  system_stm32f4xx.o(.text)
    SetSysClock                              0x08004931   Thumb Code   220  system_stm32f4xx.o(.text)
    .text                                    0x08004b40   Section        0  misc.o(.text)
    .text                                    0x08004d00   Section        0  stm32f4xx_adc.o(.text)
    .text                                    0x08005cdc   Section        0  stm32f4xx_dma.o(.text)
    .text                                    0x08007044   Section        0  stm32f4xx_exti.o(.text)
    .text                                    0x08007318   Section        0  stm32f4xx_gpio.o(.text)
    .text                                    0x08007be0   Section        0  stm32f4xx_rcc.o(.text)
    .text                                    0x080088dc   Section        0  stm32f4xx_tim.o(.text)
    TI4_Config                               0x0800a555   Thumb Code    80  stm32f4xx_tim.o(.text)
    TI3_Config                               0x0800a639   Thumb Code    72  stm32f4xx_tim.o(.text)
    TI2_Config                               0x0800a6f7   Thumb Code    80  stm32f4xx_tim.o(.text)
    TI1_Config                               0x0800a7cd   Thumb Code    58  stm32f4xx_tim.o(.text)
    .text                                    0x0800bac8   Section        0  stm32f4xx_usart.o(.text)
    .text                                    0x0800c8ec   Section        0  ldiv.o(.text)
    .text                                    0x0800c94e   Section        0  dadd.o(.text)
    .text                                    0x0800ca9c   Section        0  dmul.o(.text)
    .text                                    0x0800cb80   Section        0  dflti.o(.text)
    .text                                    0x0800cba4   Section       48  cdcmple.o(.text)
    .text                                    0x0800cbd4   Section       48  cdrcmple.o(.text)
    .text                                    0x0800cc04   Section        0  d2f.o(.text)
    .text                                    0x0800cc3c   Section        0  uldiv.o(.text)
    .text                                    0x0800cc9e   Section        0  llshl.o(.text)
    .text                                    0x0800ccbc   Section        0  llsshr.o(.text)
    .text                                    0x0800cce0   Section        0  fepilogue.o(.text)
    .text                                    0x0800cce0   Section        0  iusefp.o(.text)
    .text                                    0x0800cd4e   Section        0  depilogue.o(.text)
    .text                                    0x0800ce08   Section       36  init.o(.text)
    .text                                    0x0800ce2c   Section        0  llushr.o(.text)
    .text                                    0x0800ce4c   Section        0  __dczerorl2.o(.text)
    i.__scatterload_copy                     0x0800cea2   Section       14  handlers.o(i.__scatterload_copy)
    i.__scatterload_null                     0x0800ceb0   Section        2  handlers.o(i.__scatterload_null)
    i.__scatterload_zeroinit                 0x0800ceb2   Section       14  handlers.o(i.__scatterload_zeroinit)
    .constdata                               0x0800cec0   Section     1028  ano_math.o(.constdata)
    .conststring                             0x0800d2c4   Section       72  misc.o(.conststring)
    .conststring                             0x0800d30c   Section       81  stm32f4xx_adc.o(.conststring)
    .conststring                             0x0800d360   Section       81  stm32f4xx_dma.o(.conststring)
    .conststring                             0x0800d3b4   Section       82  stm32f4xx_exti.o(.conststring)
    .conststring                             0x0800d408   Section       82  stm32f4xx_gpio.o(.conststring)
    .conststring                             0x0800d45c   Section       81  stm32f4xx_rcc.o(.conststring)
    .conststring                             0x0800d4b0   Section       81  stm32f4xx_tim.o(.conststring)
    .conststring                             0x0800d504   Section       83  stm32f4xx_usart.o(.conststring)
    .data                                    0x20000000   Section       84  ano_scheduler.o(.data)
    sched_tasks                              0x20000000   Data          84  ano_scheduler.o(.data)
    .data                                    0x20000054   Section        5  user_task.o(.data)
    one_key_land_f                           0x20000057   Data           1  user_task.o(.data)
    one_key_mission_f                        0x20000058   Data           1  user_task.o(.data)
    .data                                    0x20000059   Section        6  ano_dt_lx.o(.data)
    DT_data_cnt                              0x20000059   Data           1  ano_dt_lx.o(.data)
    repeat_cnt                               0x2000005a   Data           1  ano_dt_lx.o(.data)
    _data_len                                0x2000005b   Data           1  ano_dt_lx.o(.data)
    _data_cnt                                0x2000005c   Data           1  ano_dt_lx.o(.data)
    rxstate                                  0x2000005d   Data           1  ano_dt_lx.o(.data)
    time_dly                                 0x2000005e   Data           1  ano_dt_lx.o(.data)
    .data                                    0x20000060   Section       28  ano_lx.o(.data)
    fail_safe_change_mod                     0x20000071   Data           1  ano_lx.o(.data)
    fail_safe_return_home                    0x20000072   Data           1  ano_lx.o(.data)
    mod_f                                    0x20000073   Data           3  ano_lx.o(.data)
    esc_calibrated                           0x20000076   Data           1  ano_lx.o(.data)
    tmp_cnt                                  0x20000078   Data           4  ano_lx.o(.data)
    .data                                    0x2000007c   Section        4  lx_fc_ext_sensor.o(.data)
    of_update_cnt                            0x2000007c   Data           1  lx_fc_ext_sensor.o(.data)
    of_alt_update_cnt                        0x2000007d   Data           1  lx_fc_ext_sensor.o(.data)
    dT_ms                                    0x2000007e   Data           1  lx_fc_ext_sensor.o(.data)
    of_alt_update_cnt                        0x2000007f   Data           1  lx_fc_ext_sensor.o(.data)
    .data                                    0x20000080   Section        1  lx_fc_fun.o(.data)
    old_mode                                 0x20000080   Data           1  lx_fc_fun.o(.data)
    .data                                    0x20000082   Section        6  lx_fc_state.o(.data)
    time_dly_cnt_ms                          0x20000084   Data           2  lx_fc_state.o(.data)
    unlock_lock_flag                         0x20000086   Data           1  lx_fc_state.o(.data)
    cali_f                                   0x20000087   Data           1  lx_fc_state.o(.data)
    .data                                    0x20000088   Section      138  my_code.o(.data)
    step                                     0x2000010c   Data           4  my_code.o(.data)
    data_cnt                                 0x20000110   Data           2  my_code.o(.data)
    .data                                    0x20000118   Section       32  drv_hc04.o(.data)
    .data                                    0x20000138   Section       19  drv_bsp.o(.data)
    ch_sta                                   0x20000138   Data           1  drv_bsp.o(.data)
    sbus_time                                0x2000013c   Data           8  drv_bsp.o(.data)
    cnt                                      0x20000144   Data           1  drv_bsp.o(.data)
    frame_cnt                                0x20000145   Data           1  drv_bsp.o(.data)
    cnt_tmp                                  0x20000146   Data           1  drv_bsp.o(.data)
    time_dly                                 0x20000148   Data           2  drv_bsp.o(.data)
    failsafe                                 0x2000014a   Data           1  drv_bsp.o(.data)
    .data                                    0x2000014b   Section        3  drv_anoof.o(.data)
    _data_len                                0x2000014b   Data           1  drv_anoof.o(.data)
    _data_cnt                                0x2000014c   Data           1  drv_anoof.o(.data)
    rxstate                                  0x2000014d   Data           1  drv_anoof.o(.data)
    .data                                    0x2000014e   Section      182  drv_ubloxgps.o(.data)
    protocol_class                           0x200001fd   Data           1  drv_ubloxgps.o(.data)
    protocol_id                              0x200001fe   Data           1  drv_ubloxgps.o(.data)
    protocol_length_t                        0x200001ff   Data           1  drv_ubloxgps.o(.data)
    protocol_length                          0x20000200   Data           2  drv_ubloxgps.o(.data)
    state                                    0x20000203   Data           1  drv_ubloxgps.o(.data)
    .data                                    0x20000208   Section        8  drv_sys.o(.data)
    SysRunTimeMs                             0x20000208   Data           8  drv_sys.o(.data)
    .data                                    0x20000210   Section       12  drv_led.o(.data)
    led_cnt                                  0x20000214   Data           8  drv_led.o(.data)
    .data                                    0x2000021c   Section        4  drv_rcin.o(.data)
    temp_cnt                                 0x2000021c   Data           4  drv_rcin.o(.data)
    .data                                    0x20000220   Section       20  drv_uart.o(.data)
    .data                                    0x20000234   Section       20  system_stm32f4xx.o(.data)
    .data                                    0x20000248   Section       16  stm32f4xx_rcc.o(.data)
    APBAHBPrescTable                         0x20000248   Data          16  stm32f4xx_rcc.o(.data)
    .bss                                     0x20000258   Section     1872  ano_dt_lx.o(.bss)
    DT_RxBuffer                              0x200008a8   Data         256  ano_dt_lx.o(.bss)
    .bss                                     0x200009a8   Section       56  ano_lx.o(.bss)
    pwm                                      0x200009d0   Data          16  ano_lx.o(.bss)
    .bss                                     0x200009e0   Section       48  lx_fc_ext_sensor.o(.bss)
    .bss                                     0x20000a10   Section       11  lx_fc_state.o(.bss)
    .bss                                     0x20000a1c   Section       10  drv_hc04.o(.bss)
    .bss                                     0x20000a26   Section      107  drv_bsp.o(.bss)
    datatmp                                  0x20000a78   Data          25  drv_bsp.o(.bss)
    .bss                                     0x20000a94   Section      124  drv_anoof.o(.bss)
    _datatemp                                0x20000ad0   Data          50  drv_anoof.o(.bss)
    check_time_ms                            0x20000b04   Data          12  drv_anoof.o(.bss)
    .bss                                     0x20000b10   Section      100  drv_ubloxgps.o(.bss)
    .bss                                     0x20000b74   Section      100  drv_adc.o(.bss)
    .bss                                     0x20000bd8   Section     1780  drv_uart.o(.bss)
    STACK                                    0x200012d0   Section     2048  startup_stm32f4xx.o(STACK)

    Global Symbols

    Symbol Name                              Value     Ov Type        Size  Object(Section)

    BuildAttributes$$THM_ISAv4$E$P$D$K$B$S$7EM$VFPi3$EXTD16$VFPS$VFMA$PE$A:L22UL41UL21$X:L11$S22US41US21$IEEE1$IW$USESV6$~STKCKD$USESV7$~SHL$OTIME$ROPI$EBA8$MICROLIB$REQ8$PRES8$EABIv2 0x00000000   Number         0  anon$$obj.o ABSOLUTE
    __ARM_use_no_argv                        0x00000000   Number         0  main.o ABSOLUTE
    __arm_fini_                               - Undefined Weak Reference
    __cpp_initialize__aeabi_                  - Undefined Weak Reference
    __cxa_finalize                            - Undefined Weak Reference
    _clock_init                               - Undefined Weak Reference
    _microlib_exit                            - Undefined Weak Reference
    __Vectors_Size                           0x00000188   Number         0  startup_stm32f4xx.o ABSOLUTE
    __Vectors                                0x08000000   Data           4  startup_stm32f4xx.o(RESET)
    __Vectors_End                            0x08000188   Data           0  startup_stm32f4xx.o(RESET)
    __main                                   0x08000189   Thumb Code     0  entry.o(.ARM.Collect$$$$00000000)
    _main_stk                                0x08000189   Thumb Code     0  entry2.o(.ARM.Collect$$$$00000001)
    _main_scatterload                        0x0800018d   Thumb Code     0  entry5.o(.ARM.Collect$$$$00000004)
    __main_after_scatterload                 0x08000191   Thumb Code     0  entry5.o(.ARM.Collect$$$$00000004)
    _main_clock                              0x08000191   Thumb Code     0  entry7b.o(.ARM.Collect$$$$00000008)
    _main_cpp_init                           0x08000191   Thumb Code     0  entry8b.o(.ARM.Collect$$$$0000000A)
    _main_init                               0x08000191   Thumb Code     0  entry9a.o(.ARM.Collect$$$$0000000B)
    __rt_lib_shutdown_fini                   0x08000199   Thumb Code     0  entry12b.o(.ARM.Collect$$$$0000000E)
    __rt_final_cpp                           0x0800019d   Thumb Code     0  entry10a.o(.ARM.Collect$$$$0000000F)
    __rt_final_exit                          0x0800019d   Thumb Code     0  entry11a.o(.ARM.Collect$$$$00000011)
    assert_failed                            0x080001a1   Thumb Code     4  main.o(.text)
    main                                     0x080001a5   Thumb Code    16  main.o(.text)
    Scheduler_Setup                          0x08000255   Thumb Code    76  ano_scheduler.o(.text)
    Scheduler_Run                            0x080002a1   Thumb Code    76  ano_scheduler.o(.text)
    UserTask_OneKeyCmd                       0x08000321   Thumb Code   438  user_task.o(.text)
    ANO_DT_Init                              0x08000529   Thumb Code   166  ano_dt_lx.o(.text)
    CK_Back                                  0x080005df   Thumb Code    12  ano_dt_lx.o(.text)
    PAR_Back                                 0x080005eb   Thumb Code    14  ano_dt_lx.o(.text)
    ANO_DT_LX_Data_Receive_Prepare           0x080007df   Thumb Code   258  ano_dt_lx.o(.text)
    CMD_Send                                 0x08000be5   Thumb Code    22  ano_dt_lx.o(.text)
    ANO_LX_Data_Exchange_Task                0x08000bfb   Thumb Code    68  ano_dt_lx.o(.text)
    ANO_LX_Task                              0x08001111   Thumb Code   144  ano_lx.o(.text)
    LX_FC_EXT_Sensor_Task                    0x080011ad   Thumb Code    78  lx_fc_ext_sensor.o(.text)
    FC_Unlock                                0x08001291   Thumb Code    56  lx_fc_fun.o(.text)
    FC_Lock                                  0x080012c9   Thumb Code    56  lx_fc_fun.o(.text)
    LX_Change_Mode                           0x08001301   Thumb Code    80  lx_fc_fun.o(.text)
    OneKey_Return_Home                       0x08001351   Thumb Code    50  lx_fc_fun.o(.text)
    OneKey_Takeoff                           0x08001383   Thumb Code    66  lx_fc_fun.o(.text)
    OneKey_Land                              0x080013c5   Thumb Code    50  lx_fc_fun.o(.text)
    OneKey_Hold                              0x080013f7   Thumb Code    50  lx_fc_fun.o(.text)
    Horizontal_Move                          0x08001429   Thumb Code    98  lx_fc_fun.o(.text)
    rise_Move                                0x0800148b   Thumb Code    82  lx_fc_fun.o(.text)
    land_Move                                0x080014dd   Thumb Code    80  lx_fc_fun.o(.text)
    right_Move                               0x0800152d   Thumb Code    82  lx_fc_fun.o(.text)
    left_Move                                0x0800157f   Thumb Code    82  lx_fc_fun.o(.text)
    Horizontal_Calibrate                     0x080015d1   Thumb Code    50  lx_fc_fun.o(.text)
    Mag_Calibrate                            0x08001603   Thumb Code    50  lx_fc_fun.o(.text)
    ACC_Calibrate                            0x08001635   Thumb Code    50  lx_fc_fun.o(.text)
    GYR_Calibrate                            0x08001667   Thumb Code    66  lx_fc_fun.o(.text)
    LX_Cali_Trig_Check                       0x0800185f   Thumb Code   150  lx_fc_state.o(.text)
    LX_FC_State_Task                         0x080018f5   Thumb Code    26  lx_fc_state.o(.text)
    get_data                                 0x0800192d   Thumb Code   208  my_code.o(.text)
    Limit_max_float                          0x080019fd   Thumb Code    40  my_code.o(.text)
    Limit_max_int                            0x08001a25   Thumb Code    18  my_code.o(.text)
    around_pole                              0x08001a37   Thumb Code    50  my_code.o(.text)
    line_patro                               0x08001a69   Thumb Code    50  my_code.o(.text)
    keep_hight                               0x08001a9b   Thumb Code    54  my_code.o(.text)
    keep_dis_x                               0x08001ad1   Thumb Code    54  my_code.o(.text)
    keep_dis_y                               0x08001b07   Thumb Code    54  my_code.o(.text)
    keep_yaw                                 0x08001b3d   Thumb Code    56  my_code.o(.text)
    my_one_key_land                          0x08001b75   Thumb Code    68  my_code.o(.text)
    User_Task_Delay                          0x08001bb9   Thumb Code    38  my_code.o(.text)
    MY_urst2_Receive                         0x08001bdf   Thumb Code   244  my_code.o(.text)
    MY_urst2_Send                            0x08001cd3   Thumb Code    26  my_code.o(.text)
    Read_TIM2Distane                         0x08001d91   Thumb Code   260  drv_hc04.o(.text)
    TIM2_CH3_Cap_Init                        0x08001e95   Thumb Code   226  drv_hc04.o(.text)
    TIM2_IRQHandler                          0x08001f77   Thumb Code   202  drv_hc04.o(.text)
    DrvRcInputInit                           0x08002065   Thumb Code    20  drv_bsp.o(.text)
    All_Init                                 0x08002079   Thumb Code   100  drv_bsp.o(.text)
    DrvPpmGetOneCh                           0x080020dd   Thumb Code    92  drv_bsp.o(.text)
    DrvSbusGetOneByte                        0x08002139   Thumb Code   560  drv_bsp.o(.text)
    DrvRcInputTask                           0x08002411   Thumb Code   278  drv_bsp.o(.text)
    my_abs                                   0x08002539   Thumb Code    26  ano_math.o(.text)
    fast_atan2                               0x08002553   Thumb Code   350  ano_math.o(.text)
    my_atan                                  0x080026b1   Thumb Code    24  ano_math.o(.text)
    my_sqrt_reciprocal                       0x080026c9   Thumb Code    76  ano_math.o(.text)
    my_sqrt                                  0x08002715   Thumb Code    20  ano_math.o(.text)
    mx_sin                                   0x08002729   Thumb Code   292  ano_math.o(.text)
    my_sin                                   0x0800284d   Thumb Code   108  ano_math.o(.text)
    my_cos                                   0x080028b9   Thumb Code   136  ano_math.o(.text)
    my_deadzone                              0x08002941   Thumb Code   152  ano_math.o(.text)
    my_deadzone_2                            0x080029d9   Thumb Code    48  ano_math.o(.text)
    my_HPF                                   0x08002a09   Thumb Code   346  ano_math.o(.text)
    To_180_degrees_db                        0x08002b63   Thumb Code   108  ano_math.o(.text)
    length_limit                             0x08002bcf   Thumb Code   140  ano_math.o(.text)
    fifo                                     0x08002c5b   Thumb Code    42  ano_math.o(.text)
    rot_vec_2                                0x08002c85   Thumb Code    84  ano_math.o(.text)
    vec_2_cross_product                      0x08002cd9   Thumb Code    26  ano_math.o(.text)
    vec_2_dot_product                        0x08002cf3   Thumb Code    26  ano_math.o(.text)
    vec_3_cross_product_err_sinx             0x08002d0d   Thumb Code    86  ano_math.o(.text)
    vec_3_dot_product                        0x08002d63   Thumb Code    38  ano_math.o(.text)
    AnoOF_Check_State                        0x08002db5   Thumb Code   180  drv_anoof.o(.text)
    AnoOF_GetOneByte                         0x08002fd5   Thumb Code   252  drv_anoof.o(.text)
    GPS_Data_Prepare_Task                    0x080030f5   Thumb Code   306  drv_ubloxgps.o(.text)
    GPS_Rate_H                               0x08003227   Thumb Code    12  drv_ubloxgps.o(.text)
    GPS_Rate_L                               0x08003233   Thumb Code    12  drv_ubloxgps.o(.text)
    Init_GPS                                 0x0800323f   Thumb Code   196  drv_ubloxgps.o(.text)
    UBLOX_M8_GPS_Data_Receive                0x08003303   Thumb Code   328  drv_ubloxgps.o(.text)
    NMI_Handler                              0x0800349d   Thumb Code     2  stm32f4xx_it.o(.text)
    MemManage_Handler                        0x0800349f   Thumb Code     4  stm32f4xx_it.o(.text)
    BusFault_Handler                         0x080034a3   Thumb Code     4  stm32f4xx_it.o(.text)
    UsageFault_Handler                       0x080034a7   Thumb Code     4  stm32f4xx_it.o(.text)
    SVC_Handler                              0x080034ab   Thumb Code     2  stm32f4xx_it.o(.text)
    DebugMon_Handler                         0x080034ad   Thumb Code     2  stm32f4xx_it.o(.text)
    EXTI9_5_IRQHandler                       0x080034af   Thumb Code    18  stm32f4xx_it.o(.text)
    TIM3_IRQHandler                          0x080034c1   Thumb Code     8  stm32f4xx_it.o(.text)
    TIM4_IRQHandler                          0x080034c9   Thumb Code     2  stm32f4xx_it.o(.text)
    TIM7_IRQHandler                          0x080034cb   Thumb Code    26  stm32f4xx_it.o(.text)
    USART1_IRQHandler                        0x080034e5   Thumb Code     8  stm32f4xx_it.o(.text)
    USART2_IRQHandler                        0x080034ed   Thumb Code     8  stm32f4xx_it.o(.text)
    USART3_IRQHandler                        0x080034f5   Thumb Code     8  stm32f4xx_it.o(.text)
    UART4_IRQHandler                         0x080034fd   Thumb Code     8  stm32f4xx_it.o(.text)
    UART5_IRQHandler                         0x08003505   Thumb Code     8  stm32f4xx_it.o(.text)
    USART6_IRQHandler                        0x0800350d   Thumb Code     8  stm32f4xx_it.o(.text)
    SysTick_Init                             0x08003519   Thumb Code   100  drv_sys.o(.text)
    SysTick_Handler                          0x0800357d   Thumb Code    20  drv_sys.o(.text)
    GetSysRunTimeMs                          0x08003591   Thumb Code     6  drv_sys.o(.text)
    GetSysRunTimeUs                          0x08003597   Thumb Code    62  drv_sys.o(.text)
    MyDelayUs                                0x080035d5   Thumb Code    24  drv_sys.o(.text)
    MyDelayMs                                0x080035ed   Thumb Code    24  drv_sys.o(.text)
    DrvSysInit                               0x08003605   Thumb Code    16  drv_sys.o(.text)
    DrvAdcInit                               0x0800368d   Thumb Code   168  drv_adc.o(.text)
    Drv_AdcGetBatVot                         0x08003735   Thumb Code    92  drv_adc.o(.text)
    DvrLedInit                               0x080037b5   Thumb Code   112  drv_led.o(.text)
    LED_On_Off                               0x08003825   Thumb Code    82  drv_led.o(.text)
    LED_1ms_DRV                              0x08003877   Thumb Code    78  drv_led.o(.text)
    DrvPwmOutInit                            0x080038d1   Thumb Code   742  drv_pwmout.o(.text)
    DrvMotorPWMSet                           0x08003bb7   Thumb Code   112  drv_pwmout.o(.text)
    DrvRcPpmInit                             0x08003c4d   Thumb Code   176  drv_rcin.o(.text)
    PPM_IRQH                                 0x08003cfd   Thumb Code    82  drv_rcin.o(.text)
    DrvRcSbusInit                            0x08003d4f   Thumb Code   166  drv_rcin.o(.text)
    Sbus_IRQH                                0x08003df5   Thumb Code    40  drv_rcin.o(.text)
    TIM_CONF                                 0x08003e31   Thumb Code    80  drv_timer.o(.text)
    TIM_NVIC                                 0x08003e81   Thumb Code    32  drv_timer.o(.text)
    DrvTimerFcInit                           0x08003ea1   Thumb Code    24  drv_timer.o(.text)
    NoUse                                    0x08003ebd   Thumb Code     2  drv_uart.o(.text)
    DrvUart1Init                             0x08003ebf   Thumb Code   246  drv_uart.o(.text)
    DrvUart1SendBuf                          0x08003fb5   Thumb Code    60  drv_uart.o(.text)
    drvU1GetByte                             0x08003ff1   Thumb Code    32  drv_uart.o(.text)
    drvU1DataCheck                           0x08004011   Thumb Code    52  drv_uart.o(.text)
    Usart1_IRQ                               0x08004045   Thumb Code   110  drv_uart.o(.text)
    DrvUart2Init                             0x080040b3   Thumb Code   234  drv_uart.o(.text)
    DrvUart2SendBuf                          0x0800419d   Thumb Code    62  drv_uart.o(.text)
    drvU2GetByte                             0x080041db   Thumb Code    32  drv_uart.o(.text)
    drvU2DataCheck                           0x080041fb   Thumb Code    52  drv_uart.o(.text)
    Usart2_IRQ                               0x0800422f   Thumb Code   120  drv_uart.o(.text)
    DrvUart3Init                             0x080042a7   Thumb Code   312  drv_uart.o(.text)
    DrvUart3SendBuf                          0x080043df   Thumb Code    62  drv_uart.o(.text)
    drvU3GetByte                             0x0800441d   Thumb Code    32  drv_uart.o(.text)
    drvU3DataCheck                           0x0800443d   Thumb Code    52  drv_uart.o(.text)
    Usart3_IRQ                               0x08004471   Thumb Code   120  drv_uart.o(.text)
    DrvUart4Init                             0x080044e9   Thumb Code   200  drv_uart.o(.text)
    DrvUart4SendBuf                          0x080045b1   Thumb Code    62  drv_uart.o(.text)
    drvU4GetByte                             0x080045ef   Thumb Code    32  drv_uart.o(.text)
    drvU4DataCheck                           0x0800460f   Thumb Code    52  drv_uart.o(.text)
    Uart4_IRQ                                0x08004643   Thumb Code   120  drv_uart.o(.text)
    DrvUart5Init                             0x080046bb   Thumb Code   288  drv_uart.o(.text)
    DrvUart5SendBuf                          0x080047db   Thumb Code    60  drv_uart.o(.text)
    drvU5GetByte                             0x08004817   Thumb Code    32  drv_uart.o(.text)
    drvU5DataCheck                           0x08004837   Thumb Code    52  drv_uart.o(.text)
    Uart5_IRQ                                0x0800486b   Thumb Code   110  drv_uart.o(.text)
    DrvUartDataCheck                         0x080048d9   Thumb Code    24  drv_uart.o(.text)
    Reset_Handler                            0x0800490d   Thumb Code     8  startup_stm32f4xx.o(.text)
    HardFault_Handler                        0x08004917   Thumb Code     2  startup_stm32f4xx.o(.text)
    PendSV_Handler                           0x08004923   Thumb Code     2  startup_stm32f4xx.o(.text)
    ADC_IRQHandler                           0x08004927   Thumb Code     0  startup_stm32f4xx.o(.text)
    CAN1_RX0_IRQHandler                      0x08004927   Thumb Code     0  startup_stm32f4xx.o(.text)
    CAN1_RX1_IRQHandler                      0x08004927   Thumb Code     0  startup_stm32f4xx.o(.text)
    CAN1_SCE_IRQHandler                      0x08004927   Thumb Code     0  startup_stm32f4xx.o(.text)
    CAN1_TX_IRQHandler                       0x08004927   Thumb Code     0  startup_stm32f4xx.o(.text)
    CAN2_RX0_IRQHandler                      0x08004927   Thumb Code     0  startup_stm32f4xx.o(.text)
    CAN2_RX1_IRQHandler                      0x08004927   Thumb Code     0  startup_stm32f4xx.o(.text)
    CAN2_SCE_IRQHandler                      0x08004927   Thumb Code     0  startup_stm32f4xx.o(.text)
    CAN2_TX_IRQHandler                       0x08004927   Thumb Code     0  startup_stm32f4xx.o(.text)
    CRYP_IRQHandler                          0x08004927   Thumb Code     0  startup_stm32f4xx.o(.text)
    DCMI_IRQHandler                          0x08004927   Thumb Code     0  startup_stm32f4xx.o(.text)
    DMA1_Stream0_IRQHandler                  0x08004927   Thumb Code     0  startup_stm32f4xx.o(.text)
    DMA1_Stream1_IRQHandler                  0x08004927   Thumb Code     0  startup_stm32f4xx.o(.text)
    DMA1_Stream2_IRQHandler                  0x08004927   Thumb Code     0  startup_stm32f4xx.o(.text)
    DMA1_Stream3_IRQHandler                  0x08004927   Thumb Code     0  startup_stm32f4xx.o(.text)
    DMA1_Stream4_IRQHandler                  0x08004927   Thumb Code     0  startup_stm32f4xx.o(.text)
    DMA1_Stream5_IRQHandler                  0x08004927   Thumb Code     0  startup_stm32f4xx.o(.text)
    DMA1_Stream6_IRQHandler                  0x08004927   Thumb Code     0  startup_stm32f4xx.o(.text)
    DMA1_Stream7_IRQHandler                  0x08004927   Thumb Code     0  startup_stm32f4xx.o(.text)
    DMA2_Stream0_IRQHandler                  0x08004927   Thumb Code     0  startup_stm32f4xx.o(.text)
    DMA2_Stream1_IRQHandler                  0x08004927   Thumb Code     0  startup_stm32f4xx.o(.text)
    DMA2_Stream2_IRQHandler                  0x08004927   Thumb Code     0  startup_stm32f4xx.o(.text)
    DMA2_Stream3_IRQHandler                  0x08004927   Thumb Code     0  startup_stm32f4xx.o(.text)
    DMA2_Stream4_IRQHandler                  0x08004927   Thumb Code     0  startup_stm32f4xx.o(.text)
    DMA2_Stream5_IRQHandler                  0x08004927   Thumb Code     0  startup_stm32f4xx.o(.text)
    DMA2_Stream6_IRQHandler                  0x08004927   Thumb Code     0  startup_stm32f4xx.o(.text)
    DMA2_Stream7_IRQHandler                  0x08004927   Thumb Code     0  startup_stm32f4xx.o(.text)
    ETH_IRQHandler                           0x08004927   Thumb Code     0  startup_stm32f4xx.o(.text)
    ETH_WKUP_IRQHandler                      0x08004927   Thumb Code     0  startup_stm32f4xx.o(.text)
    EXTI0_IRQHandler                         0x08004927   Thumb Code     0  startup_stm32f4xx.o(.text)
    EXTI15_10_IRQHandler                     0x08004927   Thumb Code     0  startup_stm32f4xx.o(.text)
    EXTI1_IRQHandler                         0x08004927   Thumb Code     0  startup_stm32f4xx.o(.text)
    EXTI2_IRQHandler                         0x08004927   Thumb Code     0  startup_stm32f4xx.o(.text)
    EXTI3_IRQHandler                         0x08004927   Thumb Code     0  startup_stm32f4xx.o(.text)
    EXTI4_IRQHandler                         0x08004927   Thumb Code     0  startup_stm32f4xx.o(.text)
    FLASH_IRQHandler                         0x08004927   Thumb Code     0  startup_stm32f4xx.o(.text)
    FPU_IRQHandler                           0x08004927   Thumb Code     0  startup_stm32f4xx.o(.text)
    FSMC_IRQHandler                          0x08004927   Thumb Code     0  startup_stm32f4xx.o(.text)
    HASH_RNG_IRQHandler                      0x08004927   Thumb Code     0  startup_stm32f4xx.o(.text)
    I2C1_ER_IRQHandler                       0x08004927   Thumb Code     0  startup_stm32f4xx.o(.text)
    I2C1_EV_IRQHandler                       0x08004927   Thumb Code     0  startup_stm32f4xx.o(.text)
    I2C2_ER_IRQHandler                       0x08004927   Thumb Code     0  startup_stm32f4xx.o(.text)
    I2C2_EV_IRQHandler                       0x08004927   Thumb Code     0  startup_stm32f4xx.o(.text)
    I2C3_ER_IRQHandler                       0x08004927   Thumb Code     0  startup_stm32f4xx.o(.text)
    I2C3_EV_IRQHandler                       0x08004927   Thumb Code     0  startup_stm32f4xx.o(.text)
    OTG_FS_IRQHandler                        0x08004927   Thumb Code     0  startup_stm32f4xx.o(.text)
    OTG_FS_WKUP_IRQHandler                   0x08004927   Thumb Code     0  startup_stm32f4xx.o(.text)
    OTG_HS_EP1_IN_IRQHandler                 0x08004927   Thumb Code     0  startup_stm32f4xx.o(.text)
    OTG_HS_EP1_OUT_IRQHandler                0x08004927   Thumb Code     0  startup_stm32f4xx.o(.text)
    OTG_HS_IRQHandler                        0x08004927   Thumb Code     0  startup_stm32f4xx.o(.text)
    OTG_HS_WKUP_IRQHandler                   0x08004927   Thumb Code     0  startup_stm32f4xx.o(.text)
    PVD_IRQHandler                           0x08004927   Thumb Code     0  startup_stm32f4xx.o(.text)
    RCC_IRQHandler                           0x08004927   Thumb Code     0  startup_stm32f4xx.o(.text)
    RTC_Alarm_IRQHandler                     0x08004927   Thumb Code     0  startup_stm32f4xx.o(.text)
    RTC_WKUP_IRQHandler                      0x08004927   Thumb Code     0  startup_stm32f4xx.o(.text)
    SDIO_IRQHandler                          0x08004927   Thumb Code     0  startup_stm32f4xx.o(.text)
    SPI1_IRQHandler                          0x08004927   Thumb Code     0  startup_stm32f4xx.o(.text)
    SPI2_IRQHandler                          0x08004927   Thumb Code     0  startup_stm32f4xx.o(.text)
    SPI3_IRQHandler                          0x08004927   Thumb Code     0  startup_stm32f4xx.o(.text)
    TAMP_STAMP_IRQHandler                    0x08004927   Thumb Code     0  startup_stm32f4xx.o(.text)
    TIM1_BRK_TIM9_IRQHandler                 0x08004927   Thumb Code     0  startup_stm32f4xx.o(.text)
    TIM1_CC_IRQHandler                       0x08004927   Thumb Code     0  startup_stm32f4xx.o(.text)
    TIM1_TRG_COM_TIM11_IRQHandler            0x08004927   Thumb Code     0  startup_stm32f4xx.o(.text)
    TIM1_UP_TIM10_IRQHandler                 0x08004927   Thumb Code     0  startup_stm32f4xx.o(.text)
    TIM5_IRQHandler                          0x08004927   Thumb Code     0  startup_stm32f4xx.o(.text)
    TIM6_DAC_IRQHandler                      0x08004927   Thumb Code     0  startup_stm32f4xx.o(.text)
    TIM8_BRK_TIM12_IRQHandler                0x08004927   Thumb Code     0  startup_stm32f4xx.o(.text)
    TIM8_CC_IRQHandler                       0x08004927   Thumb Code     0  startup_stm32f4xx.o(.text)
    TIM8_TRG_COM_TIM14_IRQHandler            0x08004927   Thumb Code     0  startup_stm32f4xx.o(.text)
    TIM8_UP_TIM13_IRQHandler                 0x08004927   Thumb Code     0  startup_stm32f4xx.o(.text)
    WWDG_IRQHandler                          0x08004927   Thumb Code     0  startup_stm32f4xx.o(.text)
    SystemInit                               0x08004a0d   Thumb Code    88  system_stm32f4xx.o(.text)
    SystemCoreClockUpdate                    0x08004a65   Thumb Code   174  system_stm32f4xx.o(.text)
    NVIC_PriorityGroupConfig                 0x08004b41   Thumb Code    54  misc.o(.text)
    NVIC_Init                                0x08004b77   Thumb Code   164  misc.o(.text)
    NVIC_SetVectorTable                      0x08004c1b   Thumb Code    60  misc.o(.text)
    NVIC_SystemLPConfig                      0x08004c57   Thumb Code    78  misc.o(.text)
    SysTick_CLKSourceConfig                  0x08004ca5   Thumb Code    62  misc.o(.text)
    ADC_DeInit                               0x08004d01   Thumb Code    22  stm32f4xx_adc.o(.text)
    ADC_Init                                 0x08004d17   Thumb Code   402  stm32f4xx_adc.o(.text)
    ADC_StructInit                           0x08004ea9   Thumb Code    20  stm32f4xx_adc.o(.text)
    ADC_CommonInit                           0x08004ebd   Thumb Code   342  stm32f4xx_adc.o(.text)
    ADC_CommonStructInit                     0x08005013   Thumb Code    12  stm32f4xx_adc.o(.text)
    ADC_Cmd                                  0x0800501f   Thumb Code    76  stm32f4xx_adc.o(.text)
    ADC_AnalogWatchdogCmd                    0x0800506b   Thumb Code   102  stm32f4xx_adc.o(.text)
    ADC_AnalogWatchdogThresholdsConfig       0x080050d1   Thumb Code   126  stm32f4xx_adc.o(.text)
    ADC_AnalogWatchdogSingleChannelConfig    0x0800514f   Thumb Code   136  stm32f4xx_adc.o(.text)
    ADC_TempSensorVrefintCmd                 0x080051d7   Thumb Code    56  stm32f4xx_adc.o(.text)
    ADC_VBATCmd                              0x0800520f   Thumb Code    56  stm32f4xx_adc.o(.text)
    ADC_RegularChannelConfig                 0x08005247   Thumb Code   408  stm32f4xx_adc.o(.text)
    ADC_SoftwareStartConv                    0x080053df   Thumb Code    44  stm32f4xx_adc.o(.text)
    ADC_GetSoftwareStartConvStatus           0x0800540b   Thumb Code    54  stm32f4xx_adc.o(.text)
    ADC_EOCOnEachRegularChannelCmd           0x08005441   Thumb Code    76  stm32f4xx_adc.o(.text)
    ADC_ContinuousModeCmd                    0x0800548d   Thumb Code    76  stm32f4xx_adc.o(.text)
    ADC_DiscModeChannelCountConfig           0x080054d9   Thumb Code   100  stm32f4xx_adc.o(.text)
    ADC_DiscModeCmd                          0x0800553d   Thumb Code    76  stm32f4xx_adc.o(.text)
    ADC_GetConversionValue                   0x08005589   Thumb Code    40  stm32f4xx_adc.o(.text)
    ADC_GetMultiModeConversionValue          0x080055b1   Thumb Code     6  stm32f4xx_adc.o(.text)
    ADC_DMACmd                               0x080055b7   Thumb Code    76  stm32f4xx_adc.o(.text)
    ADC_DMARequestAfterLastTransferCmd       0x08005603   Thumb Code    76  stm32f4xx_adc.o(.text)
    ADC_MultiModeDMARequestAfterLastTransferCmd 0x0800564f   Thumb Code    60  stm32f4xx_adc.o(.text)
    ADC_InjectedChannelConfig                0x0800568b   Thumb Code   332  stm32f4xx_adc.o(.text)
    ADC_InjectedSequencerLengthConfig        0x080057d7   Thumb Code    80  stm32f4xx_adc.o(.text)
    ADC_SetInjectedOffset                    0x08005827   Thumb Code   102  stm32f4xx_adc.o(.text)
    ADC_ExternalTrigInjectedConvConfig       0x0800588d   Thumb Code   176  stm32f4xx_adc.o(.text)
    ADC_ExternalTrigInjectedConvEdgeConfig   0x0800593d   Thumb Code    82  stm32f4xx_adc.o(.text)
    ADC_SoftwareStartInjectedConv            0x0800598f   Thumb Code    44  stm32f4xx_adc.o(.text)
    ADC_GetSoftwareStartInjectedConvCmdStatus 0x080059bb   Thumb Code    54  stm32f4xx_adc.o(.text)
    ADC_AutoInjectedConvCmd                  0x080059f1   Thumb Code    76  stm32f4xx_adc.o(.text)
    ADC_InjectedDiscModeCmd                  0x08005a3d   Thumb Code    76  stm32f4xx_adc.o(.text)
    ADC_GetInjectedConversionValue           0x08005a89   Thumb Code    88  stm32f4xx_adc.o(.text)
    ADC_ITConfig                             0x08005ae1   Thumb Code   130  stm32f4xx_adc.o(.text)
    ADC_GetFlagStatus                        0x08005b63   Thumb Code    90  stm32f4xx_adc.o(.text)
    ADC_ClearFlag                            0x08005bbd   Thumb Code    62  stm32f4xx_adc.o(.text)
    ADC_GetITStatus                          0x08005bfb   Thumb Code   122  stm32f4xx_adc.o(.text)
    ADC_ClearITPendingBit                    0x08005c75   Thumb Code    88  stm32f4xx_adc.o(.text)
    DMA_DeInit                               0x08005cdd   Thumb Code   462  stm32f4xx_dma.o(.text)
    DMA_Init                                 0x08005eab   Thumb Code   684  stm32f4xx_dma.o(.text)
    DMA_StructInit                           0x08006157   Thumb Code    34  stm32f4xx_dma.o(.text)
    DMA_Cmd                                  0x08006179   Thumb Code   182  stm32f4xx_dma.o(.text)
    DMA_PeriphIncOffsetSizeConfig            0x0800622f   Thumb Code   184  stm32f4xx_dma.o(.text)
    DMA_FlowControllerConfig                 0x080062e7   Thumb Code   182  stm32f4xx_dma.o(.text)
    DMA_SetCurrDataCounter                   0x0800639d   Thumb Code   146  stm32f4xx_dma.o(.text)
    DMA_GetCurrDataCounter                   0x0800642f   Thumb Code   146  stm32f4xx_dma.o(.text)
    DMA_DoubleBufferModeConfig               0x080064c1   Thumb Code   204  stm32f4xx_dma.o(.text)
    DMA_DoubleBufferModeCmd                  0x0800658d   Thumb Code   182  stm32f4xx_dma.o(.text)
    DMA_MemoryTargetConfig                   0x08006643   Thumb Code   174  stm32f4xx_dma.o(.text)
    DMA_GetCurrentMemoryTarget               0x080066f1   Thumb Code   160  stm32f4xx_dma.o(.text)
    DMA_GetCmdStatus                         0x08006791   Thumb Code   160  stm32f4xx_dma.o(.text)
    DMA_GetFIFOStatus                        0x08006831   Thumb Code   152  stm32f4xx_dma.o(.text)
    DMA_GetFlagStatus                        0x080068c9   Thumb Code   486  stm32f4xx_dma.o(.text)
    DMA_ClearFlag                            0x08006aaf   Thumb Code   216  stm32f4xx_dma.o(.text)
    DMA_ITConfig                             0x08006b87   Thumb Code   238  stm32f4xx_dma.o(.text)
    DMA_GetITStatus                          0x08006c75   Thumb Code   590  stm32f4xx_dma.o(.text)
    DMA_ClearITPendingBit                    0x08006ec3   Thumb Code   216  stm32f4xx_dma.o(.text)
    EXTI_DeInit                              0x08007045   Thumb Code    28  stm32f4xx_exti.o(.text)
    EXTI_Init                                0x08007061   Thumb Code   236  stm32f4xx_exti.o(.text)
    EXTI_StructInit                          0x0800714d   Thumb Code    16  stm32f4xx_exti.o(.text)
    EXTI_GenerateSWInterrupt                 0x0800715d   Thumb Code    38  stm32f4xx_exti.o(.text)
    EXTI_GetFlagStatus                       0x08007183   Thumb Code   158  stm32f4xx_exti.o(.text)
    EXTI_ClearFlag                           0x08007221   Thumb Code    30  stm32f4xx_exti.o(.text)
    EXTI_GetITStatus                         0x0800723f   Thumb Code   172  stm32f4xx_exti.o(.text)
    EXTI_ClearITPendingBit                   0x080072eb   Thumb Code    32  stm32f4xx_exti.o(.text)
    GPIO_DeInit                              0x08007319   Thumb Code   284  stm32f4xx_gpio.o(.text)
    GPIO_Init                                0x08007435   Thumb Code   342  stm32f4xx_gpio.o(.text)
    GPIO_StructInit                          0x0800758b   Thumb Code    18  stm32f4xx_gpio.o(.text)
    GPIO_PinLockConfig                       0x0800759d   Thumb Code   122  stm32f4xx_gpio.o(.text)
    GPIO_ReadInputDataBit                    0x08007617   Thumb Code   182  stm32f4xx_gpio.o(.text)
    GPIO_ReadInputData                       0x080076cd   Thumb Code   116  stm32f4xx_gpio.o(.text)
    GPIO_ReadOutputDataBit                   0x08007741   Thumb Code   182  stm32f4xx_gpio.o(.text)
    GPIO_ReadOutputData                      0x080077f7   Thumb Code    76  stm32f4xx_gpio.o(.text)
    GPIO_SetBits                             0x08007843   Thumb Code    94  stm32f4xx_gpio.o(.text)
    GPIO_ResetBits                           0x080078a1   Thumb Code    94  stm32f4xx_gpio.o(.text)
    GPIO_WriteBit                            0x080078ff   Thumb Code   194  stm32f4xx_gpio.o(.text)
    GPIO_Write                               0x080079c1   Thumb Code    76  stm32f4xx_gpio.o(.text)
    GPIO_ToggleBits                          0x08007a0d   Thumb Code    80  stm32f4xx_gpio.o(.text)
    GPIO_PinAFConfig                         0x08007a5d   Thumb Code   382  stm32f4xx_gpio.o(.text)
    RCC_DeInit                               0x08007be1   Thumb Code    60  stm32f4xx_rcc.o(.text)
    RCC_HSEConfig                            0x08007c1d   Thumb Code    38  stm32f4xx_rcc.o(.text)
    RCC_GetFlagStatus                        0x08007c43   Thumb Code   130  stm32f4xx_rcc.o(.text)
    RCC_WaitForHSEStartUp                    0x08007cc5   Thumb Code    56  stm32f4xx_rcc.o(.text)
    RCC_AdjustHSICalibrationValue            0x08007cfd   Thumb Code    38  stm32f4xx_rcc.o(.text)
    RCC_HSICmd                               0x08007d23   Thumb Code    28  stm32f4xx_rcc.o(.text)
    RCC_LSEConfig                            0x08007d3f   Thumb Code    72  stm32f4xx_rcc.o(.text)
    RCC_LSICmd                               0x08007d87   Thumb Code    28  stm32f4xx_rcc.o(.text)
    RCC_PLLConfig                            0x08007da3   Thumb Code   156  stm32f4xx_rcc.o(.text)
    RCC_PLLCmd                               0x08007e3f   Thumb Code    28  stm32f4xx_rcc.o(.text)
    RCC_PLLI2SConfig                         0x08007e5b   Thumb Code    62  stm32f4xx_rcc.o(.text)
    RCC_PLLI2SCmd                            0x08007e99   Thumb Code    28  stm32f4xx_rcc.o(.text)
    RCC_ClockSecuritySystemCmd               0x08007eb5   Thumb Code    28  stm32f4xx_rcc.o(.text)
    RCC_MCO1Config                           0x08007ed1   Thumb Code   102  stm32f4xx_rcc.o(.text)
    RCC_MCO2Config                           0x08007f37   Thumb Code   102  stm32f4xx_rcc.o(.text)
    RCC_SYSCLKConfig                         0x08007f9d   Thumb Code    68  stm32f4xx_rcc.o(.text)
    RCC_GetSYSCLKSource                      0x08007fe1   Thumb Code    10  stm32f4xx_rcc.o(.text)
    RCC_HCLKConfig                           0x08007feb   Thumb Code    66  stm32f4xx_rcc.o(.text)
    RCC_PCLK1Config                          0x0800802d   Thumb Code    58  stm32f4xx_rcc.o(.text)
    RCC_PCLK2Config                          0x08008067   Thumb Code    60  stm32f4xx_rcc.o(.text)
    RCC_GetClocksFreq                        0x080080a3   Thumb Code   214  stm32f4xx_rcc.o(.text)
    RCC_RTCCLKConfig                         0x08008179   Thumb Code   260  stm32f4xx_rcc.o(.text)
    RCC_RTCCLKCmd                            0x0800827d   Thumb Code    28  stm32f4xx_rcc.o(.text)
    RCC_BackupResetCmd                       0x08008299   Thumb Code    30  stm32f4xx_rcc.o(.text)
    RCC_I2SCLKConfig                         0x080082b7   Thumb Code    28  stm32f4xx_rcc.o(.text)
    RCC_AHB1PeriphClockCmd                   0x080082d3   Thumb Code    78  stm32f4xx_rcc.o(.text)
    RCC_AHB2PeriphClockCmd                   0x08008321   Thumb Code    78  stm32f4xx_rcc.o(.text)
    RCC_AHB3PeriphClockCmd                   0x0800836f   Thumb Code   234  stm32f4xx_rcc.o(.text)
    RCC_APB1PeriphClockCmd                   0x08008459   Thumb Code    70  stm32f4xx_rcc.o(.text)
    RCC_APB2PeriphClockCmd                   0x0800849f   Thumb Code    78  stm32f4xx_rcc.o(.text)
    RCC_AHB1PeriphResetCmd                   0x080084ed   Thumb Code    78  stm32f4xx_rcc.o(.text)
    RCC_AHB2PeriphResetCmd                   0x0800853b   Thumb Code    78  stm32f4xx_rcc.o(.text)
    RCC_AHB3PeriphResetCmd                   0x08008589   Thumb Code    78  stm32f4xx_rcc.o(.text)
    RCC_APB1PeriphResetCmd                   0x080085d7   Thumb Code    78  stm32f4xx_rcc.o(.text)
    RCC_APB2PeriphResetCmd                   0x08008625   Thumb Code    78  stm32f4xx_rcc.o(.text)
    RCC_AHB1PeriphClockLPModeCmd             0x08008673   Thumb Code    78  stm32f4xx_rcc.o(.text)
    RCC_AHB2PeriphClockLPModeCmd             0x080086c1   Thumb Code    78  stm32f4xx_rcc.o(.text)
    RCC_AHB3PeriphClockLPModeCmd             0x0800870f   Thumb Code    78  stm32f4xx_rcc.o(.text)
    RCC_APB1PeriphClockLPModeCmd             0x0800875d   Thumb Code    78  stm32f4xx_rcc.o(.text)
    RCC_APB2PeriphClockLPModeCmd             0x080087ab   Thumb Code    78  stm32f4xx_rcc.o(.text)
    RCC_ITConfig                             0x080087f9   Thumb Code   108  stm32f4xx_rcc.o(.text)
    RCC_ClearFlag                            0x08008865   Thumb Code    14  stm32f4xx_rcc.o(.text)
    RCC_GetITStatus                          0x08008873   Thumb Code    66  stm32f4xx_rcc.o(.text)
    RCC_ClearITPendingBit                    0x080088b5   Thumb Code    32  stm32f4xx_rcc.o(.text)
    TIM_DeInit                               0x080088dd   Thumb Code   440  stm32f4xx_tim.o(.text)
    TIM_TimeBaseInit                         0x08008a95   Thumb Code   278  stm32f4xx_tim.o(.text)
    TIM_TimeBaseStructInit                   0x08008bab   Thumb Code    18  stm32f4xx_tim.o(.text)
    TIM_PrescalerConfig                      0x08008bbd   Thumb Code   128  stm32f4xx_tim.o(.text)
    TIM_CounterModeConfig                    0x08008c3d   Thumb Code   100  stm32f4xx_tim.o(.text)
    TIM_SetCounter                           0x08008ca1   Thumb Code   164  stm32f4xx_tim.o(.text)
    TIM_SetAutoreload                        0x08008d45   Thumb Code   106  stm32f4xx_tim.o(.text)
    TIM_GetCounter                           0x08008daf   Thumb Code   104  stm32f4xx_tim.o(.text)
    TIM_GetPrescaler                         0x08008e17   Thumb Code   104  stm32f4xx_tim.o(.text)
    TIM_UpdateDisableConfig                  0x08008e7f   Thumb Code   144  stm32f4xx_tim.o(.text)
    TIM_UpdateRequestConfig                  0x08008f0f   Thumb Code   144  stm32f4xx_tim.o(.text)
    TIM_ARRPreloadConfig                     0x08008f9f   Thumb Code   144  stm32f4xx_tim.o(.text)
    TIM_SelectOnePulseMode                   0x0800902f   Thumb Code   138  stm32f4xx_tim.o(.text)
    TIM_SetClockDivision                     0x080090b9   Thumb Code   190  stm32f4xx_tim.o(.text)
    TIM_Cmd                                  0x08009177   Thumb Code   144  stm32f4xx_tim.o(.text)
    TIM_OC1Init                              0x08009207   Thumb Code   400  stm32f4xx_tim.o(.text)
    TIM_OC2Init                              0x08009397   Thumb Code   474  stm32f4xx_tim.o(.text)
    TIM_OC3Init                              0x08009571   Thumb Code   400  stm32f4xx_tim.o(.text)
    TIM_OC4Init                              0x08009701   Thumb Code   290  stm32f4xx_tim.o(.text)
    TIM_OCStructInit                         0x08009823   Thumb Code    20  stm32f4xx_tim.o(.text)
    TIM_SelectOCxM                           0x08009837   Thumb Code   250  stm32f4xx_tim.o(.text)
    TIM_SetCompare1                          0x08009931   Thumb Code   144  stm32f4xx_tim.o(.text)
    TIM_SetCompare2                          0x080099c1   Thumb Code    70  stm32f4xx_tim.o(.text)
    TIM_SetCompare3                          0x08009a07   Thumb Code    58  stm32f4xx_tim.o(.text)
    TIM_SetCompare4                          0x08009a41   Thumb Code    58  stm32f4xx_tim.o(.text)
    TIM_ForcedOC1Config                      0x08009a7b   Thumb Code   126  stm32f4xx_tim.o(.text)
    TIM_ForcedOC2Config                      0x08009af9   Thumb Code   110  stm32f4xx_tim.o(.text)
    TIM_ForcedOC3Config                      0x08009b67   Thumb Code    90  stm32f4xx_tim.o(.text)
    TIM_ForcedOC4Config                      0x08009bc1   Thumb Code    98  stm32f4xx_tim.o(.text)
    TIM_OC1PreloadConfig                     0x08009c23   Thumb Code   124  stm32f4xx_tim.o(.text)
    TIM_OC2PreloadConfig                     0x08009c9f   Thumb Code   108  stm32f4xx_tim.o(.text)
    TIM_OC3PreloadConfig                     0x08009d0b   Thumb Code    88  stm32f4xx_tim.o(.text)
    TIM_OC4PreloadConfig                     0x08009d63   Thumb Code   146  stm32f4xx_tim.o(.text)
    TIM_OC1FastConfig                        0x08009df5   Thumb Code   124  stm32f4xx_tim.o(.text)
    TIM_OC2FastConfig                        0x08009e71   Thumb Code   108  stm32f4xx_tim.o(.text)
    TIM_OC3FastConfig                        0x08009edd   Thumb Code    88  stm32f4xx_tim.o(.text)
    TIM_OC4FastConfig                        0x08009f35   Thumb Code    96  stm32f4xx_tim.o(.text)
    TIM_ClearOC1Ref                          0x08009f95   Thumb Code   124  stm32f4xx_tim.o(.text)
    TIM_ClearOC2Ref                          0x0800a011   Thumb Code   106  stm32f4xx_tim.o(.text)
    TIM_ClearOC3Ref                          0x0800a07b   Thumb Code    88  stm32f4xx_tim.o(.text)
    TIM_ClearOC4Ref                          0x0800a0d3   Thumb Code    94  stm32f4xx_tim.o(.text)
    TIM_OC1PolarityConfig                    0x0800a131   Thumb Code   124  stm32f4xx_tim.o(.text)
    TIM_OC1NPolarityConfig                   0x0800a1ad   Thumb Code   114  stm32f4xx_tim.o(.text)
    TIM_OC2PolarityConfig                    0x0800a21f   Thumb Code   108  stm32f4xx_tim.o(.text)
    TIM_OC2NPolarityConfig                   0x0800a28b   Thumb Code    72  stm32f4xx_tim.o(.text)
    TIM_OC3PolarityConfig                    0x0800a2d3   Thumb Code    96  stm32f4xx_tim.o(.text)
    TIM_OC3NPolarityConfig                   0x0800a333   Thumb Code    72  stm32f4xx_tim.o(.text)
    TIM_OC4PolarityConfig                    0x0800a37b   Thumb Code    96  stm32f4xx_tim.o(.text)
    TIM_CCxCmd                               0x0800a3db   Thumb Code   168  stm32f4xx_tim.o(.text)
    TIM_CCxNCmd                              0x0800a483   Thumb Code   104  stm32f4xx_tim.o(.text)
    TIM_SetIC4Prescaler                      0x0800a4eb   Thumb Code   106  stm32f4xx_tim.o(.text)
    TIM_SetIC3Prescaler                      0x0800a5a5   Thumb Code   148  stm32f4xx_tim.o(.text)
    TIM_SetIC2Prescaler                      0x0800a681   Thumb Code   118  stm32f4xx_tim.o(.text)
    TIM_SetIC1Prescaler                      0x0800a747   Thumb Code   134  stm32f4xx_tim.o(.text)
    TIM_ICInit                               0x0800a807   Thumb Code   460  stm32f4xx_tim.o(.text)
    TIM_ICStructInit                         0x0800a9d3   Thumb Code    18  stm32f4xx_tim.o(.text)
    TIM_PWMIConfig                           0x0800a9e5   Thumb Code   234  stm32f4xx_tim.o(.text)
    TIM_GetCapture1                          0x0800aacf   Thumb Code    92  stm32f4xx_tim.o(.text)
    TIM_GetCapture2                          0x0800ab2b   Thumb Code    68  stm32f4xx_tim.o(.text)
    TIM_GetCapture3                          0x0800ab6f   Thumb Code    56  stm32f4xx_tim.o(.text)
    TIM_GetCapture4                          0x0800aba7   Thumb Code    56  stm32f4xx_tim.o(.text)
    TIM_BDTRConfig                           0x0800abdf   Thumb Code   222  stm32f4xx_tim.o(.text)
    TIM_BDTRStructInit                       0x0800acbd   Thumb Code    18  stm32f4xx_tim.o(.text)
    TIM_CtrlPWMOutputs                       0x0800accf   Thumb Code    78  stm32f4xx_tim.o(.text)
    TIM_SelectCOM                            0x0800ad1d   Thumb Code    72  stm32f4xx_tim.o(.text)
    TIM_CCPreloadControl                     0x0800ad65   Thumb Code    72  stm32f4xx_tim.o(.text)
    TIM_ITConfig                             0x0800adad   Thumb Code   216  stm32f4xx_tim.o(.text)
    TIM_GenerateEvent                        0x0800ae85   Thumb Code   126  stm32f4xx_tim.o(.text)
    TIM_GetFlagStatus                        0x0800af03   Thumb Code   188  stm32f4xx_tim.o(.text)
    TIM_ClearFlag                            0x0800afbf   Thumb Code   108  stm32f4xx_tim.o(.text)
    TIM_GetITStatus                          0x0800b02b   Thumb Code   186  stm32f4xx_tim.o(.text)
    TIM_ClearITPendingBit                    0x0800b0e5   Thumb Code   108  stm32f4xx_tim.o(.text)
    TIM_DMAConfig                            0x0800b151   Thumb Code   328  stm32f4xx_tim.o(.text)
    TIM_DMACmd                               0x0800b299   Thumb Code   126  stm32f4xx_tim.o(.text)
    TIM_SelectCCDMA                          0x0800b317   Thumb Code    96  stm32f4xx_tim.o(.text)
    TIM_InternalClockConfig                  0x0800b377   Thumb Code    76  stm32f4xx_tim.o(.text)
    TIM_SelectInputTrigger                   0x0800b3c3   Thumb Code   148  stm32f4xx_tim.o(.text)
    TIM_ITRxExternalClockConfig              0x0800b457   Thumb Code   110  stm32f4xx_tim.o(.text)
    TIM_TIxExternalClockConfig               0x0800b4c5   Thumb Code   184  stm32f4xx_tim.o(.text)
    TIM_ETRConfig                            0x0800b57d   Thumb Code   164  stm32f4xx_tim.o(.text)
    TIM_ETRClockMode1Config                  0x0800b621   Thumb Code   228  stm32f4xx_tim.o(.text)
    TIM_ETRClockMode2Config                  0x0800b705   Thumb Code   152  stm32f4xx_tim.o(.text)
    TIM_SelectOutputTrigger                  0x0800b79d   Thumb Code   126  stm32f4xx_tim.o(.text)
    TIM_SelectSlaveMode                      0x0800b81b   Thumb Code   112  stm32f4xx_tim.o(.text)
    TIM_SelectMasterSlaveMode                0x0800b88b   Thumb Code   102  stm32f4xx_tim.o(.text)
    TIM_EncoderInterfaceConfig               0x0800b8f1   Thumb Code   226  stm32f4xx_tim.o(.text)
    TIM_SelectHallSensor                     0x0800b9d3   Thumb Code   108  stm32f4xx_tim.o(.text)
    TIM_RemapConfig                          0x0800ba3f   Thumb Code   138  stm32f4xx_tim.o(.text)
    USART_DeInit                             0x0800bac9   Thumb Code   202  stm32f4xx_usart.o(.text)
    USART_Init                               0x0800bb93   Thumb Code   456  stm32f4xx_usart.o(.text)
    USART_StructInit                         0x0800bd5b   Thumb Code    24  stm32f4xx_usart.o(.text)
    USART_ClockInit                          0x0800bd73   Thumb Code   166  stm32f4xx_usart.o(.text)
    USART_ClockStructInit                    0x0800be19   Thumb Code    12  stm32f4xx_usart.o(.text)
    USART_Cmd                                0x0800be25   Thumb Code    96  stm32f4xx_usart.o(.text)
    USART_SetPrescaler                       0x0800be85   Thumb Code   102  stm32f4xx_usart.o(.text)
    USART_OverSampling8Cmd                   0x0800beeb   Thumb Code    94  stm32f4xx_usart.o(.text)
    USART_OneBitMethodCmd                    0x0800bf49   Thumb Code    96  stm32f4xx_usart.o(.text)
    USART_SendData                           0x0800bfa9   Thumb Code    80  stm32f4xx_usart.o(.text)
    USART_ReceiveData                        0x0800bff9   Thumb Code    60  stm32f4xx_usart.o(.text)
    USART_SetAddress                         0x0800c035   Thumb Code    88  stm32f4xx_usart.o(.text)
    USART_ReceiverWakeUpCmd                  0x0800c08d   Thumb Code    96  stm32f4xx_usart.o(.text)
    USART_WakeUpConfig                       0x0800c0ed   Thumb Code    92  stm32f4xx_usart.o(.text)
    USART_LINBreakDetectLengthConfig         0x0800c149   Thumb Code    90  stm32f4xx_usart.o(.text)
    USART_LINCmd                             0x0800c1a3   Thumb Code    96  stm32f4xx_usart.o(.text)
    USART_SendBreak                          0x0800c203   Thumb Code    62  stm32f4xx_usart.o(.text)
    USART_HalfDuplexCmd                      0x0800c241   Thumb Code    96  stm32f4xx_usart.o(.text)
    USART_SetGuardTime                       0x0800c2a1   Thumb Code    86  stm32f4xx_usart.o(.text)
    USART_SmartCardCmd                       0x0800c2f7   Thumb Code    84  stm32f4xx_usart.o(.text)
    USART_SmartCardNACKCmd                   0x0800c34b   Thumb Code    84  stm32f4xx_usart.o(.text)
    USART_IrDAConfig                         0x0800c39f   Thumb Code    90  stm32f4xx_usart.o(.text)
    USART_IrDACmd                            0x0800c3f9   Thumb Code    96  stm32f4xx_usart.o(.text)
    USART_DMACmd                             0x0800c459   Thumb Code   114  stm32f4xx_usart.o(.text)
    USART_ITConfig                           0x0800c4cb   Thumb Code   260  stm32f4xx_usart.o(.text)
    USART_GetFlagStatus                      0x0800c5cf   Thumb Code   170  stm32f4xx_usart.o(.text)
    USART_ClearFlag                          0x0800c679   Thumb Code   158  stm32f4xx_usart.o(.text)
    USART_GetITStatus                        0x0800c717   Thumb Code   278  stm32f4xx_usart.o(.text)
    USART_ClearITPendingBit                  0x0800c82d   Thumb Code   164  stm32f4xx_usart.o(.text)
    __aeabi_ldivmod                          0x0800c8ed   Thumb Code    98  ldiv.o(.text)
    __aeabi_dadd                             0x0800c94f   Thumb Code   322  dadd.o(.text)
    __aeabi_dsub                             0x0800ca91   Thumb Code     6  dadd.o(.text)
    __aeabi_drsub                            0x0800ca97   Thumb Code     6  dadd.o(.text)
    __aeabi_dmul                             0x0800ca9d   Thumb Code   228  dmul.o(.text)
    __aeabi_i2d                              0x0800cb81   Thumb Code    34  dflti.o(.text)
    __aeabi_cdcmpeq                          0x0800cba5   Thumb Code     0  cdcmple.o(.text)
    __aeabi_cdcmple                          0x0800cba5   Thumb Code    48  cdcmple.o(.text)
    __aeabi_cdrcmple                         0x0800cbd5   Thumb Code    48  cdrcmple.o(.text)
    __aeabi_d2f                              0x0800cc05   Thumb Code    56  d2f.o(.text)
    __aeabi_uldivmod                         0x0800cc3d   Thumb Code    98  uldiv.o(.text)
    __aeabi_llsl                             0x0800cc9f   Thumb Code    30  llshl.o(.text)
    _ll_shift_l                              0x0800cc9f   Thumb Code     0  llshl.o(.text)
    __aeabi_lasr                             0x0800ccbd   Thumb Code    36  llsshr.o(.text)
    _ll_sshift_r                             0x0800ccbd   Thumb Code     0  llsshr.o(.text)
    __I$use$fp                               0x0800cce1   Thumb Code     0  iusefp.o(.text)
    _float_round                             0x0800cce1   Thumb Code    18  fepilogue.o(.text)
    _float_epilogue                          0x0800ccf3   Thumb Code    92  fepilogue.o(.text)
    _double_round                            0x0800cd4f   Thumb Code    30  depilogue.o(.text)
    _double_epilogue                         0x0800cd6d   Thumb Code   156  depilogue.o(.text)
    __scatterload                            0x0800ce09   Thumb Code    28  init.o(.text)
    __scatterload_rt2                        0x0800ce09   Thumb Code     0  init.o(.text)
    __aeabi_llsr                             0x0800ce2d   Thumb Code    32  llushr.o(.text)
    _ll_ushift_r                             0x0800ce2d   Thumb Code     0  llushr.o(.text)
    __decompress                             0x0800ce4d   Thumb Code     0  __dczerorl2.o(.text)
    __decompress1                            0x0800ce4d   Thumb Code    86  __dczerorl2.o(.text)
    __scatterload_copy                       0x0800cea3   Thumb Code    14  handlers.o(i.__scatterload_copy)
    __scatterload_null                       0x0800ceb1   Thumb Code     2  handlers.o(i.__scatterload_null)
    __scatterload_zeroinit                   0x0800ceb3   Thumb Code    14  handlers.o(i.__scatterload_zeroinit)
    fast_atan_table                          0x0800cec0   Data        1028  ano_math.o(.constdata)
    Region$$Table$$Base                      0x0800d558   Number         0  anon$$obj.o(Region$$Table)
    Region$$Table$$Limit                     0x0800d578   Number         0  anon$$obj.o(Region$$Table)
    Task_time_dly_cnt_ms                     0x20000054   Data           2  user_task.o(.data)
    mission_step                             0x20000056   Data           1  user_task.o(.data)
    fc_bat                                   0x20000060   Data           4  ano_lx.o(.data)
    fc_att                                   0x20000064   Data           7  ano_lx.o(.data)
    fc_vel                                   0x2000006b   Data           6  ano_lx.o(.data)
    sti_fun                                  0x20000082   Data           2  lx_fc_state.o(.data)
    rol                                      0x20000088   Data           2  my_code.o(.data)
    pit                                      0x2000008a   Data           2  my_code.o(.data)
    yaw                                      0x2000008c   Data           2  my_code.o(.data)
    yaw_now                                  0x2000008e   Data           2  my_code.o(.data)
    yaw_last                                 0x20000090   Data           2  my_code.o(.data)
    yaw_round                                0x20000092   Data           2  my_code.o(.data)
    vel_x                                    0x20000094   Data           2  my_code.o(.data)
    vel_y                                    0x20000096   Data           2  my_code.o(.data)
    vel_z                                    0x20000098   Data           2  my_code.o(.data)
    hight                                    0x2000009c   Data           4  my_code.o(.data)
    dis_x                                    0x200000a0   Data           4  my_code.o(.data)
    dis_y                                    0x200000a4   Data           4  my_code.o(.data)
    hight_target                             0x200000a8   Data           4  my_code.o(.data)
    dis_x_target                             0x200000ac   Data           4  my_code.o(.data)
    dis_y_target                             0x200000b0   Data           4  my_code.o(.data)
    my_give_vel_x                            0x200000b4   Data           4  my_code.o(.data)
    my_give_vel_y                            0x200000b8   Data           4  my_code.o(.data)
    my_give_vel_z                            0x200000bc   Data           4  my_code.o(.data)
    my_give_vel_yaw                          0x200000c0   Data           4  my_code.o(.data)
    dis_yaw_target                           0x200000c4   Data           4  my_code.o(.data)
    my_code_control_flag                     0x200000c8   Data           4  my_code.o(.data)
    keep_hight_flag                          0x200000cc   Data           4  my_code.o(.data)
    OpenMV_mode                              0x200000d0   Data           1  my_code.o(.data)
    data_1                                   0x200000d1   Data           1  my_code.o(.data)
    data_2                                   0x200000d2   Data           1  my_code.o(.data)
    data_3                                   0x200000d3   Data           1  my_code.o(.data)
    data_4                                   0x200000d4   Data           1  my_code.o(.data)
    OpenMV_line_error                        0x200000d6   Data           2  my_code.o(.data)
    OpenMV_line_slope                        0x200000d8   Data           2  my_code.o(.data)
    OpenMV_pole_error                        0x200000da   Data           2  my_code.o(.data)
    line_patro_flag                          0x200000dc   Data           4  my_code.o(.data)
    keep_x_flag                              0x200000e0   Data           4  my_code.o(.data)
    keep_y_flag                              0x200000e4   Data           4  my_code.o(.data)
    keep_yaw_flag                            0x200000e8   Data           4  my_code.o(.data)
    around_pole_flag                         0x200000ec   Data           4  my_code.o(.data)
    line_patro_Kp                            0x200000f0   Data           4  my_code.o(.data)
    around_pole_Kp                           0x200000f4   Data           4  my_code.o(.data)
    keep_xy_Kp                               0x200000f8   Data           4  my_code.o(.data)
    keep_hight_Kp                            0x200000fc   Data           4  my_code.o(.data)
    keep_yaw_Kp                              0x20000100   Data           4  my_code.o(.data)
    line_dis                                 0x20000104   Data           4  my_code.o(.data)
    cnt                                      0x20000108   Data           4  my_code.o(.data)
    C                                        0x20000118   Data           4  drv_hc04.o(.data)
    Distance                                 0x2000011c   Data           4  drv_hc04.o(.data)
    last_Distance                            0x20000120   Data           4  drv_hc04.o(.data)
    val                                      0x20000124   Data           4  drv_hc04.o(.data)
    temp                                     0x20000128   Data           8  drv_hc04.o(.data)
    TIM2CH3_CAPTURE_STA                      0x20000130   Data           1  drv_hc04.o(.data)
    TIM2CH3_CAPTURE_VAL                      0x20000134   Data           4  drv_hc04.o(.data)
    pvt_receive_updata                       0x2000014e   Data           1  drv_ubloxgps.o(.data)
    fre_test_cnt                             0x20000150   Data           2  drv_ubloxgps.o(.data)
    Period_Out_H                             0x20000152   Data          14  drv_ubloxgps.o(.data)
    Period_Out_L                             0x20000160   Data          14  drv_ubloxgps.o(.data)
    Pulse_Period                             0x2000016e   Data          28  drv_ubloxgps.o(.data)
    Baud115200                               0x2000018a   Data          28  drv_ubloxgps.o(.data)
    Save_Con                                 0x200001a6   Data          21  drv_ubloxgps.o(.data)
    POLLSH_SET                               0x200001bb   Data          11  drv_ubloxgps.o(.data)
    SOL_SET                                  0x200001c6   Data          11  drv_ubloxgps.o(.data)
    VELNED_SET                               0x200001d1   Data          11  drv_ubloxgps.o(.data)
    TIMEUTC_SET                              0x200001dc   Data          11  drv_ubloxgps.o(.data)
    DOP_SET                                  0x200001e7   Data          11  drv_ubloxgps.o(.data)
    PVT_SET                                  0x200001f2   Data          11  drv_ubloxgps.o(.data)
    pvt_recerve_ok_cnt                       0x20000202   Data           1  drv_ubloxgps.o(.data)
    led                                      0x20000210   Data           4  drv_led.o(.data)
    Tx1Counter                               0x20000220   Data           1  drv_uart.o(.data)
    count1                                   0x20000221   Data           1  drv_uart.o(.data)
    U1RxInCnt                                0x20000222   Data           1  drv_uart.o(.data)
    U1RxoutCnt                               0x20000223   Data           1  drv_uart.o(.data)
    TxCounter                                0x20000224   Data           1  drv_uart.o(.data)
    count                                    0x20000225   Data           1  drv_uart.o(.data)
    U2RxInCnt                                0x20000226   Data           1  drv_uart.o(.data)
    U2RxoutCnt                               0x20000227   Data           1  drv_uart.o(.data)
    Tx3Counter                               0x20000228   Data           1  drv_uart.o(.data)
    count3                                   0x20000229   Data           1  drv_uart.o(.data)
    U3RxInCnt                                0x2000022a   Data           1  drv_uart.o(.data)
    U3RxoutCnt                               0x2000022b   Data           1  drv_uart.o(.data)
    Tx4Counter                               0x2000022c   Data           1  drv_uart.o(.data)
    count4                                   0x2000022d   Data           1  drv_uart.o(.data)
    U4RxInCnt                                0x2000022e   Data           1  drv_uart.o(.data)
    U4RxoutCnt                               0x2000022f   Data           1  drv_uart.o(.data)
    Tx5Counter                               0x20000230   Data           1  drv_uart.o(.data)
    count5                                   0x20000231   Data           1  drv_uart.o(.data)
    U5RxInCnt                                0x20000232   Data           1  drv_uart.o(.data)
    U5RxoutCnt                               0x20000233   Data           1  drv_uart.o(.data)
    SystemCoreClock                          0x20000234   Data           4  system_stm32f4xx.o(.data)
    AHBPrescTable                            0x20000238   Data          16  system_stm32f4xx.o(.data)
    send_buffer                              0x20000258   Data          50  ano_dt_lx.o(.bss)
    dt                                       0x2000028c   Data        1564  ano_dt_lx.o(.bss)
    rt_tar                                   0x200009a8   Data          14  ano_lx.o(.bss)
    pwm_to_esc                               0x200009b6   Data          16  ano_lx.o(.bss)
    fc_att_qua                               0x200009c6   Data           9  ano_lx.o(.bss)
    ext_sens                                 0x200009e0   Data          48  lx_fc_ext_sensor.o(.bss)
    fc_sta                                   0x20000a10   Data          11  lx_fc_state.o(.bss)
    TIM2_ICInitStructure                     0x20000a1c   Data          10  drv_hc04.o(.bss)
    rc_in                                    0x20000a26   Data          82  drv_bsp.o(.bss)
    ano_of                                   0x20000a94   Data          60  drv_anoof.o(.bss)
    ubx                                      0x20000b10   Data         100  drv_ubloxgps.o(.bss)
    AdcValue                                 0x20000b74   Data         100  drv_adc.o(.bss)
    Tx1Buffer                                0x20000bd8   Data         256  drv_uart.o(.bss)
    U1RxDataTmp                              0x20000cd8   Data         100  drv_uart.o(.bss)
    TxBuffer                                 0x20000d3c   Data         256  drv_uart.o(.bss)
    U2RxDataTmp                              0x20000e3c   Data         100  drv_uart.o(.bss)
    Tx3Buffer                                0x20000ea0   Data         256  drv_uart.o(.bss)
    U3RxDataTmp                              0x20000fa0   Data         100  drv_uart.o(.bss)
    Tx4Buffer                                0x20001004   Data         256  drv_uart.o(.bss)
    U4RxDataTmp                              0x20001104   Data         100  drv_uart.o(.bss)
    Tx5Buffer                                0x20001168   Data         256  drv_uart.o(.bss)
    U5RxDataTmp                              0x20001268   Data         100  drv_uart.o(.bss)
    __initial_sp                             0x20001ad0   Data           0  startup_stm32f4xx.o(STACK)



==============================================================================

Memory Map of the image

  Image Entry point : 0x08000189

  Load Region LR_IROM1 (Base: 0x08000000, Size: 0x0000d7d0, Max: 0x00100000, ABSOLUTE, COMPRESSED[0x0000d634])

    Execution Region ER_IROM1 (Exec base: 0x08000000, Load base: 0x08000000, Size: 0x0000d578, Max: 0x00100000, ABSOLUTE)

    Exec Addr    Load Addr    Size         Type   Attr      Idx    E Section Name        Object

    0x08000000   0x08000000   0x00000188   Data   RO          617    RESET               startup_stm32f4xx.o
    0x08000188   0x08000188   0x00000000   Code   RO          816  * .ARM.Collect$$$$00000000  mc_w.l(entry.o)
    0x08000188   0x08000188   0x00000004   Code   RO          833    .ARM.Collect$$$$00000001  mc_w.l(entry2.o)
    0x0800018c   0x0800018c   0x00000004   Code   RO          836    .ARM.Collect$$$$00000004  mc_w.l(entry5.o)
    0x08000190   0x08000190   0x00000000   Code   RO          838    .ARM.Collect$$$$00000008  mc_w.l(entry7b.o)
    0x08000190   0x08000190   0x00000000   Code   RO          840    .ARM.Collect$$$$0000000A  mc_w.l(entry8b.o)
    0x08000190   0x08000190   0x00000008   Code   RO          841    .ARM.Collect$$$$0000000B  mc_w.l(entry9a.o)
    0x08000198   0x08000198   0x00000004   Code   RO          848    .ARM.Collect$$$$0000000E  mc_w.l(entry12b.o)
    0x0800019c   0x0800019c   0x00000000   Code   RO          843    .ARM.Collect$$$$0000000F  mc_w.l(entry10a.o)
    0x0800019c   0x0800019c   0x00000000   Code   RO          845    .ARM.Collect$$$$00000011  mc_w.l(entry11a.o)
    0x0800019c   0x0800019c   0x00000004   Code   RO          834    .ARM.Collect$$$$00002712  mc_w.l(entry2.o)
    0x080001a0   0x080001a0   0x00000014   Code   RO            2    .text               main.o
    0x080001b4   0x080001b4   0x0000016c   Code   RO          112    .text               ano_scheduler.o
    0x08000320   0x08000320   0x00000208   Code   RO          141    .text               user_task.o
    0x08000528   0x08000528   0x00000794   Code   RO          169    .text               ano_dt_lx.o
    0x08000cbc   0x08000cbc   0x000004f0   Code   RO          208    .text               ano_lx.o
    0x080011ac   0x080011ac   0x000000e4   Code   RO          255    .text               lx_fc_ext_sensor.o
    0x08001290   0x08001290   0x00000418   Code   RO          278    .text               lx_fc_fun.o
    0x080016a8   0x080016a8   0x00000284   Code   RO          295    .text               lx_fc_state.o
    0x0800192c   0x0800192c   0x00000464   Code   RO          318    .text               my_code.o
    0x08001d90   0x08001d90   0x000002d4   Code   RO          340    .text               drv_hc04.o
    0x08002064   0x08002064   0x000004d4   Code   RO          360    .text               drv_bsp.o
    0x08002538   0x08002538   0x0000087c   Code   RO          386    .text               ano_math.o
    0x08002db4   0x08002db4   0x00000340   Code   RO          408    .text               drv_anoof.o
    0x080030f4   0x080030f4   0x000003a8   Code   RO          431    .text               drv_ubloxgps.o
    0x0800349c   0x0800349c   0x0000007c   Code   RO          451    .text               stm32f4xx_it.o
    0x08003518   0x08003518   0x00000108   Code   RO          467    .text               drv_sys.o
    0x08003620   0x08003620   0x00000194   Code   RO          495    .text               drv_adc.o
    0x080037b4   0x080037b4   0x0000011c   Code   RO          517    .text               drv_led.o
    0x080038d0   0x080038d0   0x0000037c   Code   RO          539    .text               drv_pwmout.o
    0x08003c4c   0x08003c4c   0x000001e4   Code   RO          555    .text               drv_rcin.o
    0x08003e30   0x08003e30   0x0000008c   Code   RO          572    .text               drv_timer.o
    0x08003ebc   0x08003ebc   0x00000a50   Code   RO          592    .text               drv_uart.o
    0x0800490c   0x0800490c   0x00000024   Code   RO          618    .text               startup_stm32f4xx.o
    0x08004930   0x08004930   0x00000210   Code   RO          623    .text               system_stm32f4xx.o
    0x08004b40   0x08004b40   0x000001c0   Code   RO          645    .text               misc.o
    0x08004d00   0x08004d00   0x00000fdc   Code   RO          662    .text               stm32f4xx_adc.o
    0x08005cdc   0x08005cdc   0x00001368   Code   RO          679    .text               stm32f4xx_dma.o
    0x08007044   0x08007044   0x000002d4   Code   RO          696    .text               stm32f4xx_exti.o
    0x08007318   0x08007318   0x000008c8   Code   RO          730    .text               stm32f4xx_gpio.o
    0x08007be0   0x08007be0   0x00000cfc   Code   RO          747    .text               stm32f4xx_rcc.o
    0x080088dc   0x080088dc   0x000031ec   Code   RO          783    .text               stm32f4xx_tim.o
    0x0800bac8   0x0800bac8   0x00000e24   Code   RO          800    .text               stm32f4xx_usart.o
    0x0800c8ec   0x0800c8ec   0x00000062   Code   RO          819    .text               mc_w.l(ldiv.o)
    0x0800c94e   0x0800c94e   0x0000014e   Code   RO          821    .text               mf_w.l(dadd.o)
    0x0800ca9c   0x0800ca9c   0x000000e4   Code   RO          823    .text               mf_w.l(dmul.o)
    0x0800cb80   0x0800cb80   0x00000022   Code   RO          825    .text               mf_w.l(dflti.o)
    0x0800cba2   0x0800cba2   0x00000002   PAD
    0x0800cba4   0x0800cba4   0x00000030   Code   RO          827    .text               mf_w.l(cdcmple.o)
    0x0800cbd4   0x0800cbd4   0x00000030   Code   RO          829    .text               mf_w.l(cdrcmple.o)
    0x0800cc04   0x0800cc04   0x00000038   Code   RO          831    .text               mf_w.l(d2f.o)
    0x0800cc3c   0x0800cc3c   0x00000062   Code   RO          849    .text               mc_w.l(uldiv.o)
    0x0800cc9e   0x0800cc9e   0x0000001e   Code   RO          851    .text               mc_w.l(llshl.o)
    0x0800ccbc   0x0800ccbc   0x00000024   Code   RO          853    .text               mc_w.l(llsshr.o)
    0x0800cce0   0x0800cce0   0x00000000   Code   RO          855    .text               mc_w.l(iusefp.o)
    0x0800cce0   0x0800cce0   0x0000006e   Code   RO          856    .text               mf_w.l(fepilogue.o)
    0x0800cd4e   0x0800cd4e   0x000000ba   Code   RO          858    .text               mf_w.l(depilogue.o)
    0x0800ce08   0x0800ce08   0x00000024   Code   RO          860    .text               mc_w.l(init.o)
    0x0800ce2c   0x0800ce2c   0x00000020   Code   RO          862    .text               mc_w.l(llushr.o)
    0x0800ce4c   0x0800ce4c   0x00000056   Code   RO          872    .text               mc_w.l(__dczerorl2.o)
    0x0800cea2   0x0800cea2   0x0000000e   Code   RO          866    i.__scatterload_copy  mc_w.l(handlers.o)
    0x0800ceb0   0x0800ceb0   0x00000002   Code   RO          867    i.__scatterload_null  mc_w.l(handlers.o)
    0x0800ceb2   0x0800ceb2   0x0000000e   Code   RO          868    i.__scatterload_zeroinit  mc_w.l(handlers.o)
    0x0800cec0   0x0800cec0   0x00000404   Data   RO          387    .constdata          ano_math.o
    0x0800d2c4   0x0800d2c4   0x00000048   Data   RO          646    .conststring        misc.o
    0x0800d30c   0x0800d30c   0x00000051   Data   RO          663    .conststring        stm32f4xx_adc.o
    0x0800d35d   0x0800d35d   0x00000003   PAD
    0x0800d360   0x0800d360   0x00000051   Data   RO          680    .conststring        stm32f4xx_dma.o
    0x0800d3b1   0x0800d3b1   0x00000003   PAD
    0x0800d3b4   0x0800d3b4   0x00000052   Data   RO          697    .conststring        stm32f4xx_exti.o
    0x0800d406   0x0800d406   0x00000002   PAD
    0x0800d408   0x0800d408   0x00000052   Data   RO          731    .conststring        stm32f4xx_gpio.o
    0x0800d45a   0x0800d45a   0x00000002   PAD
    0x0800d45c   0x0800d45c   0x00000051   Data   RO          748    .conststring        stm32f4xx_rcc.o
    0x0800d4ad   0x0800d4ad   0x00000003   PAD
    0x0800d4b0   0x0800d4b0   0x00000051   Data   RO          784    .conststring        stm32f4xx_tim.o
    0x0800d501   0x0800d501   0x00000003   PAD
    0x0800d504   0x0800d504   0x00000053   Data   RO          801    .conststring        stm32f4xx_usart.o
    0x0800d557   0x0800d557   0x00000001   PAD
    0x0800d558   0x0800d558   0x00000020   Data   RO          864    Region$$Table       anon$$obj.o


    Execution Region RW_IRAM1 (Exec base: 0x20000000, Load base: 0x0800d578, Size: 0x00001ad0, Max: 0x00020000, ABSOLUTE, COMPRESSED[0x000000bc])

    Exec Addr    Load Addr    Size         Type   Attr      Idx    E Section Name        Object

    0x20000000   COMPRESSED   0x00000054   Data   RW          113    .data               ano_scheduler.o
    0x20000054   COMPRESSED   0x00000005   Data   RW          142    .data               user_task.o
    0x20000059   COMPRESSED   0x00000006   Data   RW          171    .data               ano_dt_lx.o
    0x2000005f   COMPRESSED   0x00000001   PAD
    0x20000060   COMPRESSED   0x0000001c   Data   RW          210    .data               ano_lx.o
    0x2000007c   COMPRESSED   0x00000004   Data   RW          257    .data               lx_fc_ext_sensor.o
    0x20000080   COMPRESSED   0x00000001   Data   RW          279    .data               lx_fc_fun.o
    0x20000081   COMPRESSED   0x00000001   PAD
    0x20000082   COMPRESSED   0x00000006   Data   RW          297    .data               lx_fc_state.o
    0x20000088   COMPRESSED   0x0000008a   Data   RW          319    .data               my_code.o
    0x20000112   COMPRESSED   0x00000006   PAD
    0x20000118   COMPRESSED   0x00000020   Data   RW          342    .data               drv_hc04.o
    0x20000138   COMPRESSED   0x00000013   Data   RW          362    .data               drv_bsp.o
    0x2000014b   COMPRESSED   0x00000003   Data   RW          410    .data               drv_anoof.o
    0x2000014e   COMPRESSED   0x000000b6   Data   RW          433    .data               drv_ubloxgps.o
    0x20000204   COMPRESSED   0x00000004   PAD
    0x20000208   COMPRESSED   0x00000008   Data   RW          468    .data               drv_sys.o
    0x20000210   COMPRESSED   0x0000000c   Data   RW          518    .data               drv_led.o
    0x2000021c   COMPRESSED   0x00000004   Data   RW          556    .data               drv_rcin.o
    0x20000220   COMPRESSED   0x00000014   Data   RW          594    .data               drv_uart.o
    0x20000234   COMPRESSED   0x00000014   Data   RW          624    .data               system_stm32f4xx.o
    0x20000248   COMPRESSED   0x00000010   Data   RW          749    .data               stm32f4xx_rcc.o
    0x20000258        -       0x00000750   Zero   RW          170    .bss                ano_dt_lx.o
    0x200009a8        -       0x00000038   Zero   RW          209    .bss                ano_lx.o
    0x200009e0        -       0x00000030   Zero   RW          256    .bss                lx_fc_ext_sensor.o
    0x20000a10        -       0x0000000b   Zero   RW          296    .bss                lx_fc_state.o
    0x20000a1b   COMPRESSED   0x00000001   PAD
    0x20000a1c        -       0x0000000a   Zero   RW          341    .bss                drv_hc04.o
    0x20000a26        -       0x0000006b   Zero   RW          361    .bss                drv_bsp.o
    0x20000a91   COMPRESSED   0x00000003   PAD
    0x20000a94        -       0x0000007c   Zero   RW          409    .bss                drv_anoof.o
    0x20000b10        -       0x00000064   Zero   RW          432    .bss                drv_ubloxgps.o
    0x20000b74        -       0x00000064   Zero   RW          496    .bss                drv_adc.o
    0x20000bd8        -       0x000006f4   Zero   RW          593    .bss                drv_uart.o
    0x200012cc   COMPRESSED   0x00000004   PAD
    0x200012d0        -       0x00000800   Zero   RW          615    STACK               startup_stm32f4xx.o


==============================================================================

Image component sizes


      Code (inc. data)   RO Data    RW Data    ZI Data      Debug   Object Name

      1940         84          0          6       1872       6158   ano_dt_lx.o
      1264        116          0         28         56       5294   ano_lx.o
      2172        142       1028          0          0       7722   ano_math.o
       364         52          0         84          0       2072   ano_scheduler.o
       404         36          0          0        100       1849   drv_adc.o
       832         36          0          3        124       3038   drv_anoof.o
      1236         64          0         19        107       3530   drv_bsp.o
       724         36          0         32         10       1862   drv_hc04.o
       284         12          0         12          0       2474   drv_led.o
       892         38          0          0          0       1799   drv_pwmout.o
       484         20          0          4          0       1436   drv_rcin.o
       264         12          0          8          0      20293   drv_sys.o
       140          4          0          0          0        911   drv_timer.o
      2640        170          0         20       1780       8995   drv_uart.o
       936         82          0        182        100       3383   drv_ubloxgps.o
       228         30          0          4         48       2571   lx_fc_ext_sensor.o
      1048         14          0          1          0       3877   lx_fc_fun.o
       644         30          0          6         11       1999   lx_fc_state.o
        20          0          0          0          0     299353   main.o
       448         30         72          0          0       2261   misc.o
      1124        164          0        138          0       4767   my_code.o
        36          8        392          0       2048        948   startup_stm32f4xx.o
      4060        104         81          0          0      13578   stm32f4xx_adc.o
      4968        316         81          0          0       9189   stm32f4xx_dma.o
       724         14         82          0          0       2939   stm32f4xx_exti.o
      2248         86         82          0          0       5641   stm32f4xx_gpio.o
       124          4          0          0          0       2314   stm32f4xx_it.o
      3324        218         81         16          0      13771   stm32f4xx_rcc.o
     12780        628         81          0          0      31432   stm32f4xx_tim.o
      3620        116         83          0          0      10312   stm32f4xx_usart.o
       528         46          0         20          0       2167   system_stm32f4xx.o
       520         96          0          5          0       1077   user_task.o

    ----------------------------------------------------------------------
     51020       2808       2112        600       6264     479012   Object Totals
         0          0         32          0          0          0   (incl. Generated)
         0          0         17         12          8          0   (incl. Padding)

    ----------------------------------------------------------------------

      Code (inc. data)   RO Data    RW Data    ZI Data      Debug   Library Member Name

        86          0          0          0          0          0   __dczerorl2.o
         0          0          0          0          0          0   entry.o
         0          0          0          0          0          0   entry10a.o
         0          0          0          0          0          0   entry11a.o
         4          0          0          0          0          0   entry12b.o
         8          4          0          0          0          0   entry2.o
         4          0          0          0          0          0   entry5.o
         0          0          0          0          0          0   entry7b.o
         0          0          0          0          0          0   entry8b.o
         8          4          0          0          0          0   entry9a.o
        30          0          0          0          0          0   handlers.o
        36          8          0          0          0         68   init.o
         0          0          0          0          0          0   iusefp.o
        98          0          0          0          0         84   ldiv.o
        30          0          0          0          0         68   llshl.o
        36          0          0          0          0         68   llsshr.o
        32          0          0          0          0         68   llushr.o
        98          0          0          0          0         92   uldiv.o
        48          0          0          0          0         68   cdcmple.o
        48          0          0          0          0         68   cdrcmple.o
        56          0          0          0          0         88   d2f.o
       334          0          0          0          0        148   dadd.o
       186          0          0          0          0        176   depilogue.o
        34          0          0          0          0         76   dflti.o
       228          0          0          0          0         96   dmul.o
       110          0          0          0          0        168   fepilogue.o

    ----------------------------------------------------------------------
      1516         16          0          0          0       1336   Library Totals
         2          0          0          0          0          0   (incl. Padding)

    ----------------------------------------------------------------------

      Code (inc. data)   RO Data    RW Data    ZI Data      Debug   Library Name

       470         16          0          0          0        448   mc_w.l
      1044          0          0          0          0        888   mf_w.l

    ----------------------------------------------------------------------
      1516         16          0          0          0       1336   Library Totals

    ----------------------------------------------------------------------

==============================================================================


      Code (inc. data)   RO Data    RW Data    ZI Data      Debug   

     52536       2824       2112        600       6264     474408   Grand Totals
     52536       2824       2112        188       6264     474408   ELF Image Totals (compressed)
     52536       2824       2112        188          0          0   ROM Totals

==============================================================================

    Total RO  Size (Code + RO Data)                54648 (  53.37kB)
    Total RW  Size (RW Data + ZI Data)              6864 (   6.70kB)
    Total ROM Size (Code + RO Data + RW Data)      54836 (  53.55kB)

==============================================================================

