<html>
<body>
<pre>
<h1>礦ision Build Log</h1>
<h2>Tool Versions:</h2>
IDE-Version: μVision V5.30.0.0
Copyright (C) 2020 ARM Ltd and ARM Germany GmbH. All rights reserved.
License Information: yalin 植物世界, d, LIC=2TTQ1-CGM48-GQH0H-WIIA9-5WIZY-XI2VG
 
Tool Versions:
Toolchain:       MDK-ARM Professional  Version: 5.30.0.0
Toolchain Path:  G:\Keil530\core\ARM\ARMCC\Bin
C Compiler:      Armcc.exe V5.06 update 6 (build 750)
Assembler:       Armasm.exe V5.06 update 6 (build 750)
Linker/Locator:  ArmLink.exe V5.06 update 6 (build 750)
Library Manager: ArmAr.exe V5.06 update 6 (build 750)
Hex Converter:   FromElf.exe V5.06 update 6 (build 750)
CPU DLL:         SARMCM3.DLL V5.30.0.0
Dialog DLL:      DCM.DLL V1.17.3.0
Target DLL:      STLink\ST-LINKIII-KEIL_SWO.dll V3.0.7.0
Dialog DLL:      TCM.DLL V1.42.0.0
 
<h2>Project:</h2>
G:\中国海洋大学\竞赛\电赛\AAAAAA\MainCODE\USER\STM32ForLX.uvprojx
Project File Date:  08/04/2023

<h2>Output:</h2>
*** Using Compiler 'V5.06 update 6 (build 750)', folder: 'G:\Keil530\core\ARM\ARMCC\Bin'
Rebuild target 'Target 1'
compiling stm32f10x_bkp.c...
compiling main.c...
main.c(43): warning:  #177-D: variable "once_flag"  was declared but never referenced
  	u8 once_flag=1;
main.c: 1 warning, 0 errors
compiling stm32f10x_dac.c...
compiling Timer.c...
compiling stm32f10x_dma.c...
compiling LX_DT.c...
compiling stm32f10x_dbgmcu.c...
compiling misc.c...
compiling stm32f10x_crc.c...
compiling stm32f10x_adc.c...
compiling stm32f10x_can.c...
compiling stm32f10x_exti.c...
compiling stm32f10x_flash.c...
compiling stm32f10x_fsmc.c...
compiling stm32f10x_iwdg.c...
compiling stm32f10x_pwr.c...
compiling stm32f10x_i2c.c...
compiling stm32f10x_rtc.c...
compiling stm32f10x_rcc.c...
compiling stm32f10x_spi.c...
compiling stm32f10x_sdio.c...
compiling stm32f10x_tim.c...
compiling stm32f10x_usart.c...
assembling startup_stm32f10x_md.s...
compiling stm32f10x_wwdg.c...
compiling stm32f10x_gpio.c...
compiling system_stm32f10x.c...
compiling core_cm3.c...
compiling Oled.c...
compiling pwm.c...
compiling Keyboard.c...
compiling delay.c...
compiling usart.c...
linking...
Program Size: Code=3608 RO-data=268 RW-data=72 ZI-data=616  
FromELF: creating hex file...
After Build - User command #1: fromelf --bin --output C:\Users\PC\Desktop\STM32F103C8T6\program\STM32F103C8T6升级版\USER\obj\12345.bin  C:\Users\PC\Desktop\STM32F103C8T6\program\STM32F103C8T6升级版\USER\obj\doubixiaohanhan.axf
"C:\Users\PC\Desktop\STM32F103C8T6\program\STM32F103C8T6???°朕SER\obj\doubixiaohanhan.axf": Error: Q0122E: Could not open file 'C:\Users\PC\Desktop\STM32F103C8T6\program\STM32F103C8T6???°朕SER\obj\doubixiaohanhan.axf': No such file or directory
Finished: 0 information, 0 warning and 1 error messages.
".\obj\doubixiaohanhan.axf" - 0 Error(s), 1 Warning(s).

<h2>Software Packages used:</h2>

Package Vendor: Keil
                http://www.keil.com/pack/Keil.STM32F1xx_DFP.1.0.5.pack
                Keil.STM32F1xx_DFP.1.0.5
                STMicroelectronics STM32F1 Series Device Support, Drivers and Examples

<h2>Collection of Component include folders:</h2>
  .\RTE\_Target_1
  G:\Keil530\Pack\Keil\STM32F1xx_DFP\1.0.5\Device\Include

<h2>Collection of Component Files used:</h2>
Build Time Elapsed:  00:00:03
</pre>
</body>
</html>
