<html>
<body>
<pre>
<h1>礦ision Build Log</h1>
<h2>Tool Versions:</h2>
IDE-Version: μVision V5.25.3.0
Copyright (C) 2018 ARM Ltd and ARM Germany GmbH. All rights reserved.
License Information: 1 1, 1, LIC=VGXG8-3DQLU-CX7U6-D4BNF-HKEDK-YXBBH
 
Tool Versions:
Toolchain:       MDK-ARM Plus  Version: 5.24.1
Toolchain Path:  C:\Keil_v5\ARM\ARMCC\Bin
C Compiler:      Armcc.exe V5.06 update 5 (build 528)
Assembler:       Armasm.exe V5.06 update 5 (build 528)
Linker/Locator:  ArmLink.exe V5.06 update 5 (build 528)
Library Manager: ArmAr.exe V5.06 update 5 (build 528)
Hex Converter:   FromElf.exe V5.06 update 5 (build 528)
CPU DLL:         SARMCM3.DLL V5.24.1
Dialog DLL:      DARMSTM.DLL V1.68.0.0
Target DLL:      CMSIS_AGDI.dll V1.28.3.0
Dialog DLL:      TARMSTM.DLL V1.66.0.0
 
<h2>Project:</h2>
E:\QQFile\无人机_c8t6pwn_lcd_key_uart1 basic1_backup_uart_select_task\无人机_c8t6pwn_lcd_key_uart1 basic1_backup_uart_select_task\Project\Template.uvprojx
Project File Date:  08/01/2023

<h2>Output:</h2>
*** Using Compiler 'V5.06 update 5 (build 528)', folder: 'C:\Keil_v5\ARM\ARMCC\Bin'
Rebuild target 'Target 1'
assembling startup_stm32f10x_md.s...
compiling core_cm3.c...
compiling misc.c...
compiling stm32f10x_dbgmcu.c...
compiling stm32f10x_exti.c...
compiling stm32f10x_flash.c...
compiling stm32f10x_fsmc.c...
compiling delay.c...
compiling stm32f10x_pwr.c...
compiling system_stm32f10x.c...
compiling stm32f10x_rcc.c...
compiling stm32f10x_rtc.c...
compiling stm32f10x_sdio.c...
compiling stm32f10x_tim.c...
compiling stm32f10x_usart.c...
compiling oled.c...
compiling stm32f10x_gpio.c...
compiling ir.c...
compiling main.c...
compiling key.c...
compiling config.c...
compiling stm32f10x_it.c...
..\Source\stm32f10x_it.c(119): warning:  #550-D: variable "buff"  was set but never used
  	u8 buff;
..\Source\stm32f10x_it.c: 1 warning, 0 errors
compiling led.c...
compiling timer.c...
compiling UART.c...
compiling sys.c...
linking...
Program Size: Code=12540 RO-data=2340 RW-data=3624 ZI-data=4160  
"..\Output\Template.axf" - 0 Error(s), 1 Warning(s).

<h2>Software Packages used:</h2>

Package Vendor: Keil
                http://www.keil.com/pack/Keil.STM32F1xx_DFP.2.2.0.pack
                Keil.STM32F1xx_DFP.2.2.0
                STMicroelectronics STM32F1 Series Device Support, Drivers and Examples

<h2>Collection of Component include folders:</h2>
  .\RTE\_Target_1
  C:\Keil_v5\ARM\PACK\Keil\STM32F1xx_DFP\2.2.0\Device\Include

<h2>Collection of Component Files used:</h2>
Build Time Elapsed:  00:00:12
</pre>
</body>
</html>
