<html>
<body>
<pre>
<h1>礦ision Build Log</h1>
<h2>Project:</h2>
D:\1.Work\全向移动机器人\长期项目\轻装版四驱小车附送资料\轻装版四驱车V2\轻装版四驱车附送资料V2\2.CAN发送指令例程\USER\Minibalance.uvproj
Project File Date:  12/30/2016

<h2>Output:</h2>
Build target 'Target 1'
assembling startup_stm32f10x_md.s...
compiling Minibalance.c...
Minibalance.c(32): warning:  #177-D: variable "i" was declared but never referenced
         float i;
Minibalance.c: 1 warning, 0 errors
compiling delay.c...
compiling sys.c...
compiling usart.c...
compiling LED.C...
compiling key.c...
compiling oled.c...
compiling adc.c...
compiling motor.c...
compiling encoder.c...
compiling IOI2C.c...
compiling usart3.c...
compiling exti.c...
compiling can.c...
compiling inv_mpu.c...
compiling inv_mpu_dmp_motion_driver.c...
compiling filter.c...
compiling DataScope_DP.C...
linking...
Program Size: Code=5776 RO-data=268 RW-data=172 ZI-data=1652  
FromELF: creating hex file...
"..\OBJ\Minibalance.axf" - 0 Error(s), 1 Warning(s).
</pre>
</body>
</html>
