Component: ARM Compiler 5.06 update 7 (build 960) Tool: armlink [4d3601]

==============================================================================

Section Cross References

    main.o(.text) refers to drv_bsp.o(.text) for All_Init
    main.o(.text) refers to ano_scheduler.o(.text) for Scheduler_Setup
    ano_scheduler.o(.text) refers to my_code.o(.text) for keep_hight
    ano_scheduler.o(.text) refers to user_task.o(.text) for UserTask_OneKeyCmd
    ano_scheduler.o(.text) refers to drv_sys.o(.text) for GetSysRunTimeMs
    ano_scheduler.o(.text) refers to my_code.o(.data) for keep_hight_flag
    ano_scheduler.o(.text) refers to ano_scheduler.o(.data) for sched_tasks
    ano_scheduler.o(.data) refers to ano_scheduler.o(.text) for Loop_1000Hz
    user_task.o(.text) refers to lx_fc_fun.o(.text) for OneKey_Land
    user_task.o(.text) refers to my_code.o(.text) for User_Task_Delay
    user_task.o(.text) refers to drv_bsp.o(.bss) for rc_in
    user_task.o(.text) refers to user_task.o(.data) for one_key_land_f
    user_task.o(.text) refers to my_code.o(.data) for keep_hight_flag
    ano_dt_lx.o(.text) refers to drv_uart.o(.text) for DrvUart5SendBuf
    ano_dt_lx.o(.text) refers to ano_dt_lx.o(.bss) for dt
    ano_dt_lx.o(.text) refers to ano_lx.o(.bss) for pwm_to_esc
    ano_dt_lx.o(.text) refers to drv_led.o(.data) for led
    ano_dt_lx.o(.text) refers to lx_fc_state.o(.bss) for fc_sta
    ano_dt_lx.o(.text) refers to ano_lx.o(.data) for fc_vel
    ano_dt_lx.o(.text) refers to ano_dt_lx.o(.data) for rxstate
    ano_dt_lx.o(.text) refers to lx_fc_ext_sensor.o(.bss) for ext_sens
    ano_dt_lx.o(.text) refers to drv_bsp.o(.bss) for rc_in
    ano_lx.o(.text) refers to lx_fc_fun.o(.text) for LX_Change_Mode
    ano_lx.o(.text) refers to ano_math.o(.text) for my_deadzone
    ano_lx.o(.text) refers to drv_pwmout.o(.text) for DrvMotorPWMSet
    ano_lx.o(.text) refers to drv_adc.o(.text) for Drv_AdcGetBatVot
    ano_lx.o(.text) refers to drv_bsp.o(.bss) for rc_in
    ano_lx.o(.text) refers to ano_lx.o(.data) for mod_f
    ano_lx.o(.text) refers to my_code.o(.data) for my_code_control_flag
    ano_lx.o(.text) refers to lx_fc_state.o(.data) for sti_fun
    ano_lx.o(.text) refers to ano_lx.o(.bss) for rt_tar
    ano_lx.o(.text) refers to ano_dt_lx.o(.bss) for dt
    ano_lx.o(.text) refers to lx_fc_state.o(.bss) for fc_sta
    ano_lx.o(.text) refers to drv_bsp.o(.text) for DrvRcInputTask
    ano_lx.o(.text) refers to lx_fc_state.o(.text) for LX_FC_State_Task
    ano_lx.o(.text) refers to drv_anoof.o(.text) for AnoOF_Check_State
    ano_lx.o(.text) refers to drv_uart.o(.text) for DrvUartDataCheck
    ano_lx.o(.text) refers to drv_ubloxgps.o(.text) for GPS_Data_Prepare_Task
    ano_lx.o(.text) refers to lx_fc_ext_sensor.o(.text) for LX_FC_EXT_Sensor_Task
    ano_lx.o(.text) refers to ano_dt_lx.o(.text) for ANO_LX_Data_Exchange_Task
    ano_lx.o(.text) refers to drv_led.o(.text) for LED_1ms_DRV
    lx_fc_ext_sensor.o(.text) refers to drv_anoof.o(.bss) for ano_of
    lx_fc_ext_sensor.o(.text) refers to lx_fc_ext_sensor.o(.data) for of_alt_update_cnt
    lx_fc_ext_sensor.o(.text) refers to lx_fc_ext_sensor.o(.bss) for ext_sens
    lx_fc_ext_sensor.o(.text) refers to ano_dt_lx.o(.bss) for dt
    lx_fc_fun.o(.text) refers to ano_dt_lx.o(.text) for CMD_Send
    lx_fc_fun.o(.text) refers to lx_fc_state.o(.bss) for fc_sta
    lx_fc_fun.o(.text) refers to ano_dt_lx.o(.bss) for dt
    lx_fc_fun.o(.text) refers to lx_fc_fun.o(.data) for old_mode
    lx_fc_state.o(.text) refers to lx_fc_fun.o(.text) for FC_Unlock
    lx_fc_state.o(.text) refers to drv_bsp.o(.bss) for rc_in
    lx_fc_state.o(.text) refers to lx_fc_state.o(.data) for sti_fun
    lx_fc_state.o(.text) refers to lx_fc_state.o(.bss) for fc_sta
    my_code.o(.text) refers to lx_fc_fun.o(.text) for FC_Lock
    my_code.o(.text) refers to ano_lx.o(.data) for fc_att
    my_code.o(.text) refers to my_code.o(.data) for rol
    my_code.o(.text) refers to drv_anoof.o(.bss) for ano_of
    my_code.o(.text) refers to user_task.o(.data) for Task_time_dly_cnt_ms
    drv_bsp.o(.text) refers to drv_rcin.o(.text) for DrvRcPpmInit
    drv_bsp.o(.text) refers to drv_sys.o(.text) for DrvSysInit
    drv_bsp.o(.text) refers to drv_led.o(.text) for DvrLedInit
    drv_bsp.o(.text) refers to drv_pwmout.o(.text) for DrvPwmOutInit
    drv_bsp.o(.text) refers to drv_uart.o(.text) for DrvUart2Init
    drv_bsp.o(.text) refers to drv_adc.o(.text) for DrvAdcInit
    drv_bsp.o(.text) refers to ano_dt_lx.o(.text) for ANO_DT_Init
    drv_bsp.o(.text) refers to drv_ubloxgps.o(.text) for Init_GPS
    drv_bsp.o(.text) refers to drv_timer.o(.text) for DrvTimerFcInit
    drv_bsp.o(.text) refers to drv_bsp.o(.bss) for rc_in
    drv_bsp.o(.text) refers to drv_bsp.o(.data) for ch_sta
    ano_math.o(.text) refers to cdcmple.o(.text) for __aeabi_cdcmple
    ano_math.o(.text) refers to dmul.o(.text) for __aeabi_dmul
    ano_math.o(.text) refers to dadd.o(.text) for __aeabi_dadd
[...]
    ..\\DriversMcu\\STM32F407\\Libraries\\STM32F4xx_StdPeriph_Driver\\src\\stm32f4xx_flash.c 0x00000000   Number         0  stm32f4xx_flash.o ABSOLUTE
    ..\\DriversMcu\\STM32F407\\Libraries\\STM32F4xx_StdPeriph_Driver\\src\\stm32f4xx_gpio.c 0x00000000   Number         0  stm32f4xx_gpio.o ABSOLUTE
    ..\\DriversMcu\\STM32F407\\Libraries\\STM32F4xx_StdPeriph_Driver\\src\\stm32f4xx_rcc.c 0x00000000   Number         0  stm32f4xx_rcc.o ABSOLUTE
    ..\\DriversMcu\\STM32F407\\Libraries\\STM32F4xx_StdPeriph_Driver\\src\\stm32f4xx_spi.c 0x00000000   Number         0  stm32f4xx_spi.o ABSOLUTE
    ..\\DriversMcu\\STM32F407\\Libraries\\STM32F4xx_StdPeriph_Driver\\src\\stm32f4xx_tim.c 0x00000000   Number         0  stm32f4xx_tim.o ABSOLUTE
    ..\\DriversMcu\\STM32F407\\Libraries\\STM32F4xx_StdPeriph_Driver\\src\\stm32f4xx_usart.c 0x00000000   Number         0  stm32f4xx_usart.o ABSOLUTE
    ..\\FcSrc\\ANO_DT_LX.c                   0x00000000   Number         0  ano_dt_lx.o ABSOLUTE
    ..\\FcSrc\\ANO_LX.c                      0x00000000   Number         0  ano_lx.o ABSOLUTE
    ..\\FcSrc\\Ano_Scheduler.c               0x00000000   Number         0  ano_scheduler.o ABSOLUTE
    ..\\FcSrc\\LX_FC_EXT_Sensor.c            0x00000000   Number         0  lx_fc_ext_sensor.o ABSOLUTE
    ..\\FcSrc\\LX_FC_Fun.c                   0x00000000   Number         0  lx_fc_fun.o ABSOLUTE
    ..\\FcSrc\\LX_FC_State.c                 0x00000000   Number         0  lx_fc_state.o ABSOLUTE
    ..\\FcSrc\\User_Task.c                   0x00000000   Number         0  user_task.o ABSOLUTE
    ..\\FcSrc\\main.c                        0x00000000   Number         0  main.o ABSOLUTE
    ..\\FcSrc\\my_code.c                     0x00000000   Number         0  my_code.o ABSOLUTE
    cdcmple.s                                0x00000000   Number         0  cdcmple.o ABSOLUTE
    cdrcmple.s                               0x00000000   Number         0  cdrcmple.o ABSOLUTE
    dc.s                                     0x00000000   Number         0  dc.o ABSOLUTE
    handlers.s                               0x00000000   Number         0  handlers.o ABSOLUTE
    init.s                                   0x00000000   Number         0  init.o ABSOLUTE
    RESET                                    0x08000000   Section      392  startup_stm32f4xx.o(RESET)
    .ARM.Collect$$$$00000000                 0x08000188   Section        0  entry.o(.ARM.Collect$$$$00000000)
    .ARM.Collect$$$$00000001                 0x08000188   Section        4  entry2.o(.ARM.Collect$$$$00000001)
    .ARM.Collect$$$$00000004                 0x0800018c   Section        4  entry5.o(.ARM.Collect$$$$00000004)
    .ARM.Collect$$$$00000008                 0x08000190   Section        0  entry7b.o(.ARM.Collect$$$$00000008)
    .ARM.Collect$$$$0000000A                 0x08000190   Section        0  entry8b.o(.ARM.Collect$$$$0000000A)
    .ARM.Collect$$$$0000000B                 0x08000190   Section        8  entry9a.o(.ARM.Collect$$$$0000000B)
    .ARM.Collect$$$$0000000E                 0x08000198   Section        4  entry12b.o(.ARM.Collect$$$$0000000E)
    .ARM.Collect$$$$0000000F                 0x0800019c   Section        0  entry10a.o(.ARM.Collect$$$$0000000F)
    .ARM.Collect$$$$00000011                 0x0800019c   Section        0  entry11a.o(.ARM.Collect$$$$00000011)
    .ARM.Collect$$$$00002712                 0x0800019c   Section        4  entry2.o(.ARM.Collect$$$$00002712)
    __lit__00000000                          0x0800019c   Data           4  entry2.o(.ARM.Collect$$$$00002712)
    .text                                    0x080001a0   Section        0  main.o(.text)
    .text                                    0x080001b4   Section        0  ano_scheduler.o(.text)
    Loop_1000Hz                              0x080001b5   Thumb Code     2  ano_scheduler.o(.text)
    Loop_500Hz                               0x080001b7   Thumb Code     2  ano_scheduler.o(.text)
    Loop_200Hz                               0x080001b9   Thumb Code    22  ano_scheduler.o(.text)
    Loop_100Hz                               0x080001cf   Thumb Code     2  ano_scheduler.o(.text)
    Loop_50Hz                                0x080001d1   Thumb Code     2  ano_scheduler.o(.text)
    Loop_20Hz                                0x080001d3   Thumb Code    12  ano_scheduler.o(.text)
    Loop_2Hz                                 0x080001df   Thumb Code     2  ano_scheduler.o(.text)
    .text                                    0x08000280   Section        0  user_task.o(.text)
    .text                                    0x0800047c   Section        0  ano_dt_lx.o(.text)
    ANO_DT_LX_Send_Data                      0x08000523   Thumb Code    16  ano_dt_lx.o(.text)
    ANO_DT_LX_Data_Receive_Anl               0x0800054d   Thumb Code   486  ano_dt_lx.o(.text)
    Add_Send_Data                            0x08000835   Thumb Code   444  ano_dt_lx.o(.text)
    Frame_Send                               0x080009f1   Thumb Code   190  ano_dt_lx.o(.text)
    Check_To_Send                            0x08000aaf   Thumb Code   138  ano_dt_lx.o(.text)
    CK_Back_Check                            0x08000b93   Thumb Code    90  ano_dt_lx.o(.text)
    .text                                    0x08000c10   Section        0  ano_lx.o(.text)
    RC_Data_Task                             0x08000c11   Thumb Code   604  ano_lx.o(.text)
    ESC_Output                               0x08000e6d   Thumb Code   364  ano_lx.o(.text)
    Bat_Voltage_Data_Handle                  0x08000fd9   Thumb Code    28  ano_lx.o(.text)
    .text                                    0x080010fc   Section        0  lx_fc_ext_sensor.o(.text)
    General_Velocity_Data_Handle             0x0800114b   Thumb Code   120  lx_fc_ext_sensor.o(.text)
    .text                                    0x080011e0   Section        0  lx_fc_fun.o(.text)
    .text                                    0x080015c4   Section        0  lx_fc_state.o(.text)
    LX_Unlock_Lock_Check                     0x080015c5   Thumb Code   438  lx_fc_state.o(.text)
    .text                                    0x08001848   Section        0  my_code.o(.text)
    .text                                    0x08001a80   Section        0  drv_bsp.o(.text)
    rcSignalCheck                            0x08001d7f   Thumb Code   168  drv_bsp.o(.text)
    .text                                    0x08001f54   Section        0  ano_math.o(.text)
    .text                                    0x080027d0   Section        0  drv_anoof.o(.text)
    AnoOF_DataAnl                            0x08002885   Thumb Code   364  drv_anoof.o(.text)
    .text                                    0x08002b10   Section        0  drv_ubloxgps.o(.text)
    .text                                    0x08002eb8   Section        0  stm32f4xx_it.o(.text)
    .text                                    0x08002f34   Section        0  drv_sys.o(.text)
    .text                                    0x0800303c   Section        0  drv_adc.o(.text)
    initAdcDMA                               0x0800303d   Thumb Code   108  drv_adc.o(.text)
    .text                                    0x080031d0   Section        0  drv_led.o(.text)
    .text                                    0x080032ec   Section        0  drv_pwmout.o(.text)
    .text                                    0x08003668   Section        0  drv_rcin.o(.text)
    .text                                    0x0800384c   Section        0  drv_timer.o(.text)
    .text                                    0x080038d8   Section        0  drv_uart.o(.text)
    .text                                    0x08004328   Section       36  startup_stm32f4xx.o(.text)
    $v0                                      0x08004328   Number         0  startup_stm32f4xx.o(.text)
    .text                                    0x0800434c   Section        0  system_stm32f4xx.o(.text)
    SetSysClock                              0x0800434d   Thumb Code   220  system_stm32f4xx.o(.text)
    .text                                    0x0800455c   Section        0  misc.o(.text)
    .text                                    0x0800471c   Section        0  stm32f4xx_adc.o(.text)
    .text                                    0x080056f8   Section        0  stm32f4xx_dma.o(.text)
    .text                                    0x08006a60   Section        0  stm32f4xx_exti.o(.text)
    .text                                    0x08006d34   Section        0  stm32f4xx_gpio.o(.text)
    .text                                    0x080075fc   Section        0  stm32f4xx_rcc.o(.text)
    .text                                    0x080082f8   Section        0  stm32f4xx_tim.o(.text)
    TI4_Config                               0x08009f71   Thumb Code    80  stm32f4xx_tim.o(.text)
    TI3_Config                               0x0800a055   Thumb Code    72  stm32f4xx_tim.o(.text)
    TI2_Config                               0x0800a113   Thumb Code    80  stm32f4xx_tim.o(.text)
    TI1_Config                               0x0800a1e9   Thumb Code    58  stm32f4xx_tim.o(.text)
    .text                                    0x0800b4e4   Section        0  stm32f4xx_usart.o(.text)
    .text                                    0x0800c308   Section        0  dadd.o(.text)
    .text                                    0x0800c456   Section        0  dmul.o(.text)
    .text                                    0x0800c53a   Section        0  dflti.o(.text)
    .text                                    0x0800c55c   Section       48  cdcmple.o(.text)
    .text                                    0x0800c58c   Section       48  cdrcmple.o(.text)
    .text                                    0x0800c5bc   Section        0  d2f.o(.text)
    .text                                    0x0800c5f4   Section        0  llshl.o(.text)
    .text                                    0x0800c612   Section        0  llsshr.o(.text)
    .text                                    0x0800c636   Section        0  iusefp.o(.text)
    .text                                    0x0800c636   Section        0  fepilogue.o(.text)
    .text                                    0x0800c6a4   Section        0  depilogue.o(.text)
    .text                                    0x0800c760   Section       36  init.o(.text)
    .text                                    0x0800c784   Section        0  llushr.o(.text)
    .text                                    0x0800c7a4   Section        0  __dczerorl2.o(.text)
    i.__scatterload_copy                     0x0800c7fa   Section       14  handlers.o(i.__scatterload_copy)
    i.__scatterload_null                     0x0800c808   Section        2  handlers.o(i.__scatterload_null)
    i.__scatterload_zeroinit                 0x0800c80a   Section       14  handlers.o(i.__scatterload_zeroinit)
    .constdata                               0x0800c818   Section     1028  ano_math.o(.constdata)
    .conststring                             0x0800cc1c   Section       72  misc.o(.conststring)
    .conststring                             0x0800cc64   Section       81  stm32f4xx_adc.o(.conststring)
    .conststring                             0x0800ccb8   Section       81  stm32f4xx_dma.o(.conststring)
    .conststring                             0x0800cd0c   Section       82  stm32f4xx_exti.o(.conststring)
    .conststring                             0x0800cd60   Section       82  stm32f4xx_gpio.o(.conststring)
    .conststring                             0x0800cdb4   Section       81  stm32f4xx_rcc.o(.conststring)
    .conststring                             0x0800ce08   Section       81  stm32f4xx_tim.o(.conststring)
    .conststring                             0x0800ce5c   Section       83  stm32f4xx_usart.o(.conststring)
    .data                                    0x20000000   Section       84  ano_scheduler.o(.data)
    sched_tasks                              0x20000000   Data          84  ano_scheduler.o(.data)
    .data                                    0x20000054   Section        5  user_task.o(.data)
    one_key_land_f                           0x20000057   Data           1  user_task.o(.data)
    one_key_mission_f                        0x20000058   Data           1  user_task.o(.data)
    .data                                    0x20000059   Section        6  ano_dt_lx.o(.data)
    DT_data_cnt                              0x20000059   Data           1  ano_dt_lx.o(.data)
    repeat_cnt                               0x2000005a   Data           1  ano_dt_lx.o(.data)
    _data_len                                0x2000005b   Data           1  ano_dt_lx.o(.data)
    _data_cnt                                0x2000005c   Data           1  ano_dt_lx.o(.data)
    rxstate                                  0x2000005d   Data           1  ano_dt_lx.o(.data)
    time_dly                                 0x2000005e   Data           1  ano_dt_lx.o(.data)
    .data                                    0x20000060   Section       28  ano_lx.o(.data)
    fail_safe_change_mod                     0x20000071   Data           1  ano_lx.o(.data)
    fail_safe_return_home                    0x20000072   Data           1  ano_lx.o(.data)
    mod_f                                    0x20000073   Data           3  ano_lx.o(.data)
    esc_calibrated                           0x20000076   Data           1  ano_lx.o(.data)
    tmp_cnt                                  0x20000078   Data           4  ano_lx.o(.data)
    .data                                    0x2000007c   Section        4  lx_fc_ext_sensor.o(.data)
    of_update_cnt                            0x2000007c   Data           1  lx_fc_ext_sensor.o(.data)
    of_alt_update_cnt                        0x2000007d   Data           1  lx_fc_ext_sensor.o(.data)
    dT_ms                                    0x2000007e   Data           1  lx_fc_ext_sensor.o(.data)
    of_alt_update_cnt                        0x2000007f   Data           1  lx_fc_ext_sensor.o(.data)
    .data                                    0x20000080   Section        1  lx_fc_fun.o(.data)
    old_mode                                 0x20000080   Data           1  lx_fc_fun.o(.data)
    .data                                    0x20000082   Section        6  lx_fc_state.o(.data)
    time_dly_cnt_ms                          0x20000084   Data           2  lx_fc_state.o(.data)
    unlock_lock_flag                         0x20000086   Data           1  lx_fc_state.o(.data)
    cali_f                                   0x20000087   Data           1  lx_fc_state.o(.data)
    .data                                    0x20000088   Section       76  my_code.o(.data)
    step                                     0x200000d0   Data           4  my_code.o(.data)
    .data                                    0x200000d4   Section       19  drv_bsp.o(.data)
    ch_sta                                   0x200000d4   Data           1  drv_bsp.o(.data)
    sbus_time                                0x200000d8   Data           8  drv_bsp.o(.data)
    cnt                                      0x200000e0   Data           1  drv_bsp.o(.data)
    frame_cnt                                0x200000e1   Data           1  drv_bsp.o(.data)
    cnt_tmp                                  0x200000e2   Data           1  drv_bsp.o(.data)
    time_dly                                 0x200000e4   Data           2  drv_bsp.o(.data)
    failsafe                                 0x200000e6   Data           1  drv_bsp.o(.data)
    .data                                    0x200000e7   Section        3  drv_anoof.o(.data)
    _data_len                                0x200000e7   Data           1  drv_anoof.o(.data)
    _data_cnt                                0x200000e8   Data           1  drv_anoof.o(.data)
    rxstate                                  0x200000e9   Data           1  drv_anoof.o(.data)
    .data                                    0x200000ea   Section      182  drv_ubloxgps.o(.data)
    protocol_class                           0x20000199   Data           1  drv_ubloxgps.o(.data)
    protocol_id                              0x2000019a   Data           1  drv_ubloxgps.o(.data)
    protocol_length_t                        0x2000019b   Data           1  drv_ubloxgps.o(.data)
    protocol_length                          0x2000019c   Data           2  drv_ubloxgps.o(.data)
    state                                    0x2000019f   Data           1  drv_ubloxgps.o(.data)
    .data                                    0x200001a0   Section        8  drv_sys.o(.data)
    SysRunTimeMs                             0x200001a0   Data           8  drv_sys.o(.data)
    .data                                    0x200001a8   Section       12  drv_led.o(.data)
    led_cnt                                  0x200001ac   Data           8  drv_led.o(.data)
    .data                                    0x200001b4   Section        4  drv_rcin.o(.data)
    temp_cnt                                 0x200001b4   Data           4  drv_rcin.o(.data)
    .data                                    0x200001b8   Section       20  drv_uart.o(.data)
    .data                                    0x200001cc   Section       20  system_stm32f4xx.o(.data)
    .data                                    0x200001e0   Section       16  stm32f4xx_rcc.o(.data)
    APBAHBPrescTable                         0x200001e0   Data          16  stm32f4xx_rcc.o(.data)
    .bss                                     0x200001f0   Section     1872  ano_dt_lx.o(.bss)
    DT_RxBuffer                              0x20000840   Data         256  ano_dt_lx.o(.bss)
    .bss                                     0x20000940   Section       56  ano_lx.o(.bss)
    pwm                                      0x20000968   Data          16  ano_lx.o(.bss)
    .bss                                     0x20000978   Section       48  lx_fc_ext_sensor.o(.bss)
    .bss                                     0x200009a8   Section       11  lx_fc_state.o(.bss)
    .bss                                     0x200009b4   Section      107  drv_bsp.o(.bss)
    datatmp                                  0x20000a06   Data          25  drv_bsp.o(.bss)
    .bss                                     0x20000a20   Section      124  drv_anoof.o(.bss)
    _datatemp                                0x20000a5c   Data          50  drv_anoof.o(.bss)
    check_time_ms                            0x20000a90   Data          12  drv_anoof.o(.bss)
    .bss                                     0x20000a9c   Section      100  drv_ubloxgps.o(.bss)
    .bss                                     0x20000b00   Section      100  drv_adc.o(.bss)
    .bss                                     0x20000b64   Section     1780  drv_uart.o(.bss)
    STACK                                    0x20001258   Section     2048  startup_stm32f4xx.o(STACK)

    Global Symbols

    Symbol Name                              Value     Ov Type        Size  Object(Section)

    BuildAttributes$$THM_ISAv4$E$P$D$K$B$S$7EM$VFPi3$EXTD16$VFPS$VFMA$PE$A:L22UL41UL21$X:L11$S22US41US21$IEEE1$IW$USESV6$~STKCKD$USESV7$~SHL$OTIME$ROPI$EBA8$MICROLIB$REQ8$PRES8$EABIv2 0x00000000   Number         0  anon$$obj.o ABSOLUTE
    __ARM_use_no_argv                        0x00000000   Number         0  main.o ABSOLUTE
    __arm_fini_                               - Undefined Weak Reference
    __cpp_initialize__aeabi_                  - Undefined Weak Reference
    __cxa_finalize                            - Undefined Weak Reference
    _clock_init                               - Undefined Weak Reference
    _microlib_exit                            - Undefined Weak Reference
    __Vectors_Size                           0x00000188   Number         0  startup_stm32f4xx.o ABSOLUTE
    __Vectors                                0x08000000   Data           4  startup_stm32f4xx.o(RESET)
    __Vectors_End                            0x08000188   Data           0  startup_stm32f4xx.o(RESET)
    __main                                   0x08000189   Thumb Code     0  entry.o(.ARM.Collect$$$$00000000)
    _main_stk                                0x08000189   Thumb Code     0  entry2.o(.ARM.Collect$$$$00000001)
    _main_scatterload                        0x0800018d   Thumb Code     0  entry5.o(.ARM.Collect$$$$00000004)
    __main_after_scatterload                 0x08000191   Thumb Code     0  entry5.o(.ARM.Collect$$$$00000004)
    _main_clock                              0x08000191   Thumb Code     0  entry7b.o(.ARM.Collect$$$$00000008)
    _main_cpp_init                           0x08000191   Thumb Code     0  entry8b.o(.ARM.Collect$$$$0000000A)
    _main_init                               0x08000191   Thumb Code     0  entry9a.o(.ARM.Collect$$$$0000000B)
    __rt_lib_shutdown_fini                   0x08000199   Thumb Code     0  entry12b.o(.ARM.Collect$$$$0000000E)
    __rt_final_cpp                           0x0800019d   Thumb Code     0  entry10a.o(.ARM.Collect$$$$0000000F)
    __rt_final_exit                          0x0800019d   Thumb Code     0  entry11a.o(.ARM.Collect$$$$00000011)
    assert_failed                            0x080001a1   Thumb Code     4  main.o(.text)
    main                                     0x080001a5   Thumb Code    16  main.o(.text)
    Scheduler_Setup                          0x080001e1   Thumb Code    76  ano_scheduler.o(.text)
    Scheduler_Run                            0x0800022d   Thumb Code    76  ano_scheduler.o(.text)
    UserTask_OneKeyCmd                       0x08000281   Thumb Code   450  user_task.o(.text)
    ANO_DT_Init                              0x0800047d   Thumb Code   166  ano_dt_lx.o(.text)
    CK_Back                                  0x08000533   Thumb Code    12  ano_dt_lx.o(.text)
    PAR_Back                                 0x0800053f   Thumb Code    14  ano_dt_lx.o(.text)
    ANO_DT_LX_Data_Receive_Prepare           0x08000733   Thumb Code   258  ano_dt_lx.o(.text)
    CMD_Send                                 0x08000b39   Thumb Code    22  ano_dt_lx.o(.text)
    ANO_LX_Data_Exchange_Task                0x08000b4f   Thumb Code    68  ano_dt_lx.o(.text)
    ANO_LX_Task                              0x08000ff5   Thumb Code   250  ano_lx.o(.text)
    LX_FC_EXT_Sensor_Task                    0x080010fd   Thumb Code    78  lx_fc_ext_sensor.o(.text)
    FC_Unlock                                0x080011e1   Thumb Code    56  lx_fc_fun.o(.text)
    FC_Lock                                  0x08001219   Thumb Code    56  lx_fc_fun.o(.text)
    LX_Change_Mode                           0x08001251   Thumb Code    80  lx_fc_fun.o(.text)
    OneKey_Return_Home                       0x080012a1   Thumb Code    50  lx_fc_fun.o(.text)
    OneKey_Takeoff                           0x080012d3   Thumb Code    66  lx_fc_fun.o(.text)
    OneKey_Land                              0x08001315   Thumb Code    50  lx_fc_fun.o(.text)
    Horizontal_Move                          0x08001347   Thumb Code    98  lx_fc_fun.o(.text)
    rise_Move                                0x080013a9   Thumb Code    82  lx_fc_fun.o(.text)
    land_Move                                0x080013fb   Thumb Code    80  lx_fc_fun.o(.text)
    right_Move                               0x0800144b   Thumb Code    82  lx_fc_fun.o(.text)
    left_Move                                0x0800149d   Thumb Code    82  lx_fc_fun.o(.text)
    Horizontal_Calibrate                     0x080014ef   Thumb Code    50  lx_fc_fun.o(.text)
    Mag_Calibrate                            0x08001521   Thumb Code    50  lx_fc_fun.o(.text)
    ACC_Calibrate                            0x08001553   Thumb Code    50  lx_fc_fun.o(.text)
    GYR_Calibrate                            0x08001585   Thumb Code    50  lx_fc_fun.o(.text)
    LX_Cali_Trig_Check                       0x0800177b   Thumb Code   150  lx_fc_state.o(.text)
    LX_FC_State_Task                         0x08001811   Thumb Code    26  lx_fc_state.o(.text)
    get_data                                 0x08001849   Thumb Code   208  my_code.o(.text)
    Limit_max_float                          0x08001919   Thumb Code    40  my_code.o(.text)
    Limit_max_int                            0x08001941   Thumb Code    18  my_code.o(.text)
    keep_hight                               0x08001953   Thumb Code    36  my_code.o(.text)
    keep_dis_x                               0x08001977   Thumb Code    32  my_code.o(.text)
    keep_dis_y                               0x08001997   Thumb Code    32  my_code.o(.text)
    my_one_key_land                          0x080019b7   Thumb Code    68  my_code.o(.text)
    User_Task_Delay                          0x080019fb   Thumb Code    38  my_code.o(.text)
    DrvRcInputInit                           0x08001a81   Thumb Code    20  drv_bsp.o(.text)
    All_Init                                 0x08001a95   Thumb Code    94  drv_bsp.o(.text)
    DrvPpmGetOneCh                           0x08001af3   Thumb Code    92  drv_bsp.o(.text)
    DrvSbusGetOneByte                        0x08001b4f   Thumb Code   560  drv_bsp.o(.text)
    DrvRcInputTask                           0x08001e27   Thumb Code   284  drv_bsp.o(.text)
    my_abs                                   0x08001f55   Thumb Code    26  ano_math.o(.text)
    fast_atan2                               0x08001f6f   Thumb Code   350  ano_math.o(.text)
    my_atan                                  0x080020cd   Thumb Code    24  ano_math.o(.text)
    my_sqrt_reciprocal                       0x080020e5   Thumb Code    76  ano_math.o(.text)
    my_sqrt                                  0x08002131   Thumb Code    20  ano_math.o(.text)
    mx_sin                                   0x08002145   Thumb Code   292  ano_math.o(.text)
    my_sin                                   0x08002269   Thumb Code   108  ano_math.o(.text)
    my_cos                                   0x080022d5   Thumb Code   136  ano_math.o(.text)
    my_deadzone                              0x0800235d   Thumb Code   152  ano_math.o(.text)
    my_deadzone_2                            0x080023f5   Thumb Code    48  ano_math.o(.text)
    my_HPF                                   0x08002425   Thumb Code   346  ano_math.o(.text)
    To_180_degrees_db                        0x0800257f   Thumb Code   108  ano_math.o(.text)
    length_limit                             0x080025eb   Thumb Code   140  ano_math.o(.text)
    fifo                                     0x08002677   Thumb Code    42  ano_math.o(.text)
    rot_vec_2                                0x080026a1   Thumb Code    84  ano_math.o(.text)
    vec_2_cross_product                      0x080026f5   Thumb Code    26  ano_math.o(.text)
    vec_2_dot_product                        0x0800270f   Thumb Code    26  ano_math.o(.text)
    vec_3_cross_product_err_sinx             0x08002729   Thumb Code    86  ano_math.o(.text)
    vec_3_dot_product                        0x0800277f   Thumb Code    38  ano_math.o(.text)
    AnoOF_Check_State                        0x080027d1   Thumb Code   180  drv_anoof.o(.text)
    AnoOF_GetOneByte                         0x080029f1   Thumb Code   252  drv_anoof.o(.text)
    GPS_Data_Prepare_Task                    0x08002b11   Thumb Code   306  drv_ubloxgps.o(.text)
    GPS_Rate_H                               0x08002c43   Thumb Code    12  drv_ubloxgps.o(.text)
    GPS_Rate_L                               0x08002c4f   Thumb Code    12  drv_ubloxgps.o(.text)
    Init_GPS                                 0x08002c5b   Thumb Code   196  drv_ubloxgps.o(.text)
    UBLOX_M8_GPS_Data_Receive                0x08002d1f   Thumb Code   328  drv_ubloxgps.o(.text)
    NMI_Handler                              0x08002eb9   Thumb Code     2  stm32f4xx_it.o(.text)
    MemManage_Handler                        0x08002ebb   Thumb Code     4  stm32f4xx_it.o(.text)
    BusFault_Handler                         0x08002ebf   Thumb Code     4  stm32f4xx_it.o(.text)
    UsageFault_Handler                       0x08002ec3   Thumb Code     4  stm32f4xx_it.o(.text)
    SVC_Handler                              0x08002ec7   Thumb Code     2  stm32f4xx_it.o(.text)
    DebugMon_Handler                         0x08002ec9   Thumb Code     2  stm32f4xx_it.o(.text)
    EXTI9_5_IRQHandler                       0x08002ecb   Thumb Code    18  stm32f4xx_it.o(.text)
    TIM3_IRQHandler                          0x08002edd   Thumb Code     8  stm32f4xx_it.o(.text)
    TIM4_IRQHandler                          0x08002ee5   Thumb Code     2  stm32f4xx_it.o(.text)
    TIM7_IRQHandler                          0x08002ee7   Thumb Code    26  stm32f4xx_it.o(.text)
    USART1_IRQHandler                        0x08002f01   Thumb Code     8  stm32f4xx_it.o(.text)
    USART2_IRQHandler                        0x08002f09   Thumb Code     8  stm32f4xx_it.o(.text)
    USART3_IRQHandler                        0x08002f11   Thumb Code     8  stm32f4xx_it.o(.text)
    UART4_IRQHandler                         0x08002f19   Thumb Code     8  stm32f4xx_it.o(.text)
    UART5_IRQHandler                         0x08002f21   Thumb Code     8  stm32f4xx_it.o(.text)
    USART6_IRQHandler                        0x08002f29   Thumb Code     8  stm32f4xx_it.o(.text)
    SysTick_Init                             0x08002f35   Thumb Code   100  drv_sys.o(.text)
    SysTick_Handler                          0x08002f99   Thumb Code    20  drv_sys.o(.text)
    GetSysRunTimeMs                          0x08002fad   Thumb Code     6  drv_sys.o(.text)
    GetSysRunTimeUs                          0x08002fb3   Thumb Code    62  drv_sys.o(.text)
    MyDelayUs                                0x08002ff1   Thumb Code    24  drv_sys.o(.text)
    MyDelayMs                                0x08003009   Thumb Code    24  drv_sys.o(.text)
    DrvSysInit                               0x08003021   Thumb Code    16  drv_sys.o(.text)
    DrvAdcInit                               0x080030a9   Thumb Code   168  drv_adc.o(.text)
    Drv_AdcGetBatVot                         0x08003151   Thumb Code    92  drv_adc.o(.text)
    DvrLedInit                               0x080031d1   Thumb Code   112  drv_led.o(.text)
    LED_On_Off                               0x08003241   Thumb Code    82  drv_led.o(.text)
    LED_1ms_DRV                              0x08003293   Thumb Code    78  drv_led.o(.text)
    DrvPwmOutInit                            0x080032ed   Thumb Code   742  drv_pwmout.o(.text)
    DrvMotorPWMSet                           0x080035d3   Thumb Code   112  drv_pwmout.o(.text)
    DrvRcPpmInit                             0x08003669   Thumb Code   176  drv_rcin.o(.text)
    PPM_IRQH                                 0x08003719   Thumb Code    82  drv_rcin.o(.text)
    DrvRcSbusInit                            0x0800376b   Thumb Code   166  drv_rcin.o(.text)
    Sbus_IRQH                                0x08003811   Thumb Code    40  drv_rcin.o(.text)
    TIM_CONF                                 0x0800384d   Thumb Code    80  drv_timer.o(.text)
    TIM_NVIC                                 0x0800389d   Thumb Code    32  drv_timer.o(.text)
    DrvTimerFcInit                           0x080038bd   Thumb Code    24  drv_timer.o(.text)
    NoUse                                    0x080038d9   Thumb Code     2  drv_uart.o(.text)
    DrvUart1Init                             0x080038db   Thumb Code   246  drv_uart.o(.text)
    DrvUart1SendBuf                          0x080039d1   Thumb Code    60  drv_uart.o(.text)
    drvU1GetByte                             0x08003a0d   Thumb Code    32  drv_uart.o(.text)
    drvU1DataCheck                           0x08003a2d   Thumb Code    52  drv_uart.o(.text)
    Usart1_IRQ                               0x08003a61   Thumb Code   110  drv_uart.o(.text)
    DrvUart2Init                             0x08003acf   Thumb Code   234  drv_uart.o(.text)
    DrvUart2SendBuf                          0x08003bb9   Thumb Code    62  drv_uart.o(.text)
    drvU2GetByte                             0x08003bf7   Thumb Code    32  drv_uart.o(.text)
    drvU2DataCheck                           0x08003c17   Thumb Code    52  drv_uart.o(.text)
    Usart2_IRQ                               0x08003c4b   Thumb Code   120  drv_uart.o(.text)
    DrvUart3Init                             0x08003cc3   Thumb Code   312  drv_uart.o(.text)
    DrvUart3SendBuf                          0x08003dfb   Thumb Code    62  drv_uart.o(.text)
    drvU3GetByte                             0x08003e39   Thumb Code    32  drv_uart.o(.text)
    drvU3DataCheck                           0x08003e59   Thumb Code    52  drv_uart.o(.text)
    Usart3_IRQ                               0x08003e8d   Thumb Code   120  drv_uart.o(.text)
    DrvUart4Init                             0x08003f05   Thumb Code   200  drv_uart.o(.text)
    DrvUart4SendBuf                          0x08003fcd   Thumb Code    62  drv_uart.o(.text)
    drvU4GetByte                             0x0800400b   Thumb Code    32  drv_uart.o(.text)
    drvU4DataCheck                           0x0800402b   Thumb Code    52  drv_uart.o(.text)
    Uart4_IRQ                                0x0800405f   Thumb Code   120  drv_uart.o(.text)
    DrvUart5Init                             0x080040d7   Thumb Code   288  drv_uart.o(.text)
    DrvUart5SendBuf                          0x080041f7   Thumb Code    60  drv_uart.o(.text)
    drvU5GetByte                             0x08004233   Thumb Code    32  drv_uart.o(.text)
    drvU5DataCheck                           0x08004253   Thumb Code    52  drv_uart.o(.text)
    Uart5_IRQ                                0x08004287   Thumb Code   110  drv_uart.o(.text)
    DrvUartDataCheck                         0x080042f5   Thumb Code    24  drv_uart.o(.text)
    Reset_Handler                            0x08004329   Thumb Code     8  startup_stm32f4xx.o(.text)
    HardFault_Handler                        0x08004333   Thumb Code     2  startup_stm32f4xx.o(.text)
    PendSV_Handler                           0x0800433f   Thumb Code     2  startup_stm32f4xx.o(.text)
    ADC_IRQHandler                           0x08004343   Thumb Code     0  startup_stm32f4xx.o(.text)
    CAN1_RX0_IRQHandler                      0x08004343   Thumb Code     0  startup_stm32f4xx.o(.text)
    CAN1_RX1_IRQHandler                      0x08004343   Thumb Code     0  startup_stm32f4xx.o(.text)
    CAN1_SCE_IRQHandler                      0x08004343   Thumb Code     0  startup_stm32f4xx.o(.text)
    CAN1_TX_IRQHandler                       0x08004343   Thumb Code     0  startup_stm32f4xx.o(.text)
    CAN2_RX0_IRQHandler                      0x08004343   Thumb Code     0  startup_stm32f4xx.o(.text)
    CAN2_RX1_IRQHandler                      0x08004343   Thumb Code     0  startup_stm32f4xx.o(.text)
    CAN2_SCE_IRQHandler                      0x08004343   Thumb Code     0  startup_stm32f4xx.o(.text)
    CAN2_TX_IRQHandler                       0x08004343   Thumb Code     0  startup_stm32f4xx.o(.text)
    CRYP_IRQHandler                          0x08004343   Thumb Code     0  startup_stm32f4xx.o(.text)
    DCMI_IRQHandler                          0x08004343   Thumb Code     0  startup_stm32f4xx.o(.text)
    DMA1_Stream0_IRQHandler                  0x08004343   Thumb Code     0  startup_stm32f4xx.o(.text)
    DMA1_Stream1_IRQHandler                  0x08004343   Thumb Code     0  startup_stm32f4xx.o(.text)
    DMA1_Stream2_IRQHandler                  0x08004343   Thumb Code     0  startup_stm32f4xx.o(.text)
    DMA1_Stream3_IRQHandler                  0x08004343   Thumb Code     0  startup_stm32f4xx.o(.text)
    DMA1_Stream4_IRQHandler                  0x08004343   Thumb Code     0  startup_stm32f4xx.o(.text)
    DMA1_Stream5_IRQHandler                  0x08004343   Thumb Code     0  startup_stm32f4xx.o(.text)
    DMA1_Stream6_IRQHandler                  0x08004343   Thumb Code     0  startup_stm32f4xx.o(.text)
    DMA1_Stream7_IRQHandler                  0x08004343   Thumb Code     0  startup_stm32f4xx.o(.text)
    DMA2_Stream0_IRQHandler                  0x08004343   Thumb Code     0  startup_stm32f4xx.o(.text)
    DMA2_Stream1_IRQHandler                  0x08004343   Thumb Code     0  startup_stm32f4xx.o(.text)
    DMA2_Stream2_IRQHandler                  0x08004343   Thumb Code     0  startup_stm32f4xx.o(.text)
    DMA2_Stream3_IRQHandler                  0x08004343   Thumb Code     0  startup_stm32f4xx.o(.text)
    DMA2_Stream4_IRQHandler                  0x08004343   Thumb Code     0  startup_stm32f4xx.o(.text)
    DMA2_Stream5_IRQHandler                  0x08004343   Thumb Code     0  startup_stm32f4xx.o(.text)
    DMA2_Stream6_IRQHandler                  0x08004343   Thumb Code     0  startup_stm32f4xx.o(.text)
    DMA2_Stream7_IRQHandler                  0x08004343   Thumb Code     0  startup_stm32f4xx.o(.text)
    ETH_IRQHandler                           0x08004343   Thumb Code     0  startup_stm32f4xx.o(.text)
    ETH_WKUP_IRQHandler                      0x08004343   Thumb Code     0  startup_stm32f4xx.o(.text)
    EXTI0_IRQHandler                         0x08004343   Thumb Code     0  startup_stm32f4xx.o(.text)
    EXTI15_10_IRQHandler                     0x08004343   Thumb Code     0  startup_stm32f4xx.o(.text)
    EXTI1_IRQHandler                         0x08004343   Thumb Code     0  startup_stm32f4xx.o(.text)
    EXTI2_IRQHandler                         0x08004343   Thumb Code     0  startup_stm32f4xx.o(.text)
    EXTI3_IRQHandler                         0x08004343   Thumb Code     0  startup_stm32f4xx.o(.text)
    EXTI4_IRQHandler                         0x08004343   Thumb Code     0  startup_stm32f4xx.o(.text)
    FLASH_IRQHandler                         0x08004343   Thumb Code     0  startup_stm32f4xx.o(.text)
    FPU_IRQHandler                           0x08004343   Thumb Code     0  startup_stm32f4xx.o(.text)
    FSMC_IRQHandler                          0x08004343   Thumb Code     0  startup_stm32f4xx.o(.text)
    HASH_RNG_IRQHandler                      0x08004343   Thumb Code     0  startup_stm32f4xx.o(.text)
    I2C1_ER_IRQHandler                       0x08004343   Thumb Code     0  startup_stm32f4xx.o(.text)
    I2C1_EV_IRQHandler                       0x08004343   Thumb Code     0  startup_stm32f4xx.o(.text)
    I2C2_ER_IRQHandler                       0x08004343   Thumb Code     0  startup_stm32f4xx.o(.text)
    I2C2_EV_IRQHandler                       0x08004343   Thumb Code     0  startup_stm32f4xx.o(.text)
    I2C3_ER_IRQHandler                       0x08004343   Thumb Code     0  startup_stm32f4xx.o(.text)
    I2C3_EV_IRQHandler                       0x08004343   Thumb Code     0  startup_stm32f4xx.o(.text)
    OTG_FS_IRQHandler                        0x08004343   Thumb Code     0  startup_stm32f4xx.o(.text)
    OTG_FS_WKUP_IRQHandler                   0x08004343   Thumb Code     0  startup_stm32f4xx.o(.text)
    OTG_HS_EP1_IN_IRQHandler                 0x08004343   Thumb Code     0  startup_stm32f4xx.o(.text)
    OTG_HS_EP1_OUT_IRQHandler                0x08004343   Thumb Code     0  startup_stm32f4xx.o(.text)
    OTG_HS_IRQHandler                        0x08004343   Thumb Code     0  startup_stm32f4xx.o(.text)
    OTG_HS_WKUP_IRQHandler                   0x08004343   Thumb Code     0  startup_stm32f4xx.o(.text)
    PVD_IRQHandler                           0x08004343   Thumb Code     0  startup_stm32f4xx.o(.text)
    RCC_IRQHandler                           0x08004343   Thumb Code     0  startup_stm32f4xx.o(.text)
    RTC_Alarm_IRQHandler                     0x08004343   Thumb Code     0  startup_stm32f4xx.o(.text)
    RTC_WKUP_IRQHandler                      0x08004343   Thumb Code     0  startup_stm32f4xx.o(.text)
    SDIO_IRQHandler                          0x08004343   Thumb Code     0  startup_stm32f4xx.o(.text)
    SPI1_IRQHandler                          0x08004343   Thumb Code     0  startup_stm32f4xx.o(.text)
    SPI2_IRQHandler                          0x08004343   Thumb Code     0  startup_stm32f4xx.o(.text)
    SPI3_IRQHandler                          0x08004343   Thumb Code     0  startup_stm32f4xx.o(.text)
    TAMP_STAMP_IRQHandler                    0x08004343   Thumb Code     0  startup_stm32f4xx.o(.text)
    TIM1_BRK_TIM9_IRQHandler                 0x08004343   Thumb Code     0  startup_stm32f4xx.o(.text)
    TIM1_CC_IRQHandler                       0x08004343   Thumb Code     0  startup_stm32f4xx.o(.text)
    TIM1_TRG_COM_TIM11_IRQHandler            0x08004343   Thumb Code     0  startup_stm32f4xx.o(.text)
    TIM1_UP_TIM10_IRQHandler                 0x08004343   Thumb Code     0  startup_stm32f4xx.o(.text)
    TIM2_IRQHandler                          0x08004343   Thumb Code     0  startup_stm32f4xx.o(.text)
    TIM5_IRQHandler                          0x08004343   Thumb Code     0  startup_stm32f4xx.o(.text)
    TIM6_DAC_IRQHandler                      0x08004343   Thumb Code     0  startup_stm32f4xx.o(.text)
    TIM8_BRK_TIM12_IRQHandler                0x08004343   Thumb Code     0  startup_stm32f4xx.o(.text)
    TIM8_CC_IRQHandler                       0x08004343   Thumb Code     0  startup_stm32f4xx.o(.text)
    TIM8_TRG_COM_TIM14_IRQHandler            0x08004343   Thumb Code     0  startup_stm32f4xx.o(.text)
    TIM8_UP_TIM13_IRQHandler                 0x08004343   Thumb Code     0  startup_stm32f4xx.o(.text)
    WWDG_IRQHandler                          0x08004343   Thumb Code     0  startup_stm32f4xx.o(.text)
    SystemInit                               0x08004429   Thumb Code    88  system_stm32f4xx.o(.text)
    SystemCoreClockUpdate                    0x08004481   Thumb Code   174  system_stm32f4xx.o(.text)
    NVIC_PriorityGroupConfig                 0x0800455d   Thumb Code    54  misc.o(.text)
    NVIC_Init                                0x08004593   Thumb Code   164  misc.o(.text)
    NVIC_SetVectorTable                      0x08004637   Thumb Code    60  misc.o(.text)
    NVIC_SystemLPConfig                      0x08004673   Thumb Code    78  misc.o(.text)
    SysTick_CLKSourceConfig                  0x080046c1   Thumb Code    62  misc.o(.text)
    ADC_DeInit                               0x0800471d   Thumb Code    22  stm32f4xx_adc.o(.text)
    ADC_Init                                 0x08004733   Thumb Code   402  stm32f4xx_adc.o(.text)
    ADC_StructInit                           0x080048c5   Thumb Code    20  stm32f4xx_adc.o(.text)
    ADC_CommonInit                           0x080048d9   Thumb Code   342  stm32f4xx_adc.o(.text)
    ADC_CommonStructInit                     0x08004a2f   Thumb Code    12  stm32f4xx_adc.o(.text)
    ADC_Cmd                                  0x08004a3b   Thumb Code    76  stm32f4xx_adc.o(.text)
    ADC_AnalogWatchdogCmd                    0x08004a87   Thumb Code   102  stm32f4xx_adc.o(.text)
    ADC_AnalogWatchdogThresholdsConfig       0x08004aed   Thumb Code   126  stm32f4xx_adc.o(.text)
    ADC_AnalogWatchdogSingleChannelConfig    0x08004b6b   Thumb Code   136  stm32f4xx_adc.o(.text)
    ADC_TempSensorVrefintCmd                 0x08004bf3   Thumb Code    56  stm32f4xx_adc.o(.text)
    ADC_VBATCmd                              0x08004c2b   Thumb Code    56  stm32f4xx_adc.o(.text)
    ADC_RegularChannelConfig                 0x08004c63   Thumb Code   408  stm32f4xx_adc.o(.text)
    ADC_SoftwareStartConv                    0x08004dfb   Thumb Code    44  stm32f4xx_adc.o(.text)
    ADC_GetSoftwareStartConvStatus           0x08004e27   Thumb Code    54  stm32f4xx_adc.o(.text)
    ADC_EOCOnEachRegularChannelCmd           0x08004e5d   Thumb Code    76  stm32f4xx_adc.o(.text)
    ADC_ContinuousModeCmd                    0x08004ea9   Thumb Code    76  stm32f4xx_adc.o(.text)
    ADC_DiscModeChannelCountConfig           0x08004ef5   Thumb Code   100  stm32f4xx_adc.o(.text)
    ADC_DiscModeCmd                          0x08004f59   Thumb Code    76  stm32f4xx_adc.o(.text)
    ADC_GetConversionValue                   0x08004fa5   Thumb Code    40  stm32f4xx_adc.o(.text)
    ADC_GetMultiModeConversionValue          0x08004fcd   Thumb Code     6  stm32f4xx_adc.o(.text)
    ADC_DMACmd                               0x08004fd3   Thumb Code    76  stm32f4xx_adc.o(.text)
    ADC_DMARequestAfterLastTransferCmd       0x0800501f   Thumb Code    76  stm32f4xx_adc.o(.text)
    ADC_MultiModeDMARequestAfterLastTransferCmd 0x0800506b   Thumb Code    60  stm32f4xx_adc.o(.text)
    ADC_InjectedChannelConfig                0x080050a7   Thumb Code   332  stm32f4xx_adc.o(.text)
    ADC_InjectedSequencerLengthConfig        0x080051f3   Thumb Code    80  stm32f4xx_adc.o(.text)
    ADC_SetInjectedOffset                    0x08005243   Thumb Code   102  stm32f4xx_adc.o(.text)
    ADC_ExternalTrigInjectedConvConfig       0x080052a9   Thumb Code   176  stm32f4xx_adc.o(.text)
    ADC_ExternalTrigInjectedConvEdgeConfig   0x08005359   Thumb Code    82  stm32f4xx_adc.o(.text)
    ADC_SoftwareStartInjectedConv            0x080053ab   Thumb Code    44  stm32f4xx_adc.o(.text)
    ADC_GetSoftwareStartInjectedConvCmdStatus 0x080053d7   Thumb Code    54  stm32f4xx_adc.o(.text)
    ADC_AutoInjectedConvCmd                  0x0800540d   Thumb Code    76  stm32f4xx_adc.o(.text)
    ADC_InjectedDiscModeCmd                  0x08005459   Thumb Code    76  stm32f4xx_adc.o(.text)
    ADC_GetInjectedConversionValue           0x080054a5   Thumb Code    88  stm32f4xx_adc.o(.text)
    ADC_ITConfig                             0x080054fd   Thumb Code   130  stm32f4xx_adc.o(.text)
    ADC_GetFlagStatus                        0x0800557f   Thumb Code    90  stm32f4xx_adc.o(.text)
    ADC_ClearFlag                            0x080055d9   Thumb Code    62  stm32f4xx_adc.o(.text)
    ADC_GetITStatus                          0x08005617   Thumb Code   122  stm32f4xx_adc.o(.text)
    ADC_ClearITPendingBit                    0x08005691   Thumb Code    88  stm32f4xx_adc.o(.text)
    DMA_DeInit                               0x080056f9   Thumb Code   462  stm32f4xx_dma.o(.text)
    DMA_Init                                 0x080058c7   Thumb Code   684  stm32f4xx_dma.o(.text)
    DMA_StructInit                           0x08005b73   Thumb Code    34  stm32f4xx_dma.o(.text)
    DMA_Cmd                                  0x08005b95   Thumb Code   182  stm32f4xx_dma.o(.text)
    DMA_PeriphIncOffsetSizeConfig            0x08005c4b   Thumb Code   184  stm32f4xx_dma.o(.text)
    DMA_FlowControllerConfig                 0x08005d03   Thumb Code   182  stm32f4xx_dma.o(.text)
    DMA_SetCurrDataCounter                   0x08005db9   Thumb Code   146  stm32f4xx_dma.o(.text)
    DMA_GetCurrDataCounter                   0x08005e4b   Thumb Code   146  stm32f4xx_dma.o(.text)
    DMA_DoubleBufferModeConfig               0x08005edd   Thumb Code   204  stm32f4xx_dma.o(.text)
    DMA_DoubleBufferModeCmd                  0x08005fa9   Thumb Code   182  stm32f4xx_dma.o(.text)
    DMA_MemoryTargetConfig                   0x0800605f   Thumb Code   174  stm32f4xx_dma.o(.text)
    DMA_GetCurrentMemoryTarget               0x0800610d   Thumb Code   160  stm32f4xx_dma.o(.text)
    DMA_GetCmdStatus                         0x080061ad   Thumb Code   160  stm32f4xx_dma.o(.text)
    DMA_GetFIFOStatus                        0x0800624d   Thumb Code   152  stm32f4xx_dma.o(.text)
    DMA_GetFlagStatus                        0x080062e5   Thumb Code   486  stm32f4xx_dma.o(.text)
    DMA_ClearFlag                            0x080064cb   Thumb Code   216  stm32f4xx_dma.o(.text)
    DMA_ITConfig                             0x080065a3   Thumb Code   238  stm32f4xx_dma.o(.text)
    DMA_GetITStatus                          0x08006691   Thumb Code   590  stm32f4xx_dma.o(.text)
    DMA_ClearITPendingBit                    0x080068df   Thumb Code   216  stm32f4xx_dma.o(.text)
    EXTI_DeInit                              0x08006a61   Thumb Code    28  stm32f4xx_exti.o(.text)
    EXTI_Init                                0x08006a7d   Thumb Code   236  stm32f4xx_exti.o(.text)
    EXTI_StructInit                          0x08006b69   Thumb Code    16  stm32f4xx_exti.o(.text)
    EXTI_GenerateSWInterrupt                 0x08006b79   Thumb Code    38  stm32f4xx_exti.o(.text)
    EXTI_GetFlagStatus                       0x08006b9f   Thumb Code   158  stm32f4xx_exti.o(.text)
    EXTI_ClearFlag                           0x08006c3d   Thumb Code    30  stm32f4xx_exti.o(.text)
    EXTI_GetITStatus                         0x08006c5b   Thumb Code   172  stm32f4xx_exti.o(.text)
    EXTI_ClearITPendingBit                   0x08006d07   Thumb Code    32  stm32f4xx_exti.o(.text)
    GPIO_DeInit                              0x08006d35   Thumb Code   284  stm32f4xx_gpio.o(.text)
    GPIO_Init                                0x08006e51   Thumb Code   342  stm32f4xx_gpio.o(.text)
    GPIO_StructInit                          0x08006fa7   Thumb Code    18  stm32f4xx_gpio.o(.text)
    GPIO_PinLockConfig                       0x08006fb9   Thumb Code   122  stm32f4xx_gpio.o(.text)
    GPIO_ReadInputDataBit                    0x08007033   Thumb Code   182  stm32f4xx_gpio.o(.text)
    GPIO_ReadInputData                       0x080070e9   Thumb Code   116  stm32f4xx_gpio.o(.text)
    GPIO_ReadOutputDataBit                   0x0800715d   Thumb Code   182  stm32f4xx_gpio.o(.text)
    GPIO_ReadOutputData                      0x08007213   Thumb Code    76  stm32f4xx_gpio.o(.text)
    GPIO_SetBits                             0x0800725f   Thumb Code    94  stm32f4xx_gpio.o(.text)
    GPIO_ResetBits                           0x080072bd   Thumb Code    94  stm32f4xx_gpio.o(.text)
    GPIO_WriteBit                            0x0800731b   Thumb Code   194  stm32f4xx_gpio.o(.text)
    GPIO_Write                               0x080073dd   Thumb Code    76  stm32f4xx_gpio.o(.text)
    GPIO_ToggleBits                          0x08007429   Thumb Code    80  stm32f4xx_gpio.o(.text)
    GPIO_PinAFConfig                         0x08007479   Thumb Code   382  stm32f4xx_gpio.o(.text)
    RCC_DeInit                               0x080075fd   Thumb Code    60  stm32f4xx_rcc.o(.text)
    RCC_HSEConfig                            0x08007639   Thumb Code    38  stm32f4xx_rcc.o(.text)
    RCC_GetFlagStatus                        0x0800765f   Thumb Code   130  stm32f4xx_rcc.o(.text)
    RCC_WaitForHSEStartUp                    0x080076e1   Thumb Code    56  stm32f4xx_rcc.o(.text)
    RCC_AdjustHSICalibrationValue            0x08007719   Thumb Code    38  stm32f4xx_rcc.o(.text)
    RCC_HSICmd                               0x0800773f   Thumb Code    28  stm32f4xx_rcc.o(.text)
    RCC_LSEConfig                            0x0800775b   Thumb Code    72  stm32f4xx_rcc.o(.text)
    RCC_LSICmd                               0x080077a3   Thumb Code    28  stm32f4xx_rcc.o(.text)
    RCC_PLLConfig                            0x080077bf   Thumb Code   156  stm32f4xx_rcc.o(.text)
    RCC_PLLCmd                               0x0800785b   Thumb Code    28  stm32f4xx_rcc.o(.text)
    RCC_PLLI2SConfig                         0x08007877   Thumb Code    62  stm32f4xx_rcc.o(.text)
    RCC_PLLI2SCmd                            0x080078b5   Thumb Code    28  stm32f4xx_rcc.o(.text)
    RCC_ClockSecuritySystemCmd               0x080078d1   Thumb Code    28  stm32f4xx_rcc.o(.text)
    RCC_MCO1Config                           0x080078ed   Thumb Code   102  stm32f4xx_rcc.o(.text)
    RCC_MCO2Config                           0x08007953   Thumb Code   102  stm32f4xx_rcc.o(.text)
    RCC_SYSCLKConfig                         0x080079b9   Thumb Code    68  stm32f4xx_rcc.o(.text)
    RCC_GetSYSCLKSource                      0x080079fd   Thumb Code    10  stm32f4xx_rcc.o(.text)
    RCC_HCLKConfig                           0x08007a07   Thumb Code    66  stm32f4xx_rcc.o(.text)
    RCC_PCLK1Config                          0x08007a49   Thumb Code    58  stm32f4xx_rcc.o(.text)
    RCC_PCLK2Config                          0x08007a83   Thumb Code    60  stm32f4xx_rcc.o(.text)
    RCC_GetClocksFreq                        0x08007abf   Thumb Code   214  stm32f4xx_rcc.o(.text)
    RCC_RTCCLKConfig                         0x08007b95   Thumb Code   260  stm32f4xx_rcc.o(.text)
    RCC_RTCCLKCmd                            0x08007c99   Thumb Code    28  stm32f4xx_rcc.o(.text)
    RCC_BackupResetCmd                       0x08007cb5   Thumb Code    30  stm32f4xx_rcc.o(.text)
    RCC_I2SCLKConfig                         0x08007cd3   Thumb Code    28  stm32f4xx_rcc.o(.text)
    RCC_AHB1PeriphClockCmd                   0x08007cef   Thumb Code    78  stm32f4xx_rcc.o(.text)
    RCC_AHB2PeriphClockCmd                   0x08007d3d   Thumb Code    78  stm32f4xx_rcc.o(.text)
    RCC_AHB3PeriphClockCmd                   0x08007d8b   Thumb Code   234  stm32f4xx_rcc.o(.text)
    RCC_APB1PeriphClockCmd                   0x08007e75   Thumb Code    70  stm32f4xx_rcc.o(.text)
    RCC_APB2PeriphClockCmd                   0x08007ebb   Thumb Code    78  stm32f4xx_rcc.o(.text)
    RCC_AHB1PeriphResetCmd                   0x08007f09   Thumb Code    78  stm32f4xx_rcc.o(.text)
    RCC_AHB2PeriphResetCmd                   0x08007f57   Thumb Code    78  stm32f4xx_rcc.o(.text)
    RCC_AHB3PeriphResetCmd                   0x08007fa5   Thumb Code    78  stm32f4xx_rcc.o(.text)
    RCC_APB1PeriphResetCmd                   0x08007ff3   Thumb Code    78  stm32f4xx_rcc.o(.text)
    RCC_APB2PeriphResetCmd                   0x08008041   Thumb Code    78  stm32f4xx_rcc.o(.text)
    RCC_AHB1PeriphClockLPModeCmd             0x0800808f   Thumb Code    78  stm32f4xx_rcc.o(.text)
    RCC_AHB2PeriphClockLPModeCmd             0x080080dd   Thumb Code    78  stm32f4xx_rcc.o(.text)
    RCC_AHB3PeriphClockLPModeCmd             0x0800812b   Thumb Code    78  stm32f4xx_rcc.o(.text)
    RCC_APB1PeriphClockLPModeCmd             0x08008179   Thumb Code    78  stm32f4xx_rcc.o(.text)
    RCC_APB2PeriphClockLPModeCmd             0x080081c7   Thumb Code    78  stm32f4xx_rcc.o(.text)
    RCC_ITConfig                             0x08008215   Thumb Code   108  stm32f4xx_rcc.o(.text)
    RCC_ClearFlag                            0x08008281   Thumb Code    14  stm32f4xx_rcc.o(.text)
    RCC_GetITStatus                          0x0800828f   Thumb Code    66  stm32f4xx_rcc.o(.text)
    RCC_ClearITPendingBit                    0x080082d1   Thumb Code    32  stm32f4xx_rcc.o(.text)
    TIM_DeInit                               0x080082f9   Thumb Code   440  stm32f4xx_tim.o(.text)
    TIM_TimeBaseInit                         0x080084b1   Thumb Code   278  stm32f4xx_tim.o(.text)
    TIM_TimeBaseStructInit                   0x080085c7   Thumb Code    18  stm32f4xx_tim.o(.text)
    TIM_PrescalerConfig                      0x080085d9   Thumb Code   128  stm32f4xx_tim.o(.text)
    TIM_CounterModeConfig                    0x08008659   Thumb Code   100  stm32f4xx_tim.o(.text)
    TIM_SetCounter                           0x080086bd   Thumb Code   164  stm32f4xx_tim.o(.text)
    TIM_SetAutoreload                        0x08008761   Thumb Code   106  stm32f4xx_tim.o(.text)
    TIM_GetCounter                           0x080087cb   Thumb Code   104  stm32f4xx_tim.o(.text)
    TIM_GetPrescaler                         0x08008833   Thumb Code   104  stm32f4xx_tim.o(.text)
    TIM_UpdateDisableConfig                  0x0800889b   Thumb Code   144  stm32f4xx_tim.o(.text)
    TIM_UpdateRequestConfig                  0x0800892b   Thumb Code   144  stm32f4xx_tim.o(.text)
    TIM_ARRPreloadConfig                     0x080089bb   Thumb Code   144  stm32f4xx_tim.o(.text)
    TIM_SelectOnePulseMode                   0x08008a4b   Thumb Code   138  stm32f4xx_tim.o(.text)
    TIM_SetClockDivision                     0x08008ad5   Thumb Code   190  stm32f4xx_tim.o(.text)
    TIM_Cmd                                  0x08008b93   Thumb Code   144  stm32f4xx_tim.o(.text)
    TIM_OC1Init                              0x08008c23   Thumb Code   400  stm32f4xx_tim.o(.text)
    TIM_OC2Init                              0x08008db3   Thumb Code   474  stm32f4xx_tim.o(.text)
    TIM_OC3Init                              0x08008f8d   Thumb Code   400  stm32f4xx_tim.o(.text)
    TIM_OC4Init                              0x0800911d   Thumb Code   290  stm32f4xx_tim.o(.text)
    TIM_OCStructInit                         0x0800923f   Thumb Code    20  stm32f4xx_tim.o(.text)
    TIM_SelectOCxM                           0x08009253   Thumb Code   250  stm32f4xx_tim.o(.text)
    TIM_SetCompare1                          0x0800934d   Thumb Code   144  stm32f4xx_tim.o(.text)
    TIM_SetCompare2                          0x080093dd   Thumb Code    70  stm32f4xx_tim.o(.text)
    TIM_SetCompare3                          0x08009423   Thumb Code    58  stm32f4xx_tim.o(.text)
    TIM_SetCompare4                          0x0800945d   Thumb Code    58  stm32f4xx_tim.o(.text)
    TIM_ForcedOC1Config                      0x08009497   Thumb Code   126  stm32f4xx_tim.o(.text)
    TIM_ForcedOC2Config                      0x08009515   Thumb Code   110  stm32f4xx_tim.o(.text)
    TIM_ForcedOC3Config                      0x08009583   Thumb Code    90  stm32f4xx_tim.o(.text)
    TIM_ForcedOC4Config                      0x080095dd   Thumb Code    98  stm32f4xx_tim.o(.text)
    TIM_OC1PreloadConfig                     0x0800963f   Thumb Code   124  stm32f4xx_tim.o(.text)
    TIM_OC2PreloadConfig                     0x080096bb   Thumb Code   108  stm32f4xx_tim.o(.text)
    TIM_OC3PreloadConfig                     0x08009727   Thumb Code    88  stm32f4xx_tim.o(.text)
    TIM_OC4PreloadConfig                     0x0800977f   Thumb Code   146  stm32f4xx_tim.o(.text)
    TIM_OC1FastConfig                        0x08009811   Thumb Code   124  stm32f4xx_tim.o(.text)
    TIM_OC2FastConfig                        0x0800988d   Thumb Code   108  stm32f4xx_tim.o(.text)
    TIM_OC3FastConfig                        0x080098f9   Thumb Code    88  stm32f4xx_tim.o(.text)
    TIM_OC4FastConfig                        0x08009951   Thumb Code    96  stm32f4xx_tim.o(.text)
    TIM_ClearOC1Ref                          0x080099b1   Thumb Code   124  stm32f4xx_tim.o(.text)
    TIM_ClearOC2Ref                          0x08009a2d   Thumb Code   106  stm32f4xx_tim.o(.text)
    TIM_ClearOC3Ref                          0x08009a97   Thumb Code    88  stm32f4xx_tim.o(.text)
    TIM_ClearOC4Ref                          0x08009aef   Thumb Code    94  stm32f4xx_tim.o(.text)
    TIM_OC1PolarityConfig                    0x08009b4d   Thumb Code   124  stm32f4xx_tim.o(.text)
    TIM_OC1NPolarityConfig                   0x08009bc9   Thumb Code   114  stm32f4xx_tim.o(.text)
    TIM_OC2PolarityConfig                    0x08009c3b   Thumb Code   108  stm32f4xx_tim.o(.text)
    TIM_OC2NPolarityConfig                   0x08009ca7   Thumb Code    72  stm32f4xx_tim.o(.text)
    TIM_OC3PolarityConfig                    0x08009cef   Thumb Code    96  stm32f4xx_tim.o(.text)
    TIM_OC3NPolarityConfig                   0x08009d4f   Thumb Code    72  stm32f4xx_tim.o(.text)
    TIM_OC4PolarityConfig                    0x08009d97   Thumb Code    96  stm32f4xx_tim.o(.text)
    TIM_CCxCmd                               0x08009df7   Thumb Code   168  stm32f4xx_tim.o(.text)
    TIM_CCxNCmd                              0x08009e9f   Thumb Code   104  stm32f4xx_tim.o(.text)
    TIM_SetIC4Prescaler                      0x08009f07   Thumb Code   106  stm32f4xx_tim.o(.text)
    TIM_SetIC3Prescaler                      0x08009fc1   Thumb Code   148  stm32f4xx_tim.o(.text)
    TIM_SetIC2Prescaler                      0x0800a09d   Thumb Code   118  stm32f4xx_tim.o(.text)
    TIM_SetIC1Prescaler                      0x0800a163   Thumb Code   134  stm32f4xx_tim.o(.text)
    TIM_ICInit                               0x0800a223   Thumb Code   460  stm32f4xx_tim.o(.text)
    TIM_ICStructInit                         0x0800a3ef   Thumb Code    18  stm32f4xx_tim.o(.text)
    TIM_PWMIConfig                           0x0800a401   Thumb Code   234  stm32f4xx_tim.o(.text)
    TIM_GetCapture1                          0x0800a4eb   Thumb Code    92  stm32f4xx_tim.o(.text)
    TIM_GetCapture2                          0x0800a547   Thumb Code    68  stm32f4xx_tim.o(.text)
    TIM_GetCapture3                          0x0800a58b   Thumb Code    56  stm32f4xx_tim.o(.text)
    TIM_GetCapture4                          0x0800a5c3   Thumb Code    56  stm32f4xx_tim.o(.text)
    TIM_BDTRConfig                           0x0800a5fb   Thumb Code   222  stm32f4xx_tim.o(.text)
    TIM_BDTRStructInit                       0x0800a6d9   Thumb Code    18  stm32f4xx_tim.o(.text)
    TIM_CtrlPWMOutputs                       0x0800a6eb   Thumb Code    78  stm32f4xx_tim.o(.text)
    TIM_SelectCOM                            0x0800a739   Thumb Code    72  stm32f4xx_tim.o(.text)
    TIM_CCPreloadControl                     0x0800a781   Thumb Code    72  stm32f4xx_tim.o(.text)
    TIM_ITConfig                             0x0800a7c9   Thumb Code   216  stm32f4xx_tim.o(.text)
    TIM_GenerateEvent                        0x0800a8a1   Thumb Code   126  stm32f4xx_tim.o(.text)
    TIM_GetFlagStatus                        0x0800a91f   Thumb Code   188  stm32f4xx_tim.o(.text)
    TIM_ClearFlag                            0x0800a9db   Thumb Code   108  stm32f4xx_tim.o(.text)
    TIM_GetITStatus                          0x0800aa47   Thumb Code   186  stm32f4xx_tim.o(.text)
    TIM_ClearITPendingBit                    0x0800ab01   Thumb Code   108  stm32f4xx_tim.o(.text)
    TIM_DMAConfig                            0x0800ab6d   Thumb Code   328  stm32f4xx_tim.o(.text)
    TIM_DMACmd                               0x0800acb5   Thumb Code   126  stm32f4xx_tim.o(.text)
    TIM_SelectCCDMA                          0x0800ad33   Thumb Code    96  stm32f4xx_tim.o(.text)
    TIM_InternalClockConfig                  0x0800ad93   Thumb Code    76  stm32f4xx_tim.o(.text)
    TIM_SelectInputTrigger                   0x0800addf   Thumb Code   148  stm32f4xx_tim.o(.text)
    TIM_ITRxExternalClockConfig              0x0800ae73   Thumb Code   110  stm32f4xx_tim.o(.text)
    TIM_TIxExternalClockConfig               0x0800aee1   Thumb Code   184  stm32f4xx_tim.o(.text)
    TIM_ETRConfig                            0x0800af99   Thumb Code   164  stm32f4xx_tim.o(.text)
    TIM_ETRClockMode1Config                  0x0800b03d   Thumb Code   228  stm32f4xx_tim.o(.text)
    TIM_ETRClockMode2Config                  0x0800b121   Thumb Code   152  stm32f4xx_tim.o(.text)
    TIM_SelectOutputTrigger                  0x0800b1b9   Thumb Code   126  stm32f4xx_tim.o(.text)
    TIM_SelectSlaveMode                      0x0800b237   Thumb Code   112  stm32f4xx_tim.o(.text)
    TIM_SelectMasterSlaveMode                0x0800b2a7   Thumb Code   102  stm32f4xx_tim.o(.text)
    TIM_EncoderInterfaceConfig               0x0800b30d   Thumb Code   226  stm32f4xx_tim.o(.text)
    TIM_SelectHallSensor                     0x0800b3ef   Thumb Code   108  stm32f4xx_tim.o(.text)
    TIM_RemapConfig                          0x0800b45b   Thumb Code   138  stm32f4xx_tim.o(.text)
    USART_DeInit                             0x0800b4e5   Thumb Code   202  stm32f4xx_usart.o(.text)
    USART_Init                               0x0800b5af   Thumb Code   456  stm32f4xx_usart.o(.text)
    USART_StructInit                         0x0800b777   Thumb Code    24  stm32f4xx_usart.o(.text)
    USART_ClockInit                          0x0800b78f   Thumb Code   166  stm32f4xx_usart.o(.text)
    USART_ClockStructInit                    0x0800b835   Thumb Code    12  stm32f4xx_usart.o(.text)
    USART_Cmd                                0x0800b841   Thumb Code    96  stm32f4xx_usart.o(.text)
    USART_SetPrescaler                       0x0800b8a1   Thumb Code   102  stm32f4xx_usart.o(.text)
    USART_OverSampling8Cmd                   0x0800b907   Thumb Code    94  stm32f4xx_usart.o(.text)
    USART_OneBitMethodCmd                    0x0800b965   Thumb Code    96  stm32f4xx_usart.o(.text)
    USART_SendData                           0x0800b9c5   Thumb Code    80  stm32f4xx_usart.o(.text)
    USART_ReceiveData                        0x0800ba15   Thumb Code    60  stm32f4xx_usart.o(.text)
    USART_SetAddress                         0x0800ba51   Thumb Code    88  stm32f4xx_usart.o(.text)
    USART_ReceiverWakeUpCmd                  0x0800baa9   Thumb Code    96  stm32f4xx_usart.o(.text)
    USART_WakeUpConfig                       0x0800bb09   Thumb Code    92  stm32f4xx_usart.o(.text)
    USART_LINBreakDetectLengthConfig         0x0800bb65   Thumb Code    90  stm32f4xx_usart.o(.text)
    USART_LINCmd                             0x0800bbbf   Thumb Code    96  stm32f4xx_usart.o(.text)
    USART_SendBreak                          0x0800bc1f   Thumb Code    62  stm32f4xx_usart.o(.text)
    USART_HalfDuplexCmd                      0x0800bc5d   Thumb Code    96  stm32f4xx_usart.o(.text)
    USART_SetGuardTime                       0x0800bcbd   Thumb Code    86  stm32f4xx_usart.o(.text)
    USART_SmartCardCmd                       0x0800bd13   Thumb Code    84  stm32f4xx_usart.o(.text)
    USART_SmartCardNACKCmd                   0x0800bd67   Thumb Code    84  stm32f4xx_usart.o(.text)
    USART_IrDAConfig                         0x0800bdbb   Thumb Code    90  stm32f4xx_usart.o(.text)
    USART_IrDACmd                            0x0800be15   Thumb Code    96  stm32f4xx_usart.o(.text)
    USART_DMACmd                             0x0800be75   Thumb Code   114  stm32f4xx_usart.o(.text)
    USART_ITConfig                           0x0800bee7   Thumb Code   260  stm32f4xx_usart.o(.text)
    USART_GetFlagStatus                      0x0800bfeb   Thumb Code   170  stm32f4xx_usart.o(.text)
    USART_ClearFlag                          0x0800c095   Thumb Code   158  stm32f4xx_usart.o(.text)
    USART_GetITStatus                        0x0800c133   Thumb Code   278  stm32f4xx_usart.o(.text)
    USART_ClearITPendingBit                  0x0800c249   Thumb Code   164  stm32f4xx_usart.o(.text)
    __aeabi_dadd                             0x0800c309   Thumb Code   322  dadd.o(.text)
    __aeabi_dsub                             0x0800c44b   Thumb Code     6  dadd.o(.text)
    __aeabi_drsub                            0x0800c451   Thumb Code     6  dadd.o(.text)
    __aeabi_dmul                             0x0800c457   Thumb Code   228  dmul.o(.text)
    __aeabi_i2d                              0x0800c53b   Thumb Code    34  dflti.o(.text)
    __aeabi_cdcmpeq                          0x0800c55d   Thumb Code     0  cdcmple.o(.text)
    __aeabi_cdcmple                          0x0800c55d   Thumb Code    48  cdcmple.o(.text)
    __aeabi_cdrcmple                         0x0800c58d   Thumb Code    48  cdrcmple.o(.text)
    __aeabi_d2f                              0x0800c5bd   Thumb Code    56  d2f.o(.text)
    __aeabi_llsl                             0x0800c5f5   Thumb Code    30  llshl.o(.text)
    _ll_shift_l                              0x0800c5f5   Thumb Code     0  llshl.o(.text)
    __aeabi_lasr                             0x0800c613   Thumb Code    36  llsshr.o(.text)
    _ll_sshift_r                             0x0800c613   Thumb Code     0  llsshr.o(.text)
    __I$use$fp                               0x0800c637   Thumb Code     0  iusefp.o(.text)
    _float_round                             0x0800c637   Thumb Code    18  fepilogue.o(.text)
    _float_epilogue                          0x0800c649   Thumb Code    92  fepilogue.o(.text)
    _double_round                            0x0800c6a5   Thumb Code    30  depilogue.o(.text)
    _double_epilogue                         0x0800c6c3   Thumb Code   156  depilogue.o(.text)
    __scatterload                            0x0800c761   Thumb Code    28  init.o(.text)
    __scatterload_rt2                        0x0800c761   Thumb Code     0  init.o(.text)
    __aeabi_llsr                             0x0800c785   Thumb Code    32  llushr.o(.text)
    _ll_ushift_r                             0x0800c785   Thumb Code     0  llushr.o(.text)
    __decompress                             0x0800c7a5   Thumb Code     0  __dczerorl2.o(.text)
    __decompress1                            0x0800c7a5   Thumb Code    86  __dczerorl2.o(.text)
    __scatterload_copy                       0x0800c7fb   Thumb Code    14  handlers.o(i.__scatterload_copy)
    __scatterload_null                       0x0800c809   Thumb Code     2  handlers.o(i.__scatterload_null)
    __scatterload_zeroinit                   0x0800c80b   Thumb Code    14  handlers.o(i.__scatterload_zeroinit)
    fast_atan_table                          0x0800c818   Data        1028  ano_math.o(.constdata)
    Region$$Table$$Base                      0x0800ceb0   Number         0  anon$$obj.o(Region$$Table)
    Region$$Table$$Limit                     0x0800ced0   Number         0  anon$$obj.o(Region$$Table)
    Task_time_dly_cnt_ms                     0x20000054   Data           2  user_task.o(.data)
    mission_step                             0x20000056   Data           1  user_task.o(.data)
    fc_bat                                   0x20000060   Data           4  ano_lx.o(.data)
    fc_att                                   0x20000064   Data           7  ano_lx.o(.data)
    fc_vel                                   0x2000006b   Data           6  ano_lx.o(.data)
    sti_fun                                  0x20000082   Data           2  lx_fc_state.o(.data)
    rol                                      0x20000088   Data           2  my_code.o(.data)
    pit                                      0x2000008a   Data           2  my_code.o(.data)
    yaw                                      0x2000008c   Data           2  my_code.o(.data)
    yaw_now                                  0x2000008e   Data           2  my_code.o(.data)
    yaw_last                                 0x20000090   Data           2  my_code.o(.data)
    yaw_round                                0x20000092   Data           2  my_code.o(.data)
    vel_x                                    0x20000094   Data           2  my_code.o(.data)
    vel_y                                    0x20000096   Data           2  my_code.o(.data)
    vel_z                                    0x20000098   Data           2  my_code.o(.data)
    hight                                    0x2000009c   Data           4  my_code.o(.data)
    dis_x                                    0x200000a0   Data           4  my_code.o(.data)
    dis_y                                    0x200000a4   Data           4  my_code.o(.data)
    hight_target                             0x200000a8   Data           4  my_code.o(.data)
    dis_x_target                             0x200000ac   Data           4  my_code.o(.data)
    dis_y_target                             0x200000b0   Data           4  my_code.o(.data)
    my_give_vel_x                            0x200000b4   Data           4  my_code.o(.data)
    my_give_vel_y                            0x200000b8   Data           4  my_code.o(.data)
    my_give_vel_z                            0x200000bc   Data           4  my_code.o(.data)
    yaw_record                               0x200000c0   Data           4  my_code.o(.data)
    my_code_control_flag                     0x200000c4   Data           4  my_code.o(.data)
    keep_hight_flag                          0x200000c8   Data           4  my_code.o(.data)
    cnt                                      0x200000cc   Data           4  my_code.o(.data)
    pvt_receive_updata                       0x200000ea   Data           1  drv_ubloxgps.o(.data)
    fre_test_cnt                             0x200000ec   Data           2  drv_ubloxgps.o(.data)
    Period_Out_H                             0x200000ee   Data          14  drv_ubloxgps.o(.data)
    Period_Out_L                             0x200000fc   Data          14  drv_ubloxgps.o(.data)
    Pulse_Period                             0x2000010a   Data          28  drv_ubloxgps.o(.data)
    Baud115200                               0x20000126   Data          28  drv_ubloxgps.o(.data)
    Save_Con                                 0x20000142   Data          21  drv_ubloxgps.o(.data)
    POLLSH_SET                               0x20000157   Data          11  drv_ubloxgps.o(.data)
    SOL_SET                                  0x20000162   Data          11  drv_ubloxgps.o(.data)
    VELNED_SET                               0x2000016d   Data          11  drv_ubloxgps.o(.data)
    TIMEUTC_SET                              0x20000178   Data          11  drv_ubloxgps.o(.data)
    DOP_SET                                  0x20000183   Data          11  drv_ubloxgps.o(.data)
    PVT_SET                                  0x2000018e   Data          11  drv_ubloxgps.o(.data)
    pvt_recerve_ok_cnt                       0x2000019e   Data           1  drv_ubloxgps.o(.data)
    led                                      0x200001a8   Data           4  drv_led.o(.data)
    Tx1Counter                               0x200001b8   Data           1  drv_uart.o(.data)
    count1                                   0x200001b9   Data           1  drv_uart.o(.data)
    U1RxInCnt                                0x200001ba   Data           1  drv_uart.o(.data)
    U1RxoutCnt                               0x200001bb   Data           1  drv_uart.o(.data)
    TxCounter                                0x200001bc   Data           1  drv_uart.o(.data)
    count                                    0x200001bd   Data           1  drv_uart.o(.data)
    U2RxInCnt                                0x200001be   Data           1  drv_uart.o(.data)
    U2RxoutCnt                               0x200001bf   Data           1  drv_uart.o(.data)
    Tx3Counter                               0x200001c0   Data           1  drv_uart.o(.data)
    count3                                   0x200001c1   Data           1  drv_uart.o(.data)
    U3RxInCnt                                0x200001c2   Data           1  drv_uart.o(.data)
    U3RxoutCnt                               0x200001c3   Data           1  drv_uart.o(.data)
    Tx4Counter                               0x200001c4   Data           1  drv_uart.o(.data)
    count4                                   0x200001c5   Data           1  drv_uart.o(.data)
    U4RxInCnt                                0x200001c6   Data           1  drv_uart.o(.data)
    U4RxoutCnt                               0x200001c7   Data           1  drv_uart.o(.data)
    Tx5Counter                               0x200001c8   Data           1  drv_uart.o(.data)
    count5                                   0x200001c9   Data           1  drv_uart.o(.data)
    U5RxInCnt                                0x200001ca   Data           1  drv_uart.o(.data)
    U5RxoutCnt                               0x200001cb   Data           1  drv_uart.o(.data)
    SystemCoreClock                          0x200001cc   Data           4  system_stm32f4xx.o(.data)
    AHBPrescTable                            0x200001d0   Data          16  system_stm32f4xx.o(.data)
    send_buffer                              0x200001f0   Data          50  ano_dt_lx.o(.bss)
    dt                                       0x20000224   Data        1564  ano_dt_lx.o(.bss)
    rt_tar                                   0x20000940   Data          14  ano_lx.o(.bss)
    pwm_to_esc                               0x2000094e   Data          16  ano_lx.o(.bss)
    fc_att_qua                               0x2000095e   Data           9  ano_lx.o(.bss)
    ext_sens                                 0x20000978   Data          48  lx_fc_ext_sensor.o(.bss)
    fc_sta                                   0x200009a8   Data          11  lx_fc_state.o(.bss)
    rc_in                                    0x200009b4   Data          82  drv_bsp.o(.bss)
    ano_of                                   0x20000a20   Data          60  drv_anoof.o(.bss)
    ubx                                      0x20000a9c   Data         100  drv_ubloxgps.o(.bss)
    AdcValue                                 0x20000b00   Data         100  drv_adc.o(.bss)
    Tx1Buffer                                0x20000b64   Data         256  drv_uart.o(.bss)
    U1RxDataTmp                              0x20000c64   Data         100  drv_uart.o(.bss)
    TxBuffer                                 0x20000cc8   Data         256  drv_uart.o(.bss)
    U2RxDataTmp                              0x20000dc8   Data         100  drv_uart.o(.bss)
    Tx3Buffer                                0x20000e2c   Data         256  drv_uart.o(.bss)
    U3RxDataTmp                              0x20000f2c   Data         100  drv_uart.o(.bss)
    Tx4Buffer                                0x20000f90   Data         256  drv_uart.o(.bss)
    U4RxDataTmp                              0x20001090   Data         100  drv_uart.o(.bss)
    Tx5Buffer                                0x200010f4   Data         256  drv_uart.o(.bss)
    U5RxDataTmp                              0x200011f4   Data         100  drv_uart.o(.bss)
    __initial_sp                             0x20001a58   Data           0  startup_stm32f4xx.o(STACK)



==============================================================================

Memory Map of the image

  Image Entry point : 0x08000189

  Load Region LR_IROM1 (Base: 0x08000000, Size: 0x0000d0c0, Max: 0x00100000, ABSOLUTE, COMPRESSED[0x0000cf78])

    Execution Region ER_IROM1 (Exec base: 0x08000000, Load base: 0x08000000, Size: 0x0000ced0, Max: 0x00100000, ABSOLUTE)

    Exec Addr    Load Addr    Size         Type   Attr      Idx    E Section Name        Object

    0x08000000   0x08000000   0x00000188   Data   RO          594    RESET               startup_stm32f4xx.o
    0x08000188   0x08000188   0x00000000   Code   RO          793  * .ARM.Collect$$$$00000000  mc_w.l(entry.o)
    0x08000188   0x08000188   0x00000004   Code   RO          808    .ARM.Collect$$$$00000001  mc_w.l(entry2.o)
    0x0800018c   0x0800018c   0x00000004   Code   RO          811    .ARM.Collect$$$$00000004  mc_w.l(entry5.o)
    0x08000190   0x08000190   0x00000000   Code   RO          813    .ARM.Collect$$$$00000008  mc_w.l(entry7b.o)
    0x08000190   0x08000190   0x00000000   Code   RO          815    .ARM.Collect$$$$0000000A  mc_w.l(entry8b.o)
    0x08000190   0x08000190   0x00000008   Code   RO          816    .ARM.Collect$$$$0000000B  mc_w.l(entry9a.o)
    0x08000198   0x08000198   0x00000004   Code   RO          823    .ARM.Collect$$$$0000000E  mc_w.l(entry12b.o)
    0x0800019c   0x0800019c   0x00000000   Code   RO          818    .ARM.Collect$$$$0000000F  mc_w.l(entry10a.o)
    0x0800019c   0x0800019c   0x00000000   Code   RO          820    .ARM.Collect$$$$00000011  mc_w.l(entry11a.o)
    0x0800019c   0x0800019c   0x00000004   Code   RO          809    .ARM.Collect$$$$00002712  mc_w.l(entry2.o)
    0x080001a0   0x080001a0   0x00000014   Code   RO            2    .text               main.o
    0x080001b4   0x080001b4   0x000000cc   Code   RO          112    .text               ano_scheduler.o
    0x08000280   0x08000280   0x000001fc   Code   RO          138    .text               user_task.o
    0x0800047c   0x0800047c   0x00000794   Code   RO          166    .text               ano_dt_lx.o
    0x08000c10   0x08000c10   0x000004ec   Code   RO          205    .text               ano_lx.o
    0x080010fc   0x080010fc   0x000000e4   Code   RO          252    .text               lx_fc_ext_sensor.o
    0x080011e0   0x080011e0   0x000003e4   Code   RO          275    .text               lx_fc_fun.o
    0x080015c4   0x080015c4   0x00000284   Code   RO          292    .text               lx_fc_state.o
    0x08001848   0x08001848   0x00000238   Code   RO          315    .text               my_code.o
    0x08001a80   0x08001a80   0x000004d4   Code   RO          337    .text               drv_bsp.o
    0x08001f54   0x08001f54   0x0000087c   Code   RO          363    .text               ano_math.o
    0x080027d0   0x080027d0   0x00000340   Code   RO          385    .text               drv_anoof.o
    0x08002b10   0x08002b10   0x000003a8   Code   RO          408    .text               drv_ubloxgps.o
    0x08002eb8   0x08002eb8   0x0000007c   Code   RO          428    .text               stm32f4xx_it.o
    0x08002f34   0x08002f34   0x00000108   Code   RO          444    .text               drv_sys.o
    0x0800303c   0x0800303c   0x00000194   Code   RO          472    .text               drv_adc.o
    0x080031d0   0x080031d0   0x0000011c   Code   RO          494    .text               drv_led.o
    0x080032ec   0x080032ec   0x0000037c   Code   RO          516    .text               drv_pwmout.o
    0x08003668   0x08003668   0x000001e4   Code   RO          532    .text               drv_rcin.o
    0x0800384c   0x0800384c   0x0000008c   Code   RO          549    .text               drv_timer.o
    0x080038d8   0x080038d8   0x00000a50   Code   RO          569    .text               drv_uart.o
    0x08004328   0x08004328   0x00000024   Code   RO          595    .text               startup_stm32f4xx.o
    0x0800434c   0x0800434c   0x00000210   Code   RO          600    .text               system_stm32f4xx.o
    0x0800455c   0x0800455c   0x000001c0   Code   RO          622    .text               misc.o
    0x0800471c   0x0800471c   0x00000fdc   Code   RO          639    .text               stm32f4xx_adc.o
    0x080056f8   0x080056f8   0x00001368   Code   RO          656    .text               stm32f4xx_dma.o
    0x08006a60   0x08006a60   0x000002d4   Code   RO          673    .text               stm32f4xx_exti.o
    0x08006d34   0x08006d34   0x000008c8   Code   RO          707    .text               stm32f4xx_gpio.o
    0x080075fc   0x080075fc   0x00000cfc   Code   RO          724    .text               stm32f4xx_rcc.o
    0x080082f8   0x080082f8   0x000031ec   Code   RO          760    .text               stm32f4xx_tim.o
    0x0800b4e4   0x0800b4e4   0x00000e24   Code   RO          777    .text               stm32f4xx_usart.o
    0x0800c308   0x0800c308   0x0000014e   Code   RO          796    .text               mf_w.l(dadd.o)
    0x0800c456   0x0800c456   0x000000e4   Code   RO          798    .text               mf_w.l(dmul.o)
    0x0800c53a   0x0800c53a   0x00000022   Code   RO          800    .text               mf_w.l(dflti.o)
    0x0800c55c   0x0800c55c   0x00000030   Code   RO          802    .text               mf_w.l(cdcmple.o)
    0x0800c58c   0x0800c58c   0x00000030   Code   RO          804    .text               mf_w.l(cdrcmple.o)
    0x0800c5bc   0x0800c5bc   0x00000038   Code   RO          806    .text               mf_w.l(d2f.o)
    0x0800c5f4   0x0800c5f4   0x0000001e   Code   RO          824    .text               mc_w.l(llshl.o)
    0x0800c612   0x0800c612   0x00000024   Code   RO          826    .text               mc_w.l(llsshr.o)
    0x0800c636   0x0800c636   0x00000000   Code   RO          828    .text               mc_w.l(iusefp.o)
    0x0800c636   0x0800c636   0x0000006e   Code   RO          829    .text               mf_w.l(fepilogue.o)
    0x0800c6a4   0x0800c6a4   0x000000ba   Code   RO          831    .text               mf_w.l(depilogue.o)
    0x0800c75e   0x0800c75e   0x00000002   PAD
    0x0800c760   0x0800c760   0x00000024   Code   RO          833    .text               mc_w.l(init.o)
    0x0800c784   0x0800c784   0x00000020   Code   RO          835    .text               mc_w.l(llushr.o)
    0x0800c7a4   0x0800c7a4   0x00000056   Code   RO          845    .text               mc_w.l(__dczerorl2.o)
    0x0800c7fa   0x0800c7fa   0x0000000e   Code   RO          839    i.__scatterload_copy  mc_w.l(handlers.o)
    0x0800c808   0x0800c808   0x00000002   Code   RO          840    i.__scatterload_null  mc_w.l(handlers.o)
    0x0800c80a   0x0800c80a   0x0000000e   Code   RO          841    i.__scatterload_zeroinit  mc_w.l(handlers.o)
    0x0800c818   0x0800c818   0x00000404   Data   RO          364    .constdata          ano_math.o
    0x0800cc1c   0x0800cc1c   0x00000048   Data   RO          623    .conststring        misc.o
    0x0800cc64   0x0800cc64   0x00000051   Data   RO          640    .conststring        stm32f4xx_adc.o
    0x0800ccb5   0x0800ccb5   0x00000003   PAD
    0x0800ccb8   0x0800ccb8   0x00000051   Data   RO          657    .conststring        stm32f4xx_dma.o
    0x0800cd09   0x0800cd09   0x00000003   PAD
    0x0800cd0c   0x0800cd0c   0x00000052   Data   RO          674    .conststring        stm32f4xx_exti.o
    0x0800cd5e   0x0800cd5e   0x00000002   PAD
    0x0800cd60   0x0800cd60   0x00000052   Data   RO          708    .conststring        stm32f4xx_gpio.o
    0x0800cdb2   0x0800cdb2   0x00000002   PAD
    0x0800cdb4   0x0800cdb4   0x00000051   Data   RO          725    .conststring        stm32f4xx_rcc.o
    0x0800ce05   0x0800ce05   0x00000003   PAD
    0x0800ce08   0x0800ce08   0x00000051   Data   RO          761    .conststring        stm32f4xx_tim.o
    0x0800ce59   0x0800ce59   0x00000003   PAD
    0x0800ce5c   0x0800ce5c   0x00000053   Data   RO          778    .conststring        stm32f4xx_usart.o
    0x0800ceaf   0x0800ceaf   0x00000001   PAD
    0x0800ceb0   0x0800ceb0   0x00000020   Data   RO          837    Region$$Table       anon$$obj.o


    Execution Region RW_IRAM1 (Exec base: 0x20000000, Load base: 0x0800ced0, Size: 0x00001a58, Max: 0x00020000, ABSOLUTE, COMPRESSED[0x000000a8])

    Exec Addr    Load Addr    Size         Type   Attr      Idx    E Section Name        Object

    0x20000000   COMPRESSED   0x00000054   Data   RW          113    .data               ano_scheduler.o
    0x20000054   COMPRESSED   0x00000005   Data   RW          139    .data               user_task.o
    0x20000059   COMPRESSED   0x00000006   Data   RW          168    .data               ano_dt_lx.o
    0x2000005f   COMPRESSED   0x00000001   PAD
    0x20000060   COMPRESSED   0x0000001c   Data   RW          207    .data               ano_lx.o
    0x2000007c   COMPRESSED   0x00000004   Data   RW          254    .data               lx_fc_ext_sensor.o
    0x20000080   COMPRESSED   0x00000001   Data   RW          276    .data               lx_fc_fun.o
    0x20000081   COMPRESSED   0x00000001   PAD
    0x20000082   COMPRESSED   0x00000006   Data   RW          294    .data               lx_fc_state.o
    0x20000088   COMPRESSED   0x0000004c   Data   RW          316    .data               my_code.o
    0x200000d4   COMPRESSED   0x00000013   Data   RW          339    .data               drv_bsp.o
    0x200000e7   COMPRESSED   0x00000003   Data   RW          387    .data               drv_anoof.o
    0x200000ea   COMPRESSED   0x000000b6   Data   RW          410    .data               drv_ubloxgps.o
    0x200001a0   COMPRESSED   0x00000008   Data   RW          445    .data               drv_sys.o
    0x200001a8   COMPRESSED   0x0000000c   Data   RW          495    .data               drv_led.o
    0x200001b4   COMPRESSED   0x00000004   Data   RW          533    .data               drv_rcin.o
    0x200001b8   COMPRESSED   0x00000014   Data   RW          571    .data               drv_uart.o
    0x200001cc   COMPRESSED   0x00000014   Data   RW          601    .data               system_stm32f4xx.o
    0x200001e0   COMPRESSED   0x00000010   Data   RW          726    .data               stm32f4xx_rcc.o
    0x200001f0        -       0x00000750   Zero   RW          167    .bss                ano_dt_lx.o
    0x20000940        -       0x00000038   Zero   RW          206    .bss                ano_lx.o
    0x20000978        -       0x00000030   Zero   RW          253    .bss                lx_fc_ext_sensor.o
    0x200009a8        -       0x0000000b   Zero   RW          293    .bss                lx_fc_state.o
    0x200009b3   COMPRESSED   0x00000001   PAD
    0x200009b4        -       0x0000006b   Zero   RW          338    .bss                drv_bsp.o
    0x20000a1f   COMPRESSED   0x00000001   PAD
    0x20000a20        -       0x0000007c   Zero   RW          386    .bss                drv_anoof.o
    0x20000a9c        -       0x00000064   Zero   RW          409    .bss                drv_ubloxgps.o
    0x20000b00        -       0x00000064   Zero   RW          473    .bss                drv_adc.o
    0x20000b64        -       0x000006f4   Zero   RW          570    .bss                drv_uart.o
    0x20001258        -       0x00000800   Zero   RW          592    STACK               startup_stm32f4xx.o


==============================================================================

Image component sizes


      Code (inc. data)   RO Data    RW Data    ZI Data      Debug   Object Name

      1940         84          0          6       1872       6170   ano_dt_lx.o
      1260        118          0         28         56       5302   ano_lx.o
      2172        142       1028          0          0       7734   ano_math.o
       204          8          0         84          0       1952   ano_scheduler.o
       404         36          0          0        100       1861   drv_adc.o
       832         36          0          3        124       3046   drv_anoof.o
      1236         62          0         19        107       3526   drv_bsp.o
       284         12          0         12          0       2482   drv_led.o
       892         38          0          0          0       1803   drv_pwmout.o
       484         20          0          4          0       1440   drv_rcin.o
       264         12          0          8          0      20305   drv_sys.o
       140          4          0          0          0        915   drv_timer.o
      2640        170          0         20       1780       8979   drv_uart.o
       936         82          0        182        100       3387   drv_ubloxgps.o
       228         30          0          4         48       2583   lx_fc_ext_sensor.o
       996         14          0          1          0       3673   lx_fc_fun.o
       644         30          0          6         11       2003   lx_fc_state.o
        20          0          0          0          0     299389   main.o
       448         30         72          0          0       2269   misc.o
       568         96          0         76          0       2872   my_code.o
        36          8        392          0       2048        952   startup_stm32f4xx.o
      4060        104         81          0          0      13582   stm32f4xx_adc.o
      4968        316         81          0          0       9197   stm32f4xx_dma.o
       724         14         82          0          0       2943   stm32f4xx_exti.o
      2248         86         82          0          0       5645   stm32f4xx_gpio.o
       124          4          0          0          0       2318   stm32f4xx_it.o
      3324        218         81         16          0      13779   stm32f4xx_rcc.o
     12780        628         81          0          0      31440   stm32f4xx_tim.o
      3620        116         83          0          0      10312   stm32f4xx_usart.o
       528         46          0         20          0       2175   system_stm32f4xx.o
       508         70          0          5          0       1073   user_task.o

    ----------------------------------------------------------------------
     49512       2634       2112        496       6248     475107   Object Totals
         0          0         32          0          0          0   (incl. Generated)
         0          0         17          2          2          0   (incl. Padding)

    ----------------------------------------------------------------------

      Code (inc. data)   RO Data    RW Data    ZI Data      Debug   Library Member Name

        86          0          0          0          0          0   __dczerorl2.o
         0          0          0          0          0          0   entry.o
         0          0          0          0          0          0   entry10a.o
         0          0          0          0          0          0   entry11a.o
         4          0          0          0          0          0   entry12b.o
         8          4          0          0          0          0   entry2.o
         4          0          0          0          0          0   entry5.o
         0          0          0          0          0          0   entry7b.o
         0          0          0          0          0          0   entry8b.o
         8          4          0          0          0          0   entry9a.o
        30          0          0          0          0          0   handlers.o
        36          8          0          0          0         68   init.o
         0          0          0          0          0          0   iusefp.o
        30          0          0          0          0         68   llshl.o
        36          0          0          0          0         68   llsshr.o
        32          0          0          0          0         68   llushr.o
        48          0          0          0          0         68   cdcmple.o
        48          0          0          0          0         68   cdrcmple.o
        56          0          0          0          0         88   d2f.o
       334          0          0          0          0        148   dadd.o
       186          0          0          0          0        176   depilogue.o
        34          0          0          0          0         76   dflti.o
       228          0          0          0          0         96   dmul.o
       110          0          0          0          0        168   fepilogue.o

    ----------------------------------------------------------------------
      1320         16          0          0          0       1160   Library Totals
         2          0          0          0          0          0   (incl. Padding)

    ----------------------------------------------------------------------

      Code (inc. data)   RO Data    RW Data    ZI Data      Debug   Library Name

       274         16          0          0          0        272   mc_w.l
      1044          0          0          0          0        888   mf_w.l

    ----------------------------------------------------------------------
      1320         16          0          0          0       1160   Library Totals

    ----------------------------------------------------------------------

==============================================================================


      Code (inc. data)   RO Data    RW Data    ZI Data      Debug   

     50832       2650       2112        496       6248     470631   Grand Totals
     50832       2650       2112        168       6248     470631   ELF Image Totals (compressed)
     50832       2650       2112        168          0          0   ROM Totals

==============================================================================

    Total RO  Size (Code + RO Data)                52944 (  51.70kB)
    Total RW  Size (RW Data + ZI Data)              6744 (   6.59kB)
    Total ROM Size (Code + RO Data + RW Data)      53112 (  51.87kB)

==============================================================================

